06-20 02:03:54.179  1256  1291 D Embryo_Uterus: Embryo created.com.google.android.youtube, pid=7277
06-20 02:03:54.187  7277  7277 E android.youtub: Not starting debugger since process cannot load the jdwp agent.
06-20 02:03:54.203  1256  3442 D EmbryoManager: Embryo attached, pid=7277
06-20 02:03:54.211  7277  7289 I android.youtub: The ClassLoaderContext is a special shared library.
06-20 02:03:54.228  7277  7289 I android.youtub: The ClassLoaderContext is a special shared library.
06-20 02:03:54.233  7264  7264 I Perf    : Connecting to perf service.
06-20 02:03:54.226  7264  7264 W embryo  : type=1400 audit(0.0:46530): avc: denied { map } for path="/dev/__properties__/u:object_r:vendor_default_prop:s0" dev="tmpfs" ino=16126 scontext=u:r:untrusted_app:s0:c98,c256,c512,c768 tcontext=u:object_r:vendor_default_prop:s0 tclass=file permissive=0
06-20 02:03:54.239  7264  7264 V FlingOptimizerScroller: FlingOptimizerOverScroller Init
06-20 02:03:54.245  7264  7264 E libc    : Access denied finding property "persist.vendor.hwui.skia.multithread.enabled"
06-20 02:03:54.245  7264  7264 E libc    : Access denied finding property "persist.vendor.hwui.skia.reduce.overdraw.enabled"
06-20 02:03:54.236  7264  7264 W embryo  : type=1400 audit(0.0:46531): avc: denied { map } for path="/dev/__properties__/u:object_r:vendor_default_prop:s0" dev="tmpfs" ino=16126 scontext=u:r:untrusted_app:s0:c98,c256,c512,c768 tcontext=u:object_r:vendor_default_prop:s0 tclass=file permissive=0
06-20 02:03:54.245  7264  7264 D Embryo  : preload com.android.chrome, 53ms, hwui=true, layout=true, decor=false
06-20 02:03:54.248  1256  3462 D Embryo_Uterus: get preload status from 7264, success=true
06-20 02:03:54.264  7277  7289 W android.youtub: JIT profile information will not be recorded: profile file does not exits.
06-20 02:03:54.267  1256  1291 I ActivityManager: Start proc 7292:com.android.vending/u0a22 for embryo com.android.vending
06-20 02:03:54.267  1256  1291 D Embryo_Uterus: Embryo created.com.android.vending, pid=7292
06-20 02:03:54.278  7292  7292 E android.vendin: Not starting debugger since process cannot load the jdwp agent.
06-20 02:03:54.276  7277  7277 W embryo  : type=1400 audit(0.0:46532): avc: denied { map } for path="/dev/__properties__/u:object_r:vendor_default_prop:s0" dev="tmpfs" ino=16126 scontext=u:r:untrusted_app:s0:c106,c256,c512,c768 tcontext=u:object_r:vendor_default_prop:s0 tclass=file permissive=0
06-20 02:03:54.276  7277  7277 W embryo  : type=1400 audit(0.0:46533): avc: denied { map } for path="/dev/__properties__/u:object_r:vendor_default_prop:s0" dev="tmpfs" ino=16126 scontext=u:r:untrusted_app:s0:c106,c256,c512,c768 tcontext=u:object_r:vendor_default_prop:s0 tclass=file permissive=0
06-20 02:03:54.285  7277  7277 E libc    : Access denied finding property "persist.vendor.hwui.skia.multithread.enabled"
06-20 02:03:54.285  7277  7277 E libc    : Access denied finding property "persist.vendor.hwui.skia.reduce.overdraw.enabled"
06-20 02:03:54.287  7277  7277 D Embryo  : preload com.google.android.youtube, 8ms, hwui=true, layout=false, decor=false
06-20 02:03:54.289  1256  3462 D Embryo_Uterus: get preload status from 7277, success=true
06-20 02:03:54.295  1256  3462 D EmbryoManager: Embryo attached, pid=7292
06-20 02:03:54.302  7292  7305 I android.vendin: The ClassLoaderContext is a special shared library.
06-20 02:03:54.315  7292  7305 I android.vendin: The ClassLoaderContext is a special shared library.
06-20 02:03:54.346  7292  7292 W embryo  : type=1400 audit(0.0:46534): avc: denied { map } for path="/dev/__properties__/u:object_r:vendor_default_prop:s0" dev="tmpfs" ino=16126 scontext=u:r:priv_app:s0:c512,c768 tcontext=u:object_r:vendor_default_prop:s0 tclass=file permissive=0
06-20 02:03:54.359  7292  7292 E libc    : Access denied finding property "persist.vendor.hwui.skia.multithread.enabled"
06-20 02:03:54.359  7292  7292 E libc    : Access denied finding property "persist.vendor.hwui.skia.reduce.overdraw.enabled"
06-20 02:03:54.360  7292  7292 D Embryo  : preload com.android.vending, 7ms, hwui=true, layout=false, decor=false
06-20 02:03:54.361  1256  3462 D Embryo_Uterus: get preload status from 7292, success=true
06-20 02:03:54.797  1256  1491 D WindowManager: powerPress: eventTime=128375859 interactive=true count=1 beganFromNonInteractive=false mShortPressOnPowerBehavior=1
06-20 02:03:54.797  1256  1491 D DisplayManagerService: setWakingupReason: 
06-20 02:03:54.798  1256  1491 I PowerManagerService: Going to sleep due to power button (uid 1000)...
06-20 02:03:54.798  1256  1256 W UsageStatsService: Event reported without a package name
06-20 02:03:54.798  1256  1317 I DisplayPowerController: useProximityForceSuspend = false
06-20 02:03:54.799  1256  1256 I WindowManager: Started going to sleep... (why=2)
06-20 02:03:54.799  1758 20796 D KeyguardViewMediator: onStartedGoingToSleep(2)
06-20 02:03:54.802  1758 20796 I KeyguardViewMediator: getLockTimeout lockAfterTimeout:5000 policyTimeout:0 displayTimeout:121000
06-20 02:03:54.803  1758 20796 D KeyguardViewMediator: onStartedGoingToSleep: mShowing=false, isKeyguardDone=true, lockImmediately=true
06-20 02:03:54.809  1758  1758 D FingerprintController: resetMode
06-20 02:03:54.809  1758  1758 D StatusBarWindowManager: applyFocusableFlag: false, false, false, 81840048
06-20 02:03:54.809  1758  1758 I StatusBarWindowManager: applyExpandedFlag expanded:false isCameraLaunched:false
06-20 02:03:54.809  1758  1758 D StatusBarWindowManager: applyNotTouchable: false, isScrimPlaying:false
06-20 02:03:54.809  1758  1758 D KeyguardViewMediator: not set backdrop alpha
06-20 02:03:54.809  1758  2031 D AudioTrack: set(): streamType 1, sampleRate 44100, format 0x1, channelMask 0x3, frameCount 0, flags #4, notificationFrames 0, sessionId 0, transferType 0, uid -1, pid -1
06-20 02:03:54.809  1758  2378 D OPFacelockController: not stop facelock, active:false
06-20 02:03:54.809  1758  1758 D FingerprintDialogView: Exception e = android.provider.Settings$SettingNotFoundException: accessibility_display_inversion_enabled
06-20 02:03:54.810  1758  1758 D KeyguardUpdateMonitor: showFPDialogWhenNoWindow
06-20 02:03:54.810  1758  1758 D FingerprintDialogImpl: authenticatedPkg=forceShow-keyguard
06-20 02:03:54.810  1758  1758 D FingerprintDialogView: fp client to forceShow-keyguard
06-20 02:03:54.810  1758  1758 D FingerprintAnimationCtrl:  updateanimationRes to 0
06-20 02:03:54.810  1758  1758 D FingerprintDialogView: fp client to forceShow-keyguard
06-20 02:03:54.810   790  5420 I APM_AudioPolicyManager: getOutputForAttr() strategy 0, device 0x2, sampling rate 44100, format 0x1, channel mask 0x3, flags 0x4
06-20 02:03:54.811   790  5420 D AudioPolicyManagerCustom: getOutputForDevice() returns output 13 flag 0x4
06-20 02:03:54.811  1758  1758 D FingerprintAnimationCtrl:  updateanimationRes to 0
06-20 02:03:54.811   790  5420 I AudioFlinger: latencyMs:0,frameCount:9989.
06-20 02:03:54.811   790  5420 D AudioFlinger: AudioOut_D createTrack_l() stmType 1,typeVolume 0.278047,mute 0,fc 9989,sId 18569, flags 0
06-20 02:03:54.811   790  5420 D AudioFlinger: Creating track with 39956 buffers bytes.format 1,mFrameSize 4,mFrameCount 9989,roundup(frameCount) 16384
06-20 02:03:54.811   790  5420 D HalHidl : getParameters() keys is_direct_pcm_track, 
06-20 02:03:54.812  1758  2031 W AudioTrack: AUDIO_OUTPUT_FLAG_FAST denied by server; frameCount 0 -> 9989
06-20 02:03:54.812  1758  2031 D AudioTrack: Uid 10025 AudioTrack::setVolume left 0.501187 right 0.501187
06-20 02:03:54.812   790  1307 D APM_AudioPolicyManager: startOutput() output 13, stream 1, session 18569
06-20 02:03:54.812   790  1307 I APM_AudioPolicyManager: isStrategyActive: strategy:0,stream:1
06-20 02:03:54.812   790  1307 I APM_AudioPolicyManager: getNewOutputDevice() selected device 2
06-20 02:03:54.813  1758  2128 E libc    : Access denied finding property "persist.vendor.fps.history.enabled"
06-20 02:03:54.814   730  1301 D DlbDlbEffect: handle_EFFECT_CMD_SET_DEVICE(device=0x00000002)
06-20 02:03:54.814   730  1301 D DlbDapEndpointParamCache: setDevice(device=0x00000002)
06-20 02:03:54.814   752   752 D DMSService: setActiveDevice called with device = 0x2
06-20 02:03:54.814   730  3250 D audio_hw_primary: out_set_parameters: enter: usecase(1: low-latency-playback) kvpairs: routing=2
06-20 02:03:54.814   730  3250 D audio_hw_extn: audio_extn_set_hac_parameters: hac_enabled:0
06-20 02:03:54.814   730  3250 D audio_hw_extn: audio_extn_set_anc_parameters: anc_enabled:0
06-20 02:03:54.814  1758  2128 E libc    : Access denied finding property "persist.vendor.hwui.skia.multithread.enabled"
06-20 02:03:54.814   730  3250 D audio_hw_spkr_prot: audio_extn_fbsp_set_parameters: Speaker protection disabled
06-20 02:03:54.814  1758  2128 E libc    : Access denied finding property "persist.vendor.hwui.skia.reduce.overdraw.enabled"
06-20 02:03:54.819   790  1306 I AudioFlinger: setStreamVolume() stream 0 value 1.000000 output 13
06-20 02:03:54.820   790  1306 I AudioFlinger: setStreamVolume() stream 1 value 0.278047 output 13
06-20 02:03:54.820   790  1306 I AudioFlinger: setStreamVolume() stream 2 value 0.367283 output 13
06-20 02:03:54.820   790  1306 I AudioFlinger: setStreamVolume() stream 3 value 0.147911 output 13
06-20 02:03:54.824   790  1306 I AudioFlinger: setStreamVolume() stream 4 value 1.000000 output 13
06-20 02:03:54.824   790  1306 I AudioFlinger: setStreamVolume() stream 5 value 0.367283 output 13
06-20 02:03:54.825   790  1306 I AudioFlinger: setStreamVolume() stream 7 value 0.278047 output 13
06-20 02:03:54.825   790  1306 I AudioFlinger: setStreamVolume() stream 8 value 0.393551 output 13
06-20 02:03:54.825   790  1306 I AudioFlinger: setStreamVolume() stream 9 value 1.000000 output 13
06-20 02:03:54.825   790  1306 I AudioFlinger: setStreamVolume() stream 10 value 0.745590 output 13
06-20 02:03:54.825   790  1306 I AudioFlinger: setStreamVolume() stream 11 value 1.000000 output 13
06-20 02:03:54.825   790  1307 D APM_AudioPolicyManager: startOutput()-- newDevice:0
06-20 02:03:54.826   790  1424 D AudioResampler: resampler create load 34 -> 68 MHz due to delta +34 MHz from quality 8
06-20 02:03:54.826   730  1301 D DlbDlbEffect: handle_EFFECT_CMD_SET_PARAM()
06-20 02:03:54.826   730  1301 D DlbEffectContext: setPregain(volume=2337840)
06-20 02:03:54.826   730  1301 D DlbEffectContext: transformExternalGain() fVol:0.139346 extVal:-273
06-20 02:03:54.826   730  1301 D DlbDapEndpointParamCache: commitChangedParams()
06-20 02:03:54.826   730  1301 D DlbDapEndpointParamCache: commit() Applying parameters for device 0x40000000
06-20 02:03:54.826   730  1301 D DlbDap2Process: setParam(preg = #1[-273])
06-20 02:03:54.826   730  1301 D DlbDapEndpointParamCache: doCommit() Committed 1 parameters out of 11.
06-20 02:03:54.826   730  1301 D DlbDapEndpointParamCache: commit() Overriding parameters for current device 0x00000002
06-20 02:03:54.826   730  1301 D DlbDapEndpointParamCache: doCommit() Committed 0 parameters out of 42.
06-20 02:03:54.828   730  4257 D DlbDlbBufferProvider: updateCapacity(): update capacity to 960
06-20 02:03:54.829   730  4257 D DlbCrossfadeProcess: process transitioning from PREROLL_ACTIVE state to FADE_TO_ACTIVE
06-20 02:03:54.829   730  3074 D audio_hw_primary: start_output_stream: enter: stream(0xef99e000)usecase(1: low-latency-playback) devices(0x2)
06-20 02:03:54.830   730  3074 D audio_hw_primary: select_devices for use case (low-latency-playback)
06-20 02:03:54.830   730  3074 I msm8974_platform: platform_get_output_snd_device: enter: output devices(0x2)
06-20 02:03:54.830   730  3074 D audio_hw_primary: select_devices: out_snd_device(10: speaker) in_snd_device(0: )
06-20 02:03:54.830   730  3074 D ultrasound_extn: ultrasound_select_devices_pre ultrasound_enabled:0 usecase(low-latency-playback), devices:2 in_snd_device(0, ), out_snd_device(10, speaker)
06-20 02:03:54.830   730  3074 D ultrasound_extn: dump_usecase_list: SDM660 enter sensor_activated:0 hw_port_enabled:0
06-20 02:03:54.830   730  3074 D ultrasound_extn: dump_usecase_list: SDM660 select_devices_pre usecase[#0]:(1, low-latency-playback) in_dev:(0, ) out_dv:(0, )
06-20 02:03:54.830   730  3074 I msm8974_platform: platform_check_and_set_codec_backend_cfg:becf: afe: bitwidth 16, samplerate 48000 channels 2, backend_idx 0 usecase = 1 device (speaker)
06-20 02:03:54.830   730  3074 D msm8974_platform: platform_split_snd_device: snd_device(10) num devices(1) new_snd_devices(0)
06-20 02:03:54.830   730  3074 I msm8974_platform: platform_check_and_set_codec_backend_cfg: new_snd_devices[0] is 10
06-20 02:03:54.830   730  3074 I msm8974_platform: platform_check_codec_backend_cfg:becf: afe: bitwidth 16, samplerate 48000 channels 2, backend_idx 0 usecase = 1 device (speaker)
06-20 02:03:54.830   730  3074 D msm8974_platform: platform_check_codec_backend_cfg:becf: afe: playback on codec device not supporting native playback set default Sample Rate(48k)
06-20 02:03:54.830   730  3074 I msm8974_platform: platform_check_codec_backend_cfg:becf: afe: Codec selected backend: 0 updated bit width: 16 and sample rate: 48000
06-20 02:03:54.830   730  3074 D audio_hw_primary: check_usecases_codec_backend:becf: force routing 0
06-20 02:03:54.830   730  3074 E msm8974_platform: platform_check_backends_match: Invalid snd_device = 
06-20 02:03:54.830   730  3074 D audio_hw_primary: check_usecases_codec_backend:becf: (85) check_usecases curr device: speaker, usecase device: backends match 0
06-20 02:03:54.830   730  3074 D audio_hw_primary: check_usecases_codec_backend:becf: check_usecases num.of Usecases to switch 0
06-20 02:03:54.830   730  3074 D msm8974_platform: platform_split_snd_device: snd_device(10) num devices(0) new_snd_devices(0)
06-20 02:03:54.830   730  3074 D hardware_info: hw_info_append_hw_type : device_name = speaker
06-20 02:03:54.830   730  3074 D msm8974_platform: platform_split_snd_device: snd_device(10) num devices(0) new_snd_devices(0)
06-20 02:03:54.830   730  3074 D audio_hw_primary: enable_snd_device: snd_device(10: speaker)
06-20 02:03:54.830   730  3074 I soundtrigger: audio_extn_sound_trigger_update_device_status: device 0xa of type 0 for Event 1, with Raise=0
06-20 02:03:54.830   730  3074 D audio_route: Apply path: speaker
06-20 02:03:54.830   730  3074 D hardware_info: hw_info_append_hw_type : device_name = vi-feedback
06-20 02:03:54.830   730  3074 D msm8974_platform: platform_split_snd_device: snd_device(151) num devices(0) new_snd_devices(-248474341)
06-20 02:03:54.830   730  3074 D audio_hw_primary: enable_snd_device: snd_device(151: vi-feedback)
06-20 02:03:54.830   730  3074 I soundtrigger: audio_extn_sound_trigger_update_device_status: device 0x97 of type 1 for Event 1, with Raise=0
06-20 02:03:54.830   730  3074 D audio_route: Apply path: vi-feedback
06-20 02:03:54.830   730  3074 D soundtrigger: audio_extn_sound_trigger_update_stream_status: uc_info->id 48 of type 1 for Event 3, with Raise=0
06-20 02:03:54.830   730  3074 D audio_hw_utils: audio_extn_utils_send_app_type_cfg: usecase->in_snd_device vi-feedback
06-20 02:03:54.830   730  3074 E voice   : voice_is_in_call_rec_stream: input stream is NULL
06-20 02:03:54.830   730  3074 D msm8974_platform: platform_split_snd_device: snd_device(151) num devices(0) new_snd_devices(0)
06-20 02:03:54.830   730  3074 E audio_hw_utils: send_app_type_cfg_for_device: Could not get ctl for mixer cmd - Audio Stream Capture 35 App Type Cfg
06-20 02:03:54.830   730  3074 E voice   : voice_is_in_call_rec_stream: input stream is NULL
06-20 02:03:54.830   730  3074 D msm8974_platform: platform_split_snd_device: snd_device(151) num devices(1) new_snd_devices(0)
06-20 02:03:54.830   730  3074 D ACDB-LOADER: ACDB -> send_audio_cal, acdb_id = 102, path = 1, app id = 0x11132, sample rate = 48000
06-20 02:03:54.831   730  3074 D ACDB-LOADER: ACDB -> send_asm_topology
06-20 02:03:54.831   730  3074 D ACDB-LOADER: ACDB -> ACDB_CMD_GET_AUDPROC_STREAM_TOPOLOGY_ID
06-20 02:03:54.831   730  3074 D ACDB-LOADER: ACDB -> send_adm_topology
06-20 02:03:54.831   730  3074 D ACDB-LOADER: ACDB -> ACDB_CMD_GET_AUDPROC_COMMON_TOPOLOGY_ID
06-20 02:03:54.831   730  3074 D ACDB-LOADER: ACDB -> send_audtable
06-20 02:03:54.831   730  3074 D ACDB-LOADER: ACDB -> ACDB_CMD_GET_AUDPROC_INSTANCE_COMMON_TABLE_SIZE
06-20 02:03:54.831   730  3074 D ACDB-LOADER: ACDB -> ACDB_CMD_GET_AUDPROC_INSTANCE_COMMON_TABLE
06-20 02:03:54.831   730  3074 D ACDB-LOADER: ACDB -> AUDIO_SET_AUDPROC_CAL cal_type[11] acdb_id[102] app_type[69938]
06-20 02:03:54.831   730  3074 D ACDB-LOADER: ACDB -> send_audvoltable
06-20 02:03:54.831   730  3074 D ACDB-LOADER: ACDB -> ACDB_CMD_GET_AUDPROC_INSTANCE_GAIN_DEP_STEP_TABLE_SIZE
06-20 02:03:54.831   730  3074 D         : Failed to fetch the lookup information of the device 00000066 
06-20 02:03:54.831   730  3074 E ACDB-LOADER: Error: ACDB_CMD_GET_AUDPROC_INSTANCE_GAIN_DEP_STEP_TABLE_SIZE Returned = -19
06-20 02:03:54.831   730  3074 D ACDB-LOADER: ACDB -> ACDB_CMD_GET_AUDPROC_INSTANCE_GAIN_DEP_STEP_TABLE, vol index 0
06-20 02:03:54.831   730  3074 D         : Failed to fetch the lookup information of the device 00000066 
06-20 02:03:54.831   730  3074 E ACDB-LOADER: Error: ACDB AudProc vol returned = -19
06-20 02:03:54.831   730  3074 D ACDB-LOADER: ACDB -> AUDIO_SET_VOL_CAL cal type = 12
06-20 02:03:54.831   730  3074 D ACDB-LOADER: ACDB -> ACDB_CMD_GET_AUDPROC_INSTANCE_STREAM_TABLE_SIZE
06-20 02:03:54.831   730  3074 D ACDB-LOADER: ACDB -> send_audstrmtable
06-20 02:03:54.831   730  3074 D ACDB-LOADER: ACDB -> ACDB_CMD_GET_AUDPROC_INSTANCE_STREAM_TABLE
06-20 02:03:54.831   730  3074 D ACDB-LOADER: ACDB -> audstrm_cal->cal_type.cal_data.cal_size = 20
06-20 02:03:54.831   730  3074 D ACDB-LOADER: ACDB -> send_afe_topology
06-20 02:03:54.831   730  3074 D ACDB-LOADER: ACDB -> ACDB_CMD_GET_AFE_TOPOLOGY_ID
06-20 02:03:54.831   730  3074 D ACDB-LOADER: ACDB -> GET_AFE_TOPOLOGY_ID for adcd_id 102, Topology Id 1000b909
06-20 02:03:54.831   730  3074 D ACDB-LOADER: ACDB -> send_afe_cal
06-20 02:03:54.831   730  3074 D ACDB-LOADER: ACDB -> ACDB_CMD_GET_AFE_INSTANCE_COMMON_TABLE_SIZE
06-20 02:03:54.831   730  3074 D ACDB-LOADER: ACDB -> ACDB_CMD_GET_AFE_INSTANCE_COMMON_TABLE
06-20 02:03:54.831   730  3074 D ACDB-LOADER: ACDB -> AUDIO_SET_AFE_CAL cal_type[17] acdb_id[102]
06-20 02:03:54.831   730  3074 D ACDB-LOADER: ACDB -> send_hw_delay : acdb_id = 102 path = 1
06-20 02:03:54.831   730  3074 D ACDB-LOADER: ACDB -> ACDB_AVSYNC_INFO: ACDB_CMD_GET_DEVICE_PROPERTY
06-20 02:03:54.831   730  3074 D audio_hw_primary: enable_audio_route: apply mixer and update path: spkr-vi-record
06-20 02:03:54.831   730  3074 D audio_route: Apply path: spkr-vi-record
06-20 02:03:54.834   730  3074 E audio_hw_tfa98xx_feedback: audio_extn_tfa98xx_start_feedback: pcm device tx id=35
06-20 02:03:54.840  1758  1758 D FingerprintDialogView: setPressDimWindow: true
06-20 02:03:54.842  1758  2128 E libc    : Access denied finding property "persist.vendor.fps.history.enabled"
06-20 02:03:54.843  1758  2128 E libc    : Access denied finding property "persist.vendor.hwui.skia.multithread.enabled"
06-20 02:03:54.843  1758  2128 E libc    : Access denied finding property "persist.vendor.hwui.skia.reduce.overdraw.enabled"
06-20 02:03:54.849  1758  2128 E libc    : Access denied finding property "persist.vendor.fps.history.enabled"
06-20 02:03:54.849  1758  2128 E libc    : Access denied finding property "persist.vendor.hwui.skia.multithread.enabled"
06-20 02:03:54.849  1758  2128 E libc    : Access denied finding property "persist.vendor.hwui.skia.reduce.overdraw.enabled"
06-20 02:03:54.853   730  3074 D soundtrigger: audio_extn_sound_trigger_update_stream_status: uc_info->id 1 of type 0 for Event 3, with Raise=0
06-20 02:03:54.853   730  3074 D audio_hw_utils: audio_extn_utils_send_app_type_cfg: usecase->out_snd_device speaker
06-20 02:03:54.853   730  3074 D msm8974_platform: platform_split_snd_device: snd_device(10) num devices(0) new_snd_devices(0)
06-20 02:03:54.853   730  3074 D audio_hw_utils: audio_extn_btsco_get_sample_rate:Not a BT SCO device, need not update sampling rate
06-20 02:03:54.853   730  3074 I audio_hw_utils: send_app_type_cfg_for_device PLAYBACK app_type 69937, acdb_dev_id 15, sample_rate 48000, snd_device_be_idx 39
06-20 02:03:54.854   730  3074 D msm8974_platform: platform_split_snd_device: snd_device(10) num devices(1) new_snd_devices(0)
06-20 02:03:54.855   730  3074 D ACDB-LOADER: ACDB -> send_audio_cal, acdb_id = 15, path = 0, app id = 0x11131, sample rate = 48000
06-20 02:03:54.855   730  3074 D ACDB-LOADER: ACDB -> send_asm_topology
06-20 02:03:54.855   730  3074 D ACDB-LOADER: ACDB -> ACDB_CMD_GET_AUDPROC_STREAM_TOPOLOGY_ID
06-20 02:03:54.855   730  3074 D ACDB-LOADER: ACDB -> send_adm_topology
06-20 02:03:54.855   730  3074 D ACDB-LOADER: ACDB -> ACDB_CMD_GET_AUDPROC_COMMON_TOPOLOGY_ID
06-20 02:03:54.855   730  3074 D ACDB-LOADER: ACDB -> send_audtable
06-20 02:03:54.855   730  3074 D ACDB-LOADER: ACDB -> ACDB_CMD_GET_AUDPROC_INSTANCE_COMMON_TABLE_SIZE
06-20 02:03:54.855   730  3074 D ACDB-LOADER: ACDB -> ACDB_CMD_GET_AUDPROC_INSTANCE_COMMON_TABLE
06-20 02:03:54.855   730  3074 D ACDB-LOADER: ACDB -> AUDIO_SET_AUDPROC_CAL cal_type[11] acdb_id[15] app_type[69937]
06-20 02:03:54.855   730  3074 D ACDB-LOADER: ACDB -> send_audvoltable
06-20 02:03:54.855   730  3074 D ACDB-LOADER: ACDB -> ACDB_CMD_GET_AUDPROC_INSTANCE_GAIN_DEP_STEP_TABLE_SIZE
06-20 02:03:54.855   730  3074 D ACDB-LOADER: ACDB -> ACDB_CMD_GET_AUDPROC_INSTANCE_GAIN_DEP_STEP_TABLE, vol index 5
06-20 02:03:54.855   730  3074 D ACDB-LOADER: ACDB -> AUDIO_SET_VOL_CAL cal type = 12
06-20 02:03:54.855   730  3074 D ACDB-LOADER: ACDB -> ACDB_CMD_GET_AUDPROC_INSTANCE_STREAM_TABLE_SIZE
06-20 02:03:54.855   730  3074 D ACDB-LOADER: ACDB -> send_audstrmtable
06-20 02:03:54.855   730  3074 D ACDB-LOADER: ACDB -> ACDB_CMD_GET_AUDPROC_INSTANCE_STREAM_TABLE
06-20 02:03:54.855   730  3074 D ACDB-LOADER: ACDB -> audstrm_cal->cal_type.cal_data.cal_size = 20
06-20 02:03:54.855   730  3074 D ACDB-LOADER: ACDB -> send_afe_topology
06-20 02:03:54.855   730  3074 D ACDB-LOADER: ACDB -> ACDB_CMD_GET_AFE_TOPOLOGY_ID
06-20 02:03:54.855   730  3074 D ACDB-LOADER: ACDB -> GET_AFE_TOPOLOGY_ID for adcd_id 15, Topology Id 1000b910
06-20 02:03:54.855   730  3074 D ACDB-LOADER: ACDB -> send_afe_cal
06-20 02:03:54.855   730  3074 D ACDB-LOADER: ACDB -> ACDB_CMD_GET_AFE_INSTANCE_COMMON_TABLE_SIZE
06-20 02:03:54.855   730  3074 D ACDB-LOADER: ACDB -> ACDB_CMD_GET_AFE_INSTANCE_COMMON_TABLE
06-20 02:03:54.855   730  3074 D ACDB-LOADER: ACDB -> AUDIO_SET_AFE_CAL cal_type[16] acdb_id[15]
06-20 02:03:54.855   730  3074 D ACDB-LOADER: ACDB -> send_hw_delay : acdb_id = 15 path = 0
06-20 02:03:54.855   730  3074 D ACDB-LOADER: ACDB -> ACDB_AVSYNC_INFO: ACDB_CMD_GET_DEVICE_PROPERTY
06-20 02:03:54.855   730  3074 D audio_hw_primary: enable_audio_route: apply mixer and update path: low-latency-playback quat_i2s
06-20 02:03:54.855   730  3074 D audio_route: Apply path: low-latency-playback quat_i2s
06-20 02:03:54.856  1758  2128 E libc    : Access denied finding property "persist.vendor.fps.history.enabled"
06-20 02:03:54.856  1758  2128 E libc    : Access denied finding property "persist.vendor.hwui.skia.multithread.enabled"
06-20 02:03:54.856  1758  2128 E libc    : Access denied finding property "persist.vendor.hwui.skia.reduce.overdraw.enabled"
06-20 02:03:54.858   730  3074 D ultrasound_extn: ultrasound_select_devices_post: enter: engine_suspended: 0
06-20 02:03:54.858   730  3074 D ultrasound_extn: dump_usecase_list: SDM660 enter sensor_activated:0 hw_port_enabled:0
06-20 02:03:54.858   730  3074 D ultrasound_extn: dump_usecase_list: SDM660 select_devices_post usecase[#0]:(1, low-latency-playback) in_dev:(0, ) out_dv:(10, speaker)
06-20 02:03:54.858   730  3074 D ultrasound_extn: dump_usecase_list: SDM660 select_devices_post usecase[#1]:(48, spkr-vi-record) in_dev:(151, vi-feedback) out_dv:(0, )
06-20 02:03:54.858   730  3074 D audio_hw_primary: select_devices:FOUND ultrasound devices : snd_device(10: speaker)
06-20 02:03:54.858   730  1314 E notify_sensor_hal_hidl: ======>lkh call sensor batch
06-20 02:03:54.858   730  3074 D audio_hw_primary: select_devices:NotifyAudioState AUDIO_ULTRASOUND_ENABLE !
06-20 02:03:54.858   730  3074 D audio_hw_primary: select_devices: done
06-20 02:03:54.858   747   747 I sensors-hal: notify_event_to_sensor:1139, notify_event_to_sensor event : 1
06-20 02:03:54.858   747   747 I sensors-hal: AudioStateEventCallBack:1113, not active, return
06-20 02:03:54.858   747   747 I sensors-hal: batch:147, type : android.sensor.proximity, would not batch and return directly
06-20 02:03:54.858   730  1314 I audio_hw_primary: NotifyAudioState :1
06-20 02:03:54.860   730  3074 D msm8974_platform: platform_set_channel_map mixer_ctl_name:Playback Channel Map13
06-20 02:03:54.860   730  3074 D msm8974_platform: platform_set_channel_map: set mapping(1 2 0 0 0 0 0 0) for channel:2
06-20 02:03:54.862  1758  1758 D KeyguardUpdateMonitor: shouldListen: visible= false, interactive= true, bouncer= false, goingToSleep= true, assist=false, occluded=false, dream=false, switchingUser= false, alreadyAuthenticated= false, away= false, disabled= false, camera= false, affordance= false, pocket= 0, lidOpen= true, imeShow= false, input= false, prevent:false, prevent Active:false, facelock type:0, isKeyguardDone:true, fakeLocking:false, screenOff:false, mScreenOn:true, allow:true, screenTurningOn:false, qsExpanded:true, shutingDown:false, isInBrickMode= false
06-20 02:03:54.863  1758  1758 D KeyguardUpdateMonitor: updateFPState: shouldListen = false, running = 0, lockout:false
06-20 02:03:54.863  1758  1758 I ClockCtrl: stopUpdate: ScreenOFF
06-20 02:03:54.863  1758  1758 D KeyguardViewMediator: handleNotifyStartedGoingToSleep
06-20 02:03:54.863  1758  1758 D FingerprintDialogView: onFacelockStateChanged: type:0, isOffUnlock:false
06-20 02:03:54.863  1758  1758 D FingerprintDialogView: updateIconVisibility: fp client:forceShow-keyguard, forceHide:false, isBouncer:false, isImeShow:false, showOnWindow:false, goingToSleep:true, screenOn:true, isUnlockAllowed:true, interactive:true, keyguard:false, isDreaming:false, isOccluded:false, isFaceUnlocked:false, isSimPin:false, isQSExpanded:true, Camera:false, LeftAffordance:false, Prevent:false, isShowing:false, LockOut:false, recognizing:false, AodText:false, OffAuthenticating:false, visibility:4
06-20 02:03:54.864  1758  1758 D CircleImageView: brightness = 519, level = 21
06-20 02:03:54.864  1758  1758 D CircleImageView: updateIconDim: 92
06-20 02:03:54.864  1758  1758 D CircleImageView: alpha = 0.36078432, ratio = 0.7
06-20 02:03:54.864  1758  1758 D FingerprintDialogView: updateIconVisibility: fp client:forceShow-keyguard, forceHide:false, isBouncer:false, isImeShow:false, showOnWindow:false, goingToSleep:true, screenOn:true, isUnlockAllowed:true, interactive:true, keyguard:false, isDreaming:false, isOccluded:false, isFaceUnlocked:false, isSimPin:false, isQSExpanded:true, Camera:false, LeftAffordance:false, Prevent:false, isShowing:false, LockOut:false, recognizing:false, AodText:false, OffAuthenticating:false, visibility:4
06-20 02:03:54.865  1758  1758 D CircleImageView: brightness = 519, level = 21
06-20 02:03:54.865  1758  1758 D CircleImageView: updateIconDim: 92
06-20 02:03:54.865  1758  1758 D CircleImageView: alpha = 0.36078432, ratio = 0.7
06-20 02:03:54.865  1758  2128 E libc    : Access denied finding property "persist.vendor.hwui.skia.multithread.enabled"
06-20 02:03:54.865  1758  2128 E libc    : Access denied finding property "persist.vendor.hwui.skia.reduce.overdraw.enabled"
06-20 02:03:54.866  1758  1758 D FingerprintDialogView: onAttachedToWindow
06-20 02:03:54.869  1256  1317 I DisplayPowerController: useProximityForceSuspend = false
06-20 02:03:54.869  1256  1317 I DisplayPowerController: Blocking screen off
06-20 02:03:54.869  1256  1317 V KeyguardServiceDelegate: onScreenTurningOff()
06-20 02:03:54.869  1256  1317 I DisplayPowerController: Unblocked screen off after 1 ms
06-20 02:03:54.869  1256  1317 I ColorBalanceService: MSG:2
06-20 02:03:54.869  1256  1626 D ColorBalanceService: MSG_SCREEN_OFF
06-20 02:03:54.869  1256  1317 I WindowManager: Screen turned off...
06-20 02:03:54.869  1256  1626 I ColorBalanceService: processScreenOn:false reason = 4
06-20 02:03:54.870  1256  1317 D ActivityTrigger: ActivityTrigger activityPauseTrigger 
06-20 02:03:54.870 15445 15445 D Launcher: onPause# hashcode: 204831064
06-20 02:03:54.874  1256  1626 D ColorBalanceService: the SRGB sensor has been removed in project 18821/18827/18831/18857
06-20 02:03:54.877  1256  1317 E SensorManager: unregisterListenerImpl callingApp: android.uid.system:1000,callingPid:1256,callingUid:1000
06-20 02:03:54.877 15445 15516 I WeatherProvider: un-subscribe the weather callback: 
06-20 02:03:54.878  1256  1317 I SensorService: cleanupWithoutDisableLocked mActiveConnections.remove
06-20 02:03:54.878  1256  1317 D SensorService: recordConnection in disable
06-20 02:03:54.878   747   747 I sensors-hal: activate:111, android.sensor.device_orientation/22 en=0
06-20 02:03:54.879  1256  1289 D ActivityTrigger: ActivityTrigger activityStopTrigger 
06-20 02:03:54.879  1758  1758 D FingerprintDialogView: updateIconVisibility: fp client:forceShow-keyguard, forceHide:false, isBouncer:false, isImeShow:false, showOnWindow:true, goingToSleep:true, screenOn:true, isUnlockAllowed:true, interactive:true, keyguard:false, isDreaming:false, isOccluded:false, isFaceUnlocked:false, isSimPin:false, isQSExpanded:true, Camera:false, LeftAffordance:false, Prevent:false, isShowing:false, LockOut:false, recognizing:false, AodText:false, OffAuthenticating:false, visibility:4
06-20 02:03:54.880   747   747 I sensors-hal: activate:122, android.sensor.device_orientation/22 en=0 completed
06-20 02:03:54.880  1256  1317 I SensorService: SensorEventConnection destruct, mPackageName : com.android.server.policy.WindowOrientationListener
06-20 02:03:54.880  1256  1317 I SensorService: cleanupConnection mActiveConnections.remove
06-20 02:03:54.880  1256  1317 V KeyguardServiceDelegate: onScreenTurnedOff()
06-20 02:03:54.880  1758 20796 D KeyguardViewMediator: onScreenTurnedOff
06-20 02:03:54.880  1256  1317 E SensorManager: registerListenerImpl sensorName:pocket  Wakeup,isWakeUpSensor:true,callingApp: android.uid.system:1000,callingPid:1256,callingUid:1000
06-20 02:03:54.880  1256  1317 I SensorService: SensorEventConnection construct, mPackageName : com.android.server.policy.DeviceKeyHandler
06-20 02:03:54.881  1758  1758 D CircleImageView: brightness = 519, level = 21
06-20 02:03:54.881  1758  1758 D CircleImageView: updateIconDim: 92
06-20 02:03:54.881  1758  1758 D CircleImageView: alpha = 0.36078432, ratio = 0.7
06-20 02:03:54.881  1758  1758 D FingerprintDialogView: updateFpDaemonStatus: 5, showing = false, true
06-20 02:03:54.881  1758  1758 D FingerprintDialogView: don't enable HBM due to going to sleep
06-20 02:03:54.883   747   747 I sensors-hal: notify_event_to_sensor:424, notify event to pocket : 1000000
06-20 02:03:54.883   747   747 I sensors-hal: batch:147, type : oneplus.sensor.pocket, would not batch and return directly
06-20 02:03:54.883  1256  1317 D SensorService: recordConnection in enable
06-20 02:03:54.883   747   747 I sensors-hal: activate:111, oneplus.sensor.pocket/9 en=1
06-20 02:03:54.883   747   747 I sensors-hal: activate:100, sar test State : 0
06-20 02:03:54.883   747   747 I sensors-hal: RealDeactivate:182, pocket::RealDeactivate
06-20 02:03:54.883   747   747 E sensors-hal: activate:105, _screenState : 1, , birghtness : 0, would not active
06-20 02:03:54.883   747   747 I sensors-hal: activate:122, oneplus.sensor.pocket/9 en=1 completed
06-20 02:03:54.883  1256  1317 D RestartProcessManager: No need to write old record
06-20 02:03:54.883  1256  1317 D RestartProcessManager: Screen off is true
06-20 02:03:54.890 15445 15445 D Launcher: onStop# hashcode: 204831064
06-20 02:03:54.890 15445 15445 D LauncherAppWidgetHost: setListenIfResumed# listenIfResumed: false, flag: 7
06-20 02:03:54.890 15445 15445 D LauncherAppWidgetHost: stopListening# flag: 2
06-20 02:03:54.891 15445 15445 D StateManager: gotoState# fromState=NORMAL, toState=NORMAL
06-20 02:03:54.891 15445 15445 D Launcher: onSaveInstanceState# hashcode: 204831064
06-20 02:03:54.896  1256  1317 E SensorManager: unregisterListenerImpl callingApp: android.uid.system:1000,callingPid:1256,callingUid:1000
06-20 02:03:54.898   730  3074 D audio_hw_primary: start_output_stream: exit
06-20 02:03:54.898   730  3074 D audio_hw_primary: out_write: retry previous failed cal level set
06-20 02:03:54.898   730  3074 D msm8974_platform: platform_split_snd_device: snd_device(10) num devices(1) new_snd_devices(0)
06-20 02:03:54.898   730  3074 W msm8974_platform: platform_send_gain_dep_cal: Usecase list is empty
06-20 02:03:54.898  1256  1317 I SensorService: cleanupWithoutDisableLocked mActiveConnections.remove
06-20 02:03:54.898  1256  1317 D SensorService: recordConnection in disable
06-20 02:03:54.898   747   747 I sensors-hal: batch:165, qti.sensor.hardware_light/26, period=200000000, max_latency=0
06-20 02:03:54.898   747   747 I sensors-hal: batch:174, qti.sensor.hardware_light/26, period=200000000, max_latency=0 request completed
06-20 02:03:54.898  1256  1317 I SensorService: SensorEventConnection destruct, mPackageName : com.android.server.display.AutomaticBrightnessController
06-20 02:03:54.898  1256  1317 I SensorService: cleanupConnection mActiveConnections.remove
06-20 02:03:54.898  1256  1317 E SensorManager: unregisterListenerImpl callingApp: android.uid.system:1000,callingPid:1256,callingUid:1000
06-20 02:03:54.898  1256  1317 I DisplayPowerController: useProximityForceSuspend = false
06-20 02:03:54.898  1256  1317 D RestartProcessManager: No need to write old record
06-20 02:03:54.898  1256  1317 D RestartProcessManager: Screen off is true
06-20 02:03:54.899   793   793 D SurfaceFlinger: Set power mode=0, type=0 flinger=0x73a9a55000
06-20 02:03:54.899  1256  1315 I DisplayManagerService: Display device changed state: "Built-in Screen", OFF
06-20 02:03:54.899   740   740 I SDM     : DisplayBase::SetDisplayState: Set state = 0, display 28-0, teardown = 0
06-20 02:03:54.901   740   740 I SDM     : display call sensor batch, state : 2
06-20 02:03:54.902   747   747 I sensors-hal: notify_event_to_sensor:424, notify event to pocket : 2
06-20 02:03:54.902   747   747 I sensors-hal: ScreenStateEventCallBack:410, screen off, active back
06-20 02:03:54.902   747   747 I sensors-hal: RealActivate:127, pocket::RealActivate
06-20 02:03:54.902   747   747 I sensors-hal: ssc_enable_rt_task:259, ssc_enable_rt_task : true
06-20 02:03:54.908   790  1424 D AudioResampler: resampler ~AudioResampler load 68 -> 34 MHz due to delta -34 MHz from quality 8
06-20 02:03:54.908   747   747 I sensors-hal: SendActiveReq:256, pocket::SendActiveReq
06-20 02:03:54.912   747   747 I sensors-hal: batch:147, type : oneplus.sensor.pocket, would not batch and return directly
06-20 02:03:54.912   747   747 I sensors-hal: notify_event_to_sensor:1139, notify_event_to_sensor event : 2
06-20 02:03:54.912   747   747 I sensors-hal: ScreenStateEventCallBack:1426, not activate or sar test mode, return
06-20 02:03:54.912   747   747 I sensors-hal: batch:147, type : android.sensor.proximity, would not batch and return directly
06-20 02:03:54.912   740   740 I SDM     : sar test State : 0
06-20 02:03:54.915  1002  1348 D [GF_HAL][EventCenter]: [postEvent] enqueue event<-998>
06-20 02:03:54.916  1002  1367 D [GF_HAL][CaEntry]: [sendCommand] request token: 9393, target: 1000, cmd id: 11
06-20 02:03:54.916   747  1473 I sensors-hal: ReadScreenState:201, Read Events, fd = 11, n = 2, count = 0
06-20 02:03:54.916   747  1473 I sensors-hal: readEvent:111, InputEventCircularReader::readEvent
06-20 02:03:54.916   747  1473 I sensors-hal: readEvent:111, InputEventCircularReader::readEvent
06-20 02:03:54.916   747  1473 I sensors-hal: ReadEventsHandle:258, state : 0
06-20 02:03:54.916   747  1473 I sensors-hal: ReadScreenState:196, ReadScreenState
06-20 02:03:54.917  1002  1367 D [GF_HAL][HalContext]: [invokeCommand] err = 0, errno = GF_SUCCESS
06-20 02:03:54.981 15445 15445 I RecentsModel: onTaskStackChanged# mTaskChangeId=1499
06-20 02:03:54.992   747  7312 I sensors-hal: handle_indication_realtime:367,  SCHED_FIFO(10) for qmi_cbk
06-20 02:03:54.992   747  7312 I sensors-hal: pocket_conn_event_cb:321, event[0] msg_id=1027
06-20 02:03:54.992   747  7312 E sensors-hal: pocket_conn_event_cb:350, pocket_sample: ts = 354913157996691 ns; value = [0.000000, 0.000000, 0.000000]
06-20 02:03:55.011   730  4257 D DlbCrossfadeProcess: process transitioning from FADE_TO_ACTIVE state to DAP_ACTIVE
06-20 02:03:55.048  1256  1484 D DeviceKeyHandler: onSensorChang: true
06-20 02:03:55.048  1256  1484 E DeviceKeyHandler: p-sensor far, enable gesture
06-20 02:03:55.115  1758  2058 D AudioTrack: Uid 10025 AudioTrack::setVolume left 0.000000 right 0.000000
06-20 02:03:55.128   793   793 D SurfaceFlinger: Finished set power mode=0, type=0
06-20 02:03:55.129   730  3250 D audio_hw_primary: out_set_parameters: enter: usecase(1: low-latency-playback) kvpairs: suspend_playback=true
06-20 02:03:55.129   730  3250 D audio_hw_extn: audio_extn_set_hac_parameters: hac_enabled:0
06-20 02:03:55.129  1256  1660 D SurfaceControl: Excessive delay in setPowerMode() mode 0 : 229ms
06-20 02:03:55.129   730  3250 D audio_hw_extn: audio_extn_set_anc_parameters: anc_enabled:0
06-20 02:03:55.129   730  3250 D audio_hw_spkr_prot: audio_extn_fbsp_set_parameters: Speaker protection disabled
06-20 02:03:55.129   746   746 I QTI PowerHAL: Got set_interactive hint on= 0, count= 2260
06-20 02:03:55.129   746   746 E QTI PowerHAL: Error opening /sys/kernel/hbtp/display_pwr: No such file or directory
06-20 02:03:55.130  1256  1317 I DisplayPowerController: useProximityForceSuspend = false
06-20 02:03:55.130  1256  1317 D RestartProcessManager: No need to write old record
06-20 02:03:55.130  1256  1317 D RestartProcessManager: Screen off is true
06-20 02:03:55.135  1758  2128 E libc    : Access denied finding property "persist.vendor.hwui.skia.multithread.enabled"
06-20 02:03:55.135  1758  2128 E libc    : Access denied finding property "persist.vendor.hwui.skia.reduce.overdraw.enabled"
06-20 02:03:55.137  1758  2128 E libc    : Access denied finding property "persist.vendor.hwui.skia.multithread.enabled"
06-20 02:03:55.137  1758  2128 E libc    : Access denied finding property "persist.vendor.hwui.skia.reduce.overdraw.enabled"
06-20 02:03:55.138  1758  2128 E libc    : Access denied finding property "persist.vendor.hwui.skia.multithread.enabled"
06-20 02:03:55.138  1758  2128 E libc    : Access denied finding property "persist.vendor.hwui.skia.reduce.overdraw.enabled"
06-20 02:03:55.138 24865 24865 D LiveWallpaper.VideoEngine: onVisibilityChanged# visible=false
06-20 02:03:55.138  1758  1758 I vol.Events: writeEvent dismiss_dialog volume_controller
06-20 02:03:55.139  1758  1758 D FingerprintDialogView: onScreenTurnedOff
06-20 02:03:55.139  1758  1758 I FingerprintDialogView: resetState: fp client to forceShow-keyguard, reuse animation
06-20 02:03:55.139  1758  1758 D FingerprintDialogView: updateDimViewVisibility: show = false, isScreenOn = false
06-20 02:03:55.139  1758  2497 D FingerprintDialogView: set dim mode to 0
06-20 02:03:55.139  1758  1758 D FingerprintDialogView: updateIconVisibility: fp client:forceShow-keyguard, forceHide:false, isBouncer:false, isImeShow:false, showOnWindow:true, goingToSleep:true, screenOn:false, isUnlockAllowed:true, interactive:true, keyguard:false, isDreaming:false, isOccluded:false, isFaceUnlocked:false, isSimPin:false, isQSExpanded:true, Camera:false, LeftAffordance:false, Prevent:false, isShowing:false, LockOut:false, recognizing:false, AodText:false, OffAuthenticating:false, visibility:4
06-20 02:03:55.139  1758  1758 D FingerprintAnimationCtrl: stopAnimation: current state = 0, mOnGoingAnimationView = null
06-20 02:03:55.139  1758  1758 D FingerprintDialogView: setDisplayPressMode: the same state
06-20 02:03:55.139  1758  1758 D FingerprintDialogView: set aod mode: 0, current : 0
06-20 02:03:55.139   730  3250 D audio_hw_primary: out_set_parameters: enter: usecase(1: low-latency-playback) kvpairs: suspend_playback=false
06-20 02:03:55.139   730  3250 D audio_hw_extn: audio_extn_set_hac_parameters: hac_enabled:0
06-20 02:03:55.139   730  3250 D audio_hw_extn: audio_extn_set_anc_parameters: anc_enabled:0
06-20 02:03:55.139   730  3250 D audio_hw_spkr_prot: audio_extn_fbsp_set_parameters: Speaker protection disabled
06-20 02:03:55.140  1758  1758 D KeyguardUpdateMonitor: shouldListen: visible= false, interactive= true, bouncer= false, goingToSleep= true, assist=false, occluded=false, dream=false, switchingUser= false, alreadyAuthenticated= false, away= false, disabled= false, camera= false, affordance= false, pocket= 0, lidOpen= true, imeShow= false, input= false, prevent:false, prevent Active:false, facelock type:0, isKeyguardDone:true, fakeLocking:false, screenOff:false, mScreenOn:false, allow:true, screenTurningOn:false, qsExpanded:true, shutingDown:false, isInBrickMode= false
06-20 02:03:55.140  1758  1758 D KeyguardUpdateMonitor: updateFPState: shouldListen = false, running = 0, lockout:false
06-20 02:03:55.140  1758  1758 I ClockCtrl: stopUpdate: ScreenOFF
06-20 02:03:55.140  1758  1758 D StatusBar: hideKeyguardImpl
06-20 02:03:55.140  1758  1758 D StatusBarWindowManager: applyFocusableFlag: false, false, false, 81840048
06-20 02:03:55.140  1758  1758 I StatusBarWindowManager: applyExpandedFlag expanded:false isCameraLaunched:false
06-20 02:03:55.140  1758  1758 D StatusBarWindowManager: applyNotTouchable: false, isScrimPlaying:false
06-20 02:03:55.140  1758  1758 D StatusBar: useDarkText:false, lockDarkText:false, useDarkTheme:false
06-20 02:03:55.140  1758  1758 D PanelView: instantCollapse: mExpanding = false, mInstantExpanding = false
06-20 02:03:55.140  1758  1758 D PreventModeCtrl: onPanelExpandedChange expandfalse mPreventModeActive:false
06-20 02:03:55.140  1758  1758 D StatusBar: updateKeyguardState: false, false, show:false, occludefalse, state:0
06-20 02:03:55.141  1256  1317 I DreamManagerService: Entering dreamland.
06-20 02:03:55.141  1256  1317 I PowerManagerService: Dozing...
06-20 02:03:55.141 24865 24865 D LiveWallpaper.VideoEngine: createMediaPlayer#
06-20 02:03:55.141 24865 24865 I MediaPlayer: constructor
06-20 02:03:55.141   754   754 D         : OneplusDisplay::setMode is OK mode=10 enable= 0
06-20 02:03:55.142  1758  1758 D StatusBar: useDarkText:false, lockDarkText:false, useDarkTheme:false
06-20 02:03:55.142  1256  1491 I InputReader: Reconfiguring input devices.  changes=0x00000004
06-20 02:03:55.142  1256  2367 I OIMC    : notified , mode FingerPrintMode changeTo 2
06-20 02:03:55.143  1256  1501 I OIMC    : The mode: FingerPrintMode is not entered
06-20 02:03:55.143  1758  1758 I StatusBar: updateScrimController isInLaunchTransition:false mBouncerShowing:false isKeyguardDone:true mVisible:false isSecure:true isLaunchDial:false
06-20 02:03:55.143  1758  1758 D QSPanel : refreshAllTiles
06-20 02:03:55.143   730  3250 D audio_hw_primary: out_set_parameters: enter: usecase(1: low-latency-playback) kvpairs: suspend_playback=true
06-20 02:03:55.143   730  3250 D audio_hw_extn: audio_extn_set_hac_parameters: hac_enabled:0
06-20 02:03:55.143   730  3250 D audio_hw_extn: audio_extn_set_anc_parameters: anc_enabled:0
06-20 02:03:55.144   730  3250 D audio_hw_spkr_prot: audio_extn_fbsp_set_parameters: Speaker protection disabled
06-20 02:03:55.144  1758  1758 D KeyguardUpdateMonitor: shouldListen: visible= false, interactive= true, bouncer= false, goingToSleep= true, assist=false, occluded=false, dream=false, switchingUser= false, alreadyAuthenticated= false, away= false, disabled= false, camera= false, affordance= false, pocket= 0, lidOpen= true, imeShow= false, input= false, prevent:false, prevent Active:false, facelock type:0, isKeyguardDone:true, fakeLocking:false, screenOff:false, mScreenOn:false, allow:true, screenTurningOn:false, qsExpanded:true, shutingDown:false, isInBrickMode= false
06-20 02:03:55.144  1256  1311 I DreamController: Starting dream: name=ComponentInfo{com.android.systemui/com.android.systemui.doze.DozeService}, isTest=false, canDoze=true, userId=0
06-20 02:03:55.144  1758  1758 D KeyguardUpdateMonitor: updateFPState: shouldListen = false, running = 0, lockout:false
06-20 02:03:55.144  1758  1758 D FingerprintDialogView: updateIconVisibility: fp client:forceShow-keyguard, forceHide:false, isBouncer:false, isImeShow:false, showOnWindow:true, goingToSleep:true, screenOn:false, isUnlockAllowed:true, interactive:true, keyguard:false, isDreaming:false, isOccluded:false, isFaceUnlocked:false, isSimPin:false, isQSExpanded:true, Camera:false, LeftAffordance:false, Prevent:false, isShowing:false, LockOut:false, recognizing:false, AodText:false, OffAuthenticating:false, visibility:4
06-20 02:03:55.144  1758  1758 D AodDisplayViewManager: updateView: state = 0
06-20 02:03:55.144  1758  1758 D StatusBarWindowManager: applyFocusableFlag: false, false, false, 81840048
06-20 02:03:55.144  1758  1758 I StatusBarWindowManager: applyExpandedFlag expanded:false isCameraLaunched:false
06-20 02:03:55.144  1758  1758 D StatusBarWindowManager: applyNotTouchable: false, isScrimPlaying:false
06-20 02:03:55.147 24865 24865 D Utilities: openAssetFile# filename=wallpaper_g_live_gold_60fps.mp4
06-20 02:03:55.152   951 10914 D MediaPlayerService: LF player type = 4
06-20 02:03:55.152   951 10914 D NuPlayerDriver: NuPlayerDriver(0xf1a4b980) created, clientPid(24865)
06-20 02:03:55.154   730  1301 D audio_hw_primary: out_set_parameters: enter: usecase(1: low-latency-playback) kvpairs: suspend_playback=false
06-20 02:03:55.154   730  1301 D audio_hw_extn: audio_extn_set_hac_parameters: hac_enabled:0
06-20 02:03:55.154   730  1301 D audio_hw_extn: audio_extn_set_anc_parameters: anc_enabled:0
06-20 02:03:55.154   730  1301 D audio_hw_spkr_prot: audio_extn_fbsp_set_parameters: Speaker protection disabled
06-20 02:03:55.155   951 10914 I ExtendedNuUtils: printFileName fd(8) -> /system/app/OPWallpaperResources/OPWallpaperResources.apk
06-20 02:03:55.155 24865 24865 D LiveWallpaper.VideoEngine: prepare took 0ms
06-20 02:03:55.157   951  7316 D GenericSource: FileSource remote
06-20 02:03:55.158  1758  1758 D KeyguardUpdateMonitor: shouldListen: visible= false, interactive= true, bouncer= false, goingToSleep= true, assist=false, occluded=false, dream=false, switchingUser= false, alreadyAuthenticated= false, away= false, disabled= false, camera= false, affordance= false, pocket= 0, lidOpen= true, imeShow= false, input= false, prevent:false, prevent Active:false, facelock type:0, isKeyguardDone:true, fakeLocking:false, screenOff:false, mScreenOn:false, allow:true, screenTurningOn:false, qsExpanded:true, shutingDown:false, isInBrickMode= false
06-20 02:03:55.158  1758  1758 D KeyguardUpdateMonitor: updateFPState: shouldListen = false, running = 0, lockout:false
06-20 02:03:55.159   730  3250 D audio_hw_primary: out_set_parameters: enter: usecase(1: low-latency-playback) kvpairs: suspend_playback=true
06-20 02:03:55.159   730  3250 D audio_hw_extn: audio_extn_set_hac_parameters: hac_enabled:0
06-20 02:03:55.159   730  3250 D audio_hw_extn: audio_extn_set_anc_parameters: anc_enabled:0
06-20 02:03:55.159   730  3250 D audio_hw_spkr_prot: audio_extn_fbsp_set_parameters: Speaker protection disabled
06-20 02:03:55.163  1758  1758 I vol.Events: writeEvent dismiss_dialog volume_controller
06-20 02:03:55.163  1758  1758 V StatusBar: mStatusBarWindow: com.android.systemui.statusbar.phone.StatusBarWindowView{b874a5c V.ED..... ........ 0,0-1080,80} canPanelBeCollapsed(): false
06-20 02:03:55.164  1758  2101 D Tile.DataSwitchTile(44d595f): default data phone id=0
06-20 02:03:55.164  1758  2101 D Tile.DataSwitchTile(44d595f): DataSwitchTile:updateSimCount:simState=LOADED,LOADED
06-20 02:03:55.164  1758  2101 D Tile.DataSwitchTile(44d595f): DataSwitchTile:updateSimCount:mSimCount=2
06-20 02:03:55.166  1758  2101 D Tile.ReadModeTile(74ac844): handleUpdateState:state.value=false
06-20 02:03:55.167  1758  1758 D DozeSensors: choose sensor: TYPE_MOTION
06-20 02:03:55.167   932  4779 I QComExtractorFactory:  Sniff 3GP success <== format:10
06-20 02:03:55.168  1758  1758 V KeyguardUpdateMonitor: *** register callback for com.android.systemui.doze.DozeUi$1@e837d4c
06-20 02:03:55.168  1758  1758 V KeyguardUpdateMonitor: *** unregister callback for null
06-20 02:03:55.169   730  3250 D audio_hw_primary: out_set_parameters: enter: usecase(1: low-latency-playback) kvpairs: suspend_playback=false
06-20 02:03:55.170   730  3250 D audio_hw_extn: audio_extn_set_hac_parameters: hac_enabled:0
06-20 02:03:55.170   730  3250 D audio_hw_extn: audio_extn_set_anc_parameters: anc_enabled:0
06-20 02:03:55.170   730  3250 D audio_hw_spkr_prot: audio_extn_fbsp_set_parameters: Speaker protection disabled
06-20 02:03:55.174   932  4779 I QComExtractorFactory: Format:10, numTracks:1
06-20 02:03:55.175  1758  1758 D KeyguardUpdateMonitor: shouldListen: visible= false, interactive= true, bouncer= false, goingToSleep= true, assist=false, occluded=false, dream=true, switchingUser= false, alreadyAuthenticated= false, away= false, disabled= false, camera= false, affordance= false, pocket= 0, lidOpen= true, imeShow= false, input= false, prevent:false, prevent Active:false, facelock type:0, isKeyguardDone:true, fakeLocking:false, screenOff:false, mScreenOn:false, allow:true, screenTurningOn:false, qsExpanded:true, shutingDown:false, isInBrickMode= false
06-20 02:03:55.175  1758  1758 D KeyguardUpdateMonitor: updateFPState: shouldListen = false, running = 0, lockout:false
