06-20 02:03:55.595  1758  1758 D KeyguardAffordanceView: setCircleRadius: 0.0com.android.systemui.statusbar.KeyguardAffordanceView.setCircleRadiusWithoutAnimation:370 com.android.systemui.statusbar.phone.KeyguardAffordanceHelper.updateIcon:450 com.android.systemui.statusbar.phone.KeyguardAffordanceHelper.setTranslation:397 com.android.systemui.statusbar.phone.KeyguardAffordanceHelper.reset:512 com.android.systemui.statusbar.phone.NotificationPanelView.resetViews:677 com.android.systemui.statusbar.phone.StatusBar.updateKeyguardState:4940 com.android.systemui.statusbar.phone.StatusBar.showKeyguardImpl:4659 
06-20 02:03:55.595  1256  6439 I OIMC    : notified , mode FingerPrintMode changeTo 1
06-20 02:03:55.595  1002  1125 D [GF_HAL][HalContext]: [invokeCommand] err = 0, errno = GF_SUCCESS
06-20 02:03:55.595  1256  1256 D FingerprintService: startAuthentication(com.android.systemui), 0, 0, 0, 0, false, 0
06-20 02:03:55.596  1256  1256 D FingerprintMdmLogger: MdmLogger is initialized
06-20 02:03:55.596  1256  1256 V FingerprintService: starting client AuthenticationClient(com.android.systemui), initiatedByClient = true
06-20 02:03:55.596  1256  1256 D FingerprintService: updateStatus , 3
06-20 02:03:55.596  1256  1501 I OIMC    : The mode: FingerPrintMode is already entered
06-20 02:03:55.596  1002  1002 D         : vendor updateStatus 3
06-20 02:03:55.596  1002  1002 D [GF_HAL][FingerprintCore]: status 3
06-20 02:03:55.596  1758  1779 D FingerprintDialogView: fp client to com.android.systemui
06-20 02:03:55.596  1002  1002 V android.hardware.biometrics.fingerprint@2.1-service: authenticate(operationId=0, gid=0)
06-20 02:03:55.596  1002  1002 D [GF_HAL][SZFingerprintCore]: [prepareAuthRequest] spmt is pass
06-20 02:03:55.596  1002  1002 D [GF_HAL][CaEntry]: [sendCommand] request token: 9395, target: 1000, cmd id: 1
06-20 02:03:55.596  1256  1317 D SensorService: NODEFILE is NULL
06-20 02:03:55.597  1758  1779 D FingerprintAnimationCtrl:  updateanimationRes to 0
06-20 02:03:55.597  1256  1317 D SensorService: FusionLight_args, R_max = 309.736176, G_max = 337.712341, B_max = 141.879150, W_max = 717.388977, cal_coe = 1284.000000
06-20 02:03:55.597  1256  1317 D SensorService: FusionLight, setArgs
06-20 02:03:55.597  1256  1317 E SensorService: 	 >>>ERROR: activate called without batch
06-20 02:03:55.597  1256  1317 I chatty  : uid=1000(system) PowerManagerSer identical 1 line
06-20 02:03:55.597  1256  1317 E SensorService: 	 >>>ERROR: activate called without batch
06-20 02:03:55.597   747   747 I sensors-hal: activate:111, qti.sensor.hardware_light/26 en=1
06-20 02:03:55.597   747   747 I sensors-hal: ssc_enable_rt_task:259, ssc_enable_rt_task : true
06-20 02:03:55.597  2503  2503 D AbstractProcessor: onScreenOff
06-20 02:03:55.597  2503  2503 D AbstractProcessor: scheduleAlarmService
06-20 02:03:55.598  1002  1002 D [GF_HAL][HalContext]: [invokeCommand] err = 0, errno = GF_SUCCESS
06-20 02:03:55.599  1002  1002 D [GF_HAL][Fpsys]: fp_set_tpirq_enable 1
06-20 02:03:55.599  1758  1758 D StatusBar: useDarkText:false, lockDarkText:false, useDarkTheme:false
06-20 02:03:55.603   747   747 I sensors-hal: activate:122, qti.sensor.hardware_light/26 en=1 completed
06-20 02:03:55.603  1256  1317 E SensorManager: registerListenerImpl sensorName:pickup  Wakeup,isWakeUpSensor:true,callingApp: android.uid.system:1000,callingPid:1256,callingUid:1000
06-20 02:03:55.603  1256  1317 I SensorService: SensorEventConnection construct, mPackageName : com.android.server.display.AutomaticBrightnessController
06-20 02:03:55.604  1256  1289 W BroadcastQueue: Background execution not allowed: receiving Intent { act=android.net.conn.DATA_ACTIVITY_CHANGE flg=0x10 (has extras) } to com.oneplus.security/.network.trafficalarm.TrafficUsageAlarmReceiver
06-20 02:03:55.604  1758  1758 I StatusBar: updateScrimController isInLaunchTransition:false mBouncerShowing:false isKeyguardDone:false mVisible:true isSecure:true isLaunchDial:false
06-20 02:03:55.604  1758  1758 I StatusBar: updateScrimController isInLaunchTransition:false mBouncerShowing:false isKeyguardDone:false mVisible:true isSecure:true isLaunchDial:false
06-20 02:03:55.604  1758  1758 D StatusBarWindowManager: applyFocusableFlag: true, true, true, 81960040
06-20 02:03:55.604  1758  1758 I StatusBarWindowManager: applyExpandedFlag expanded:true isCameraLaunched:false
06-20 02:03:55.604  1758  1758 D StatusBarWindowManager: applyNotTouchable: false, isScrimPlaying:false
06-20 02:03:55.604  1758  1758 D StatusBar: disable<e i a s b H R c s > disable2<q i n v >
06-20 02:03:55.604  1758  1758 D StatusBar: disable<e i a s b H R c s > disable2<q i n v >
06-20 02:03:55.604  1758  1758 I StatusBar: updateScrimController isInLaunchTransition:false mBouncerShowing:false isKeyguardDone:false mVisible:true isSecure:true isLaunchDial:false
06-20 02:03:55.604  1758  1758 D KeyguardUpdateMonitor: notifyScreenTurningOn
06-20 02:03:55.604  1758  1758 D KeyguardViewMediator: notifyDrawn
06-20 02:03:55.604   747   747 I sensors-hal: batch:165, oneplus.sensor.pickup/27, period=250000000, max_latency=0
06-20 02:03:55.604   747   747 I sensors-hal: batch:174, oneplus.sensor.pickup/27, period=250000000, max_latency=0 request completed
06-20 02:03:55.604  1256  3462 V KeyguardServiceDelegate: **** SHOWN CALLED ****
06-20 02:03:55.604  1256  3462 D WindowManager: mKeyguardDelegate.ShowListener.onDrawn.
06-20 02:03:55.604  1256  1317 D SensorService: recordConnection in enable
06-20 02:03:55.604   747   747 I sensors-hal: activate:111, oneplus.sensor.pickup/27 en=1
06-20 02:03:55.605   747   747 I sensors-hal: ssc_enable_rt_task:259, ssc_enable_rt_task : true
06-20 02:03:55.607  1256  1290 W WindowManager: Setting mKeyguardDrawComplete
06-20 02:03:55.607  1758  1758 I StatusBar: updateScrimController isInLaunchTransition:false mBouncerShowing:false isKeyguardDone:false mVisible:true isSecure:true isLaunchDial:false
06-20 02:03:55.607  1758  1758 D KeyguardUpdateMonitor: handleTimeUpdate
06-20 02:03:55.608  1758  1758 D DateTimeView: updateClockPattern: 0
06-20 02:03:55.608  1758  1758 D DateTimeView: update clockView12: hh mm clockView24:HH mm
06-20 02:03:55.608  1758  1758 D DateTimeView: refreshTime
06-20 02:03:55.610  1758  1758 I Clock   : onTimeChanged
06-20 02:03:55.610  1758  1758 I Clock   : onTimeChanged
06-20 02:03:55.610  1758  1758 I DateView: onTimeChanged
06-20 02:03:55.610  1758  1758 D KeyguardUpdateMonitor: shouldListen: visible= true, interactive= true, bouncer= false, goingToSleep= false, assist=false, occluded=false, dream=true, switchingUser= false, alreadyAuthenticated= false, away= false, disabled= false, camera= false, affordance= false, pocket= 0, lidOpen= true, imeShow= false, input= false, prevent:false, prevent Active:false, facelock type:0, isKeyguardDone:false, fakeLocking:false, screenOff:false, mScreenOn:false, allow:true, screenTurningOn:true, qsExpanded:false, shutingDown:false, isInBrickMode= false
06-20 02:03:55.610  1758  1758 D KeyguardUpdateMonitor: updateFPState: shouldListen = true, running = 1, lockout:false
06-20 02:03:55.612  1758  1758 D FingerprintDialogView: updateIconVisibility: fp client:com.android.systemui, forceHide:false, isBouncer:false, isImeShow:false, showOnWindow:true, goingToSleep:false, screenOn:false, isUnlockAllowed:true, interactive:true, keyguard:true, isDreaming:true, isOccluded:false, isFaceUnlocked:false, isSimPin:false, isQSExpanded:false, Camera:false, LeftAffordance:false, Prevent:false, isShowing:true, LockOut:false, recognizing:false, AodText:false, OffAuthenticating:false, visibility:0
06-20 02:03:55.612  1758  1758 D KeyguardUpdateMonitor: shouldListen: visible= true, interactive= true, bouncer= false, goingToSleep= false, assist=false, occluded=false, dream=true, switchingUser= false, alreadyAuthenticated= false, away= false, disabled= false, camera= false, affordance= false, pocket= 0, lidOpen= true, imeShow= false, input= false, prevent:false, prevent Active:false, facelock type:0, isKeyguardDone:false, fakeLocking:false, screenOff:false, mScreenOn:false, allow:true, screenTurningOn:true, qsExpanded:false, shutingDown:false, isInBrickMode= false
06-20 02:03:55.613  1758  1758 D KeyguardUpdateMonitor: updateFPState: shouldListen = true, running = 1, lockout:false
06-20 02:03:55.613  1758  1758 D FingerprintDialogView: onScreenTurningOn: interactive = true
06-20 02:03:55.613  1256  1626 I ColorBalanceService: close Propeties!
06-20 02:03:55.613   747   747 I sensors-hal: activate:122, oneplus.sensor.pickup/27 en=1 completed
06-20 02:03:55.614  1256  1317 I DisplayPowerController: useProximityForceSuspend = false
06-20 02:03:55.614  1256  1317 D RestartProcessManager: Screen off is false
06-20 02:03:55.614   746   746 I QTI PowerHAL: Got set_interactive hint on= 1, count= 2261
06-20 02:03:55.615   746   746 E QTI PowerHAL: Error opening /sys/kernel/hbtp/display_pwr: No such file or directory
06-20 02:03:55.615  1256  1315 I DisplayManagerService: Display device changed state: "Built-in Screen", ON
06-20 02:03:55.615   793   793 D SurfaceFlinger: Set power mode=2, type=0 flinger=0x73a9a55000
06-20 02:03:55.615   740  1100 I SDM     : DisplayBase::SetDisplayState: Set state = 1, display 28-0, teardown = 0
06-20 02:03:55.616  1256  1256 W FingerprintService: client com.android.systemui is authenticating...
06-20 02:03:55.616  1256  1256 D OnePlusPowerController: SCREEN is ON
06-20 02:03:55.616  1256  1256 D OnePlusPowerController: screen off duration: 404
06-20 02:03:55.618   740  1100 I SDM     : display call sensor batch, state : 3
06-20 02:03:55.619   747   747 I sensors-hal: notify_event_to_sensor:424, notify event to pocket : 3
06-20 02:03:55.619   747   747 I sensors-hal: ScreenStateEventCallBack:386, screen on, shut down pocket
06-20 02:03:55.619   747   747 I sensors-hal: SpecialDeactivate:207, pocket::SpecialDeactivate
06-20 02:03:55.619   747   747 I sensors-hal: batch:147, type : oneplus.sensor.pocket, would not batch and return directly
06-20 02:03:55.619   747   747 I sensors-hal: notify_event_to_sensor:1139, notify_event_to_sensor event : 3
06-20 02:03:55.619   747   747 I sensors-hal: ScreenStateEventCallBack:1426, not activate or sar test mode, return
06-20 02:03:55.619   747   747 I sensors-hal: batch:147, type : android.sensor.proximity, would not batch and return directly
06-20 02:03:55.619   740  1100 I SDM     : sar test State : 0
06-20 02:03:55.619   740  1100 I SDM     : isInfraredShutDown : 1, timeDistance : 413125
06-20 02:03:55.620  1256  1256 D OPSA    : ======BE_IMFORMED_SCREEN_ON======
06-20 02:03:55.620   740  1100 I SDM     : get infrared state finished, isInfraredShutDown : 1
06-20 02:03:55.622  1002  1348 D [GF_HAL][EventCenter]: [postEvent] enqueue event<-999>
06-20 02:03:55.623  1002  1367 D [GF_HAL][CaEntry]: [sendCommand] request token: 9396, target: 1000, cmd id: 11
06-20 02:03:55.624  1002  1367 D [GF_HAL][HalContext]: [invokeCommand] err = 0, errno = GF_SUCCESS
06-20 02:03:55.624  1256  1274 W AlarmManager: Unrecognized alarm listener com.android.server.OnePlusPowerController$2@e212c20
06-20 02:03:55.624 24865 24865 D LiveWallpaper.VideoEngine: onVisibilityChanged# visible=true
06-20 02:03:55.624 24865 24865 D LiveWallpaper.VideoEngine: playLockScreenAnim# play lock screen anim
06-20 02:03:55.624 24865 24865 D LiveWallpaper.VideoEngine: setPlaySpeed# mPrepared=true, speed=0.5
06-20 02:03:55.625   747  7337 I sensors-hal: handle_indication_realtime:367,  SCHED_FIFO(10) for qmi_cbk
06-20 02:03:55.625   747  7337 E sensors-hal: handle_sns_client_event:67, pickup_sample: ts = 354913777051431 ns; value = [0.000000, 0.000000, 0.000000]
06-20 02:03:55.626 24865 24865 I MediaPlayer: start
06-20 02:03:55.626   951  7318 I NuPlayerRenderer: onResume
06-20 02:03:55.627 24865 14463 W MediaPlayerNative: info/warning (3, 0)
06-20 02:03:55.627   960 25888 I OMX_VPP : set config: set vpp prop fps = 30
06-20 02:03:55.628  1256  6439 I ColorBalanceService: MSG:25
06-20 02:03:55.626  7338  7338 W ip6tables-wrapp: type=1400 audit(0.0:46562): avc: denied { read write } for path="/dev/diag" dev="tmpfs" ino=20822 scontext=u:r:netutils_wrapper:s0 tcontext=u:object_r:diag_device:s0 tclass=chr_file permissive=0
06-20 02:03:55.643  1256  1491 I InputReader: Reconfiguring input devices.  changes=0x00000004
06-20 02:03:55.645   747  7335 I sensors-hal: handle_indication_realtime:367,  SCHED_FIFO(10) for qmi_cbk
06-20 02:03:55.655  1758  1758 D OPTextClock: getTime = 02 03
06-20 02:03:55.658   790  2648 D AudioFlinger: setParameters(): io 0, keyvalue screen_state=on, calling pid 1256 calling uid 1000
06-20 02:03:55.658   793  1480 I SurfaceFlinger: fusionlight RGB time gap 66 ms
06-20 02:03:55.658  1256  1478 D SensorService: FusionLight, InLux = 22.459301, outLux = 22.459301
06-20 02:03:55.658   730  1301 D audio_hw_primary: adev_set_parameters: enter: screen_state=on
06-20 02:03:55.658  1256  1317 D AutomaticBrightnessController: setAmbientLux(22.459301)
06-20 02:03:55.658   730  1301 D audio_hw_extn: audio_extn_set_hac_parameters: hac_enabled:0
06-20 02:03:55.658   730  1301 D audio_hw_extn: audio_extn_set_anc_parameters: anc_enabled:0
06-20 02:03:55.658   730  1301 D audio_hw_spkr_prot: audio_extn_fbsp_set_parameters: Speaker protection disabled
06-20 02:03:55.658  1256  1317 D AutomaticBrightnessController: updateAutoBrightness: value=0.43177506, mScreenAutoBrightness=519, newScreenAutoBrightness=442
06-20 02:03:55.658   730  1301 V ultrasound_extn: ultrasound_extn_set_parameters: enter
06-20 02:03:55.658   730  1301 V ultrasound_extn: ultrasound_handle_screen_on_message: enter
06-20 02:03:55.658   730  1301 V ultrasound_extn: ultrasound_handle_screen_on_message: exit
06-20 02:03:55.658   730  1301 V ultrasound_extn: ultrasound_handle_sensor_fusion_message: enter
06-20 02:03:55.658   730  1301 V ultrasound_extn: ultrasound_handle_sensor_fusion_message: exit
06-20 02:03:55.658   730  1301 V ultrasound_extn: ultrasound_handle_slider_change_message: enter
06-20 02:03:55.658   730  1301 V ultrasound_extn: ultrasound_handle_slider_change_message: exit
06-20 02:03:55.658   730  1301 V ultrasound_extn: ultrasound_extn_set_parameters: usecase handling parms:screen_state=on
06-20 02:03:55.658  1256  1317 I DisplayPowerController: useProximityForceSuspend = false
06-20 02:03:55.658  1256  1317 D RestartProcessManager: Screen off is false
06-20 02:03:55.659  1256  1317 I DisplayPowerController: to be slow mode after SCREENON_BRIGHTNESS_BOOST_TIMEOUT
06-20 02:03:55.659  1256  1317 I DisplayPowerController: useProximityForceSuspend = false
06-20 02:03:55.659  1256  1317 D RestartProcessManager: Screen off is false
06-20 02:03:55.661  1256  1317 I DisplayPowerController: useProximityForceSuspend = false
06-20 02:03:55.661  1256  1317 D RestartProcessManager: Screen off is false
06-20 02:03:55.661  1256  1256 V SettingsProvider: Notifying for 0: content://settings/system/screen_brightness
06-20 02:03:55.662  1256  1274 E SensorManager: registerListenerImpl sensorName:OnePlus Fusion Light Sensor,isWakeUpSensor:false,callingApp: android.uid.system:1000,callingPid:1256,callingUid:1000
06-20 02:03:55.662  1256  1274 I SensorService: SensorEventConnection construct, mPackageName : com.android.server.display.BrightnessTracker
06-20 02:03:55.666   747   747 I sensors-hal: batch:165, qti.sensor.hardware_light/26, period=200000000, max_latency=0
06-20 02:03:55.666   747   747 I sensors-hal: batch:174, qti.sensor.hardware_light/26, period=200000000, max_latency=0 request completed
06-20 02:03:55.667  1256  1274 D SensorService: recordConnection in enable
06-20 02:03:55.667  1256  1315 I WindowManager: All windows ready for display!
06-20 02:03:55.667  1256  1274 E SensorService: 	 >>>ERROR: activate called without batch
06-20 02:03:55.667  1256  1290 W WindowManager: Setting mWindowManagerDrawComplete
06-20 02:03:55.667  1256  1274 I chatty  : uid=1000(system) android.bg identical 1 line
06-20 02:03:55.667  1256  1274 E SensorService: 	 >>>ERROR: activate called without batch
06-20 02:03:55.667  1256  1290 E SensorManager: registerListenerImpl sensorName:device_orient  Wakeup,isWakeUpSensor:true,callingApp: android.uid.system:1000,callingPid:1256,callingUid:1000
06-20 02:03:55.668  1256  1256 E Connor  : set training stop
06-20 02:03:55.668  1758  1758 D StatusBar.BrightnessController: don't update brightness change due to screen off.
06-20 02:03:55.668  1758  1758 D FingerprintDialogImpl: authenticatedPkg=com.android.systemui
06-20 02:03:55.669  1758  1758 D FingerprintDialogView: updateIconVisibility: fp client:com.android.systemui, forceHide:false, isBouncer:false, isImeShow:false, showOnWindow:true, goingToSleep:false, screenOn:false, isUnlockAllowed:true, interactive:true, keyguard:true, isDreaming:true, isOccluded:false, isFaceUnlocked:false, isSimPin:false, isQSExpanded:false, Camera:false, LeftAffordance:false, Prevent:false, isShowing:true, LockOut:false, recognizing:false, AodText:false, OffAuthenticating:false, visibility:0
06-20 02:03:55.669  1758  1758 D FingerprintDialogView: updateFpDaemonStatus: 5, showing = true, true
06-20 02:03:55.669  1758  1758 D FingerprintDialogView: updateDimViewVisibility: show = true, isScreenOn = false
06-20 02:03:55.669  1758  1758 W FingerprintDialogImpl: Dialog already showing
06-20 02:03:55.670  1758  1758 D DateTimeView: onDetachedFromWindow
06-20 02:03:55.670  1758  2497 D FingerprintDialogView: set dim mode to 1
06-20 02:03:55.671   754   754 D         : OneplusDisplay::setMode is OK mode=10 enable= 1
06-20 02:03:55.672  1256  3442 I OIMC    : notified , mode FingerPrintMode changeTo 1
06-20 02:03:55.672  1256  1501 I OIMC    : The mode: FingerPrintMode is already entered
06-20 02:03:55.673  1256  1290 I SensorService: SensorEventConnection construct, mPackageName : com.android.server.policy.WindowOrientationListener
06-20 02:03:55.677   747   747 I sensors-hal: batch:165, android.sensor.device_orientation/22, period=66667000, max_latency=0
06-20 02:03:55.677   747   747 I sensors-hal: batch:174, android.sensor.device_orientation/22, period=66667000, max_latency=0 request completed
06-20 02:03:55.677  1256  1290 D SensorService: recordConnection in enable
06-20 02:03:55.677   747   747 I sensors-hal: activate:111, android.sensor.device_orientation/22 en=1
06-20 02:03:55.678   747   747 I sensors-hal: ssc_enable_rt_task:259, ssc_enable_rt_task : true
06-20 02:03:55.680  1256  3462 W ActivityManager: Background start not allowed: service Intent { act=Orca.PERSISTENT_KICK_SKIP_PING cmp=com.facebook.orca/com.facebook.mqttlite.MqttService (has extras) } to com.facebook.orca/com.facebook.mqttlite.MqttService from pid=4859 uid=10165 pkg=com.facebook.orca startFg?=false
06-20 02:03:55.683   747   747 I sensors-hal: activate:122, android.sensor.device_orientation/22 en=1 completed
06-20 02:03:55.684  1256  1290 D WindowManager: finishScreenTurningOn: mAwake=true, mScreenOnEarly=true, mScreenOnFully=false, mKeyguardDrawComplete=true, mWindowManagerDrawComplete=true, mKeyguardDelegate.isShowing()= true, mKeyguardDelegate.isFingerprintAuthenticating()= false
06-20 02:03:55.684  1256  1290 I WindowManager: Finished screen turning on...
06-20 02:03:55.684  1256  1317 I DisplayPowerController: Unblocked screen on after 106 ms
06-20 02:03:55.684  1256  1317 I DisplayPowerController: useProximityForceSuspend = false
06-20 02:03:55.684  1256  1317 D RestartProcessManager: Screen off is false
06-20 02:03:55.684   747  1473 I sensors-hal: ReadScreenState:201, Read Events, fd = 11, n = 2, count = 0
06-20 02:03:55.684   747  1473 I sensors-hal: readEvent:111, InputEventCircularReader::readEvent
06-20 02:03:55.684   747  1473 I sensors-hal: readEvent:111, InputEventCircularReader::readEvent
06-20 02:03:55.684   747  1473 I sensors-hal: ReadEventsHandle:258, state : 1
06-20 02:03:55.684   747  1473 I sensors-hal: ReadScreenState:196, ReadScreenState
06-20 02:03:55.685  1256  1317 I DisplayPowerController: to be slow mode after SCREENON_BRIGHTNESS_BOOST_TIMEOUT
06-20 02:03:55.685   793   793 D SurfaceFlinger: Finished set power mode=2, type=0
06-20 02:03:55.686  1256  1317 D DisplayPowerController: BRIGHTNESS_RAMP_RATE_SCREENON #1
06-20 02:03:55.686  1256  1660 D SurfaceControl: Excessive delay in setPowerMode() mode 2 : 70ms
06-20 02:03:55.686  1256  1317 I DisplayPowerController: useProximityForceSuspend = false
06-20 02:03:55.686  1256  1317 D RestartProcessManager: Screen off is false
06-20 02:03:55.686  1256  1317 D DisplayPowerController: BRIGHTNESS_RAMP_RATE_SCREENON #1
06-20 02:03:55.686  1256  1317 V KeyguardServiceDelegate: onScreenTurnedOn()
06-20 02:03:55.687  1256  1317 I DreamManagerService: Gently waking up from dream.
06-20 02:03:55.687  1256  1256 I WindowManager: Finished waking up...
06-20 02:03:55.687  1256  1311 I DreamManagerService: Performing gentle wake from dream.
06-20 02:03:55.687  1256  1256 V KeyguardServiceDelegate: onFinishedWakingUp()
06-20 02:03:55.690   793  1252 W SurfaceFlinger: Attempting to destroy on removed layer: 13b28e2 OPAod#0
06-20 02:03:55.694  1256  3462 I DreamManagerService: Leaving dreamland.
06-20 02:03:55.695  1758 17159 D KeyguardViewMediator: onScreenTurnedOn
06-20 02:03:55.695  1256  1311 I DreamManagerService: Performing gentle wake from dream.
06-20 02:03:55.695  1256  1311 I DreamController: Stopping dream: name=ComponentInfo{com.android.systemui/com.android.systemui.doze.DozeService}, isTest=false, canDoze=true, userId=0
06-20 02:03:55.697  1256  1256 W AlarmManager: Unrecognized alarm listener com.android.server.job.controllers.-$$Lambda$IdleController$IdlenessTracker$nTdS-lGBXcES5VWKcJFmQFgU7IU@2ce8bfa
06-20 02:03:55.697  1758  1758 D DateTimeView: updateClockPattern: 0
06-20 02:03:55.697  1758  1758 D DateTimeView: update clockView12: hh mm clockView24:HH mm
06-20 02:03:55.697  1758  1758 D DateTimeView: refreshTime
06-20 02:03:55.698  1758  1758 D FingerprintDialogView: onScreenTurnedOn: 1.0
06-20 02:03:55.698  1758  1758 D FingerprintAnimationCtrl:  updateanimationRes to 0
06-20 02:03:55.698  1758  1758 D FingerprintDialogView: updateIconVisibility: fp client:com.android.systemui, forceHide:false, isBouncer:false, isImeShow:false, showOnWindow:true, goingToSleep:false, screenOn:true, isUnlockAllowed:true, interactive:true, keyguard:true, isDreaming:true, isOccluded:false, isFaceUnlocked:false, isSimPin:false, isQSExpanded:false, Camera:false, LeftAffordance:false, Prevent:false, isShowing:true, LockOut:false, recognizing:false, AodText:false, OffAuthenticating:false, visibility:0
06-20 02:03:55.698  1758  1758 D FingerprintDialogView: updateFpDaemonStatus: 5, showing = true, true
06-20 02:03:55.699  1758  1758 D FingerprintDialogView: updateDimViewVisibility: show = true, isScreenOn = true
06-20 02:03:55.699  1758  2497 D FingerprintDialogView: set dim mode to 1
06-20 02:03:55.699  1758  1758 I ClockCtrl: startUpdate: ScreenON, true
06-20 02:03:55.699  1758  1758 I KeyguardUpdateMonitor: onTimeChanged
06-20 02:03:55.699   754   754 D         : OneplusDisplay::setMode is OK mode=10 enable= 1
06-20 02:03:55.699  1758  2015 I ClockCtrl:  schedule next: 4301
06-20 02:03:55.700  1256  3442 I OIMC    : notified , mode FingerPrintMode changeTo 1
06-20 02:03:55.700  1256  1501 I OIMC    : The mode: FingerPrintMode is already entered
06-20 02:03:55.708  1256  1256 D OneplusAppPreload: ScreenStateReceiver : android.intent.action.SCREEN_ON
06-20 02:03:55.708  1758  1758 D KeyguardUpdateMonitor: shouldListen: visible= true, interactive= true, bouncer= false, goingToSleep= false, assist=false, occluded=false, dream=false, switchingUser= false, alreadyAuthenticated= false, away= false, disabled= false, camera= false, affordance= false, pocket= 0, lidOpen= true, imeShow= false, input= false, prevent:false, prevent Active:false, facelock type:0, isKeyguardDone:false, fakeLocking:false, screenOff:false, mScreenOn:true, allow:true, screenTurningOn:false, qsExpanded:false, shutingDown:false, isInBrickMode= false
06-20 02:03:55.708  1758  1758 D KeyguardUpdateMonitor: updateFPState: shouldListen = true, running = 1, lockout:false
06-20 02:03:55.708  1758  1758 D DozeLog : state FINISH
06-20 02:03:55.708  1940  1940 D DPMJ    : |SERVICE| DPM received action android.intent.action.SCREEN_ON
06-20 02:03:55.709  1758  1758 D DozeSensor.CustomProximityCheck: Unregister prox Sensor
06-20 02:03:55.709  1758  1758 D OPAodUtils: mMotionAwakeOn: true
06-20 02:03:55.709  1758  1758 D DozeSensor.MotionCheck: Unregister P Sensor
06-20 02:03:55.709  1758  2085 E SensorManager: unregisterListenerImpl callingApp: android.uid.systemui:10025,callingPid:1758,callingUid:10025
06-20 02:03:55.709  1758  1758 D KeyguardUpdateMonitor: handleTimeUpdate
06-20 02:03:55.710  1758  1758 D DateTimeView: updateClockPattern: 0
06-20 02:03:55.710  1758  1758 D DateTimeView: update clockView12: hh mm clockView24:HH mm
06-20 02:03:55.710  1758  1758 D DateTimeView: refreshTime
06-20 02:03:55.712  1256  3461 I SensorService: cleanupWithoutDisableLocked mActiveConnections.remove
06-20 02:03:55.712  1256  3461 D SensorService: recordConnection in disable
06-20 02:03:55.712   747   747 I sensors-hal: activate:111, oneplus.sensor.pocket/9 en=0
06-20 02:03:55.712   747   747 I sensors-hal: RealDeactivate:182, pocket::RealDeactivate
06-20 02:03:55.712   747   747 I sensors-hal: activate:122, oneplus.sensor.pocket/9 en=0 completed
06-20 02:03:55.712  1256  3461 I SensorService: cleanupConnection mActiveConnections.remove
06-20 02:03:55.712  1758  1758 I Clock   : onTimeChanged
06-20 02:03:55.712  1256  3461 I SensorService: SensorEventConnection destruct, mPackageName : com.android.systemui.doze.DozeSensors
06-20 02:03:55.712  1758  1758 I Clock   : onTimeChanged
06-20 02:03:55.712  1758  1758 I DateView: onTimeChanged
06-20 02:03:55.712  1758  2085 E SensorManager: unregisterListenerImpl callingApp: android.uid.systemui:10025,callingPid:1758,callingUid:10025
06-20 02:03:55.713  1256  2367 I SensorService: cleanupWithoutDisableLocked mActiveConnections.remove
06-20 02:03:55.713  1256  2367 D SensorService: recordConnection in disable
06-20 02:03:55.713   747   747 I sensors-hal: activate:111, oneplus.sensor.op_motion_detect/12 en=0
06-20 02:03:55.714   747   747 I sensors-hal: activate:122, oneplus.sensor.op_motion_detect/12 en=0 completed
06-20 02:03:55.714  1256  3461 I SensorService: cleanupConnection mActiveConnections.remove
06-20 02:03:55.714  1256  2367 I SensorService: SensorEventConnection destruct, mPackageName : com.android.systemui.doze.DozeSensors
06-20 02:03:55.723 15633 15633 I DeviceStatusMonitor: onReceive() : Action = android.intent.action.SCREEN_ON
06-20 02:03:55.728 16716 16716 I OPBreathMode: BreathModeScreenMonitorService:ACTION_SCREEN_ON
06-20 02:03:55.730  1256  1626 E ColorBalanceService: already disable color mode
06-20 02:03:55.726  7342  7342 W iptables-wrappe: type=1400 audit(0.0:46563): avc: denied { read write } for path="/dev/diag" dev="tmpfs" ino=20822 scontext=u:r:netutils_wrapper:s0 tcontext=u:object_r:diag_device:s0 tclass=chr_file permissive=0
06-20 02:03:55.747  1758  1758 D KeyguardUpdateMonitor: shouldListen: visible= true, interactive= true, bouncer= false, goingToSleep= false, assist=false, occluded=false, dream=false, switchingUser= false, alreadyAuthenticated= false, away= false, disabled= false, camera= false, affordance= false, pocket= 0, lidOpen= true, imeShow= false, input= false, prevent:false, prevent Active:false, facelock type:0, isKeyguardDone:false, fakeLocking:false, screenOff:false, mScreenOn:true, allow:true, screenTurningOn:false, qsExpanded:false, shutingDown:false, isInBrickMode= false
06-20 02:03:55.747  1758  1758 D KeyguardUpdateMonitor: updateFPState: shouldListen = true, running = 1, lockout:false
06-20 02:03:55.747  1758  1758 D KeyguardUpdateMonitor: shouldListen: visible= true, interactive= true, bouncer= false, goingToSleep= false, assist=false, occluded=false, dream=false, switchingUser= false, alreadyAuthenticated= false, away= false, disabled= false, camera= false, affordance= false, pocket= 0, lidOpen= true, imeShow= false, input= false, prevent:false, prevent Active:false, facelock type:0, isKeyguardDone:false, fakeLocking:false, screenOff:false, mScreenOn:true, allow:true, screenTurningOn:false, qsExpanded:false, shutingDown:false, isInBrickMode= false
06-20 02:03:55.747  1758  1758 D KeyguardUpdateMonitor: updateFPState: shouldListen = true, running = 1, lockout:false
06-20 02:03:55.758  2503  2503 D AbstractProcessor: onScreenOn
06-20 02:03:55.774  1256  1448 D AudioService: Volume controller visible: false
06-20 02:03:55.826  7345  7345 W ip6tables-wrapp: type=1400 audit(0.0:46564): avc: denied { read write } for path="/dev/diag" dev="tmpfs" ino=20822 scontext=u:r:netutils_wrapper:s0 tcontext=u:object_r:diag_device:s0 tclass=chr_file permissive=0
06-20 02:03:55.926  7346  7346 W iptables-wrappe: type=1400 audit(0.0:46565): avc: denied { read write } for path="/dev/diag" dev="tmpfs" ino=20822 scontext=u:r:netutils_wrapper:s0 tcontext=u:object_r:diag_device:s0 tclass=chr_file permissive=0
06-20 02:03:56.070   793  1252 I SurfaceFlinger: fusionlight RGB time gap 9 ms
06-20 02:03:56.070  1256  1478 D SensorService: FusionLight, InLux = 36.468121, outLux = 29.463711
06-20 02:03:56.105   747  7341 I sensors-hal: handle_indication_realtime:367,  SCHED_FIFO(10) for qmi_cbk
06-20 02:03:56.105   747  7341 E sensors-hal: handle_sns_client_event:65, device_orient_event: ts=354914261505389, type=4
06-20 02:03:56.130  1256  1626 E SDService-JNI: get current mode successfully, the current mode = 14
06-20 02:03:56.207   730  1301 D audio_hw_primary: out_set_parameters: enter: usecase(1: low-latency-playback) kvpairs: suspend_playback=false
06-20 02:03:56.207   730  1301 D audio_hw_extn: audio_extn_set_hac_parameters: hac_enabled:0
06-20 02:03:56.207   730  1301 D audio_hw_extn: audio_extn_set_anc_parameters: anc_enabled:0
06-20 02:03:56.207   730  1301 D audio_hw_spkr_prot: audio_extn_fbsp_set_parameters: Speaker protection disabled
06-20 02:03:56.210   790  1307 I APM_AudioPolicyManager: stopOutput() output 13, stream 1, session 18569
06-20 02:03:56.210   790  1307 I APM_AudioPolicyManager: getNewOutputDevice() selected device 0
06-20 02:03:56.210   790  1307 D AudioPolicyManagerCustom: stopSource  stopOutput()  with  forceDeviceUpdate : 0 --
06-20 02:03:56.254   730  1301 D audio_hw_primary: out_set_parameters: enter: usecase(1: low-latency-playback) kvpairs: suspend_playback=true
06-20 02:03:56.254   730  1301 D audio_hw_extn: audio_extn_set_hac_parameters: hac_enabled:0
06-20 02:03:56.254   730  1301 D audio_hw_extn: audio_extn_set_anc_parameters: anc_enabled:0
06-20 02:03:56.254   730  1301 D audio_hw_spkr_prot: audio_extn_fbsp_set_parameters: Speaker protection disabled
06-20 02:03:56.481   793  1252 I SurfaceFlinger: fusionlight RGB time gap 7 ms
06-20 02:03:56.481  1256  1478 D SensorService: FusionLight, InLux = 37.544746, outLux = 32.157391
06-20 02:03:56.546  7352  7352 W iptables-wrappe: type=1400 audit(0.0:46571): avc: denied { read write } for path="/dev/diag" dev="tmpfs" ino=20822 scontext=u:r:netutils_wrapper:s0 tcontext=u:object_r:diag_device:s0 tclass=chr_file permissive=0
06-20 02:03:56.646  7353  7353 W ip6tables-wrapp: type=1400 audit(0.0:46572): avc: denied { read write } for path="/dev/diag" dev="tmpfs" ino=20822 scontext=u:r:netutils_wrapper:s0 tcontext=u:object_r:diag_device:s0 tclass=chr_file permissive=0
06-20 02:03:57.255   730  1301 D audio_hw_primary: out_set_parameters: enter: usecase(1: low-latency-playback) kvpairs: suspend_playback=false
06-20 02:03:57.255   730  1301 D audio_hw_extn: audio_extn_set_hac_parameters: hac_enabled:0
06-20 02:03:57.255   730  1301 D audio_hw_extn: audio_extn_set_anc_parameters: anc_enabled:0
06-20 02:03:57.255   730  1301 D audio_hw_spkr_prot: audio_extn_fbsp_set_parameters: Speaker protection disabled
06-20 02:03:57.301   730  1301 D audio_hw_primary: out_set_parameters: enter: usecase(1: low-latency-playback) kvpairs: suspend_playback=true
06-20 02:03:57.301   730  1301 D audio_hw_extn: audio_extn_set_hac_parameters: hac_enabled:0
06-20 02:03:57.301   730  1301 D audio_hw_extn: audio_extn_set_anc_parameters: anc_enabled:0
06-20 02:03:57.301   730  1301 D audio_hw_spkr_prot: audio_extn_fbsp_set_parameters: Speaker protection disabled
06-20 02:03:57.593  1758  1758 V KeyguardStatusView: Enable transport text marquee
06-20 02:03:57.867  1758  1758 D FingerprintDialogView: showFingerprintPressed, owner:com.android.systemui, done:false
06-20 02:03:57.867  1758  1758 D FingerprintDialogImpl: updateTransparentIconLayoutParams: true
06-20 02:03:57.869  1758  1758 D FingerprintAnimationCtrl: playAnimation: type = 1, current state = 0
06-20 02:03:57.869  1758  1758 D FingerprintAnimationCtrl: stopAnimation: current state = 0, mOnGoingAnimationView = null
06-20 02:03:57.869  1758  1758 D FrameAnimationHelper: start
06-20 02:03:57.869  1758  1758 D FrameAnimationHelper: prepareResource startFrameIndex = 0 frameNum = 70
06-20 02:03:57.872  1758  1758 D FingerprintDialogView: set press mode to 1, false
06-20 02:03:57.874   754   754 D         : OneplusDisplay::setMode is OK mode=9 enable= 1
06-20 02:03:57.891   765   817 E ANDR-PERF-MPCTL: Invalid profile no. 0, total profiles 0 only
06-20 02:03:57.906  1002  1348 D [GF_HAL][CaEntry]: [sendCommand] request token: 9397, target: 1002, cmd id: 9
06-20 02:03:57.913  1002  1348 D [GF_HAL][HalContext]: [invokeCommand] err = 0, errno = GF_SUCCESS
06-20 02:03:57.913  1002  1348 D [GF_HAL][Sensor]: [doWakeup] ### wakeup ###
06-20 02:03:57.913  1002  1348 D [GF_HAL][Fpsys]: notify finger ready
06-20 02:03:57.913  1002  1348 D [GF_HAL][EventCenter]: [postEvent] enqueue event<16>
06-20 02:03:57.914  1002  1367 D [GF_HAL][FingerprintCore]: [onEvent] event = 16 workstate = 2
06-20 02:03:57.921  1758  1758 D FrameAnimationHelper: set mBitmap = 0
06-20 02:03:57.923  1002  1348 D [GF_HAL][EventCenter]: [postEvent] enqueue event<2>
06-20 02:03:57.923  1002  1367 D [GF_HAL][FingerprintCore]: [onEvent] event = 2 workstate = 2
06-20 02:03:57.923  1002  1367 D [GF_HAL][FingerprintCore]: [notifyAcquiredInfo] acquired_info=1000
06-20 02:03:57.923  1002  1367 D android.hardware.biometrics.fingerprint@2.1-service: onAcquired(6)
06-20 02:03:57.923  1002  1367 D [GF_HAL][Fpsys]: fp_set_dim_layer
06-20 02:03:57.923  1002  1367 D [GF_HAL][HalDsp]: [checkDspValid] dsp status:1
06-20 02:03:57.923  1002  1367 D [GF_HAL][HalDsp]: [sendCmdToDsp] cmd type:3
06-20 02:03:57.923  1002  1367 D [GF_HAL][Fpsys]: read aod node sucessed 0
06-20 02:03:57.923  1256  1492 D FingerprintService: onAcquired, 6, code:0, lockout:false
06-20 02:03:57.923  1256  1293 E BatteryExternalStatsWorker: no controller energy info supplied for bluetooth
06-20 02:03:57.923  1002  1367 D [GF_HAL][CaEntry]: [sendCommand] request token: 9398, target: 1002, cmd id: 3
06-20 02:03:57.923  1002  1207 D [GF_HAL][gf_proxy_main]: [gf_proxy_set_high_dsp_freq] enter
06-20 02:03:57.924  1256  1256 D FingerprintService: acquiredInfo = 6
06-20 02:03:57.925  1002  1207 D [GF_HAL][gf_proxy_main]: [gf_proxy_set_high_dsp_freq] exit
06-20 02:03:57.939  1758  1758 D FingerprintController: onFingerprintAcquired: accquireInfo=6 isPulsing=false
06-20 02:03:57.940  1758  1758 D FingerprintController: setFingerprintState: true, result: 1
06-20 02:03:57.940  1758  1758 D KeyguardViewMediator: notifyAuthenticate Change: true, type:1, currentType:0, result:1
06-20 02:03:57.940  1256  3461 D KeyguardStateMonitor: onFingerprintStateChange , true, false, authType:1, result:1
06-20 02:03:57.940  1256  3461 D WindowManager: onKeyguardFingerprintChanged, 1, 1, 0
06-20 02:03:57.940  1256  1290 D WindowManager: handleAuthStateChange, authenticating:true, authType:1, result:1, sf:false
06-20 02:03:57.940  1758  1758 D FingerprintController: onFingerprintUnlockStart, screenOn:true , dream:false , live:false, interactive: true
06-20 02:03:57.940  1758  1758 W FingerprintManager: Invalid Acquired message: 6, 0
06-20 02:03:57.941  1758  1758 D FrameAnimationHelper: set mBitmap = 1
06-20 02:03:57.946  1256  1274 D BatteryStatsService: @@@@ awaitUninterruptibly in 37 ms
06-20 02:03:57.946  1256  1274 D BatteryStatsHelper: ===processSingleAppUsage===
06-20 02:03:57.955  1758  1758 D FingerprintDialogImpl: handleFingerprintAcquire: acquireInfo = 6, onViewPressing = true, SensorPressing = false, vendorCode = 0, interactive = true, IconShow = true, dialogShowing = true
06-20 02:03:57.955  1758  1758 D FingerprintDialogView: remove time out message
06-20 02:03:57.955  1758  1758 D FrameAnimationHelper: set mBitmap = 2
06-20 02:03:57.961  1256  1274 D BatteryStatsService: ext-flush too soon, skip
06-20 02:03:57.961  1256  1274 D BatteryStatsHelper: ===processSingleAppUsage===
06-20 02:03:57.972  1758  1758 D FrameAnimationHelper: set mBitmap = 3
06-20 02:03:57.988  1758  1758 D FrameAnimationHelper: set mBitmap = 4
06-20 02:03:58.005  1758  1758 D FrameAnimationHelper: set mBitmap = 5
06-20 02:03:58.022  1758  1758 D FrameAnimationHelper: set mBitmap = 6
06-20 02:03:58.023  1002  1367 D [GF_HAL][HalContext]: [invokeCommand] err = 0, errno = GF_SUCCESS
06-20 02:03:58.023  1002  1367 D [GF_HAL][HalDsp]: [checkDspValid] dsp status:1
06-20 02:03:58.023  1002  1367 D [GF_HAL][CaEntry]: [sendCommand] request token: 9399, target: 1001, cmd id: 5
06-20 02:03:58.039  1758  1758 D FrameAnimationHelper: set mBitmap = 7
06-20 02:03:58.043  1002  1367 D [GF_HAL][HalContext]: [invokeCommand] err = 0, errno = GF_SUCCESS
06-20 02:03:58.043  1002  1367 D [GF_HAL][HalDsp]: [sendCmdToDsp] cmd type:1
06-20 02:03:58.043  1002  1367 D [GF_HAL][HalDsp]: [clearDspSem] there is no dsp sem
06-20 02:03:58.043  1002  1207 D [GF_HAL][gf_proxy_main]: [gf_proxy_send_cmd_to_dsp] enter
06-20 02:03:58.043  1002  1207 D [GF_HAL][gf_proxy_main]: [gf_proxy_send_cmd_to_dsp] send_command success for cmd type:2, times:0
06-20 02:03:58.043  1002  1207 D [GF_HAL][gf_proxy_main]: [gf_proxy_send_cmd_to_dsp] exit
06-20 02:03:58.043  1002  1367 D [GF_HAL][Algo]: [authImage] wait cdsp return
06-20 02:03:58.043  1002  1367 D [GF_HAL][HalDsp]: [waitDspNotify] hal begin wait sem
06-20 02:03:58.055  1758  1758 D FrameAnimationHelper: set mBitmap = 8
06-20 02:03:58.056  1002  1210 D [GF_HAL][gf_arm_proxy_imp]: [arm_proxy_notify] enter
06-20 02:03:58.056  1002  1210 D [GF_HAL][gf_proxy_main]: [gf_proxy_set_dsp_result] enter
06-20 02:03:58.056  1002  1210 D [GF_HAL][gf_proxy_main]: [gf_proxy_set_dsp_result] exit
06-20 02:03:58.056  1002  1367 D [GF_HAL][HalDsp]: [waitDspNotify] hal end wait sem, ret_sem:0
06-20 02:03:58.056  1002  1367 D [GF_HAL][gf_proxy_main]: [gf_proxy_get_dsp_result] dsp result:0x0
06-20 02:03:58.056  1002  1210 D [GF_HAL][gf_arm_proxy_imp]: [arm_proxy_notify] Received notify from DSP cmd:0x2 result:0x0, and post sem
06-20 02:03:58.056  1002  1367 D [GF_HAL][Algo]: [authImage] dsp retry frame 0 dsp_get_feature2 time cost = 13ms!
06-20 02:03:58.056  1002  1367 D [GF_HAL][CaEntry]: [sendCommand] request token: 9400, target: 1001, cmd id: 6
06-20 02:03:58.056  1002  1210 D [GF_HAL][gf_arm_proxy_imp]: [arm_proxy_notify] exit
06-20 02:03:58.072  1758  1758 D FrameAnimationHelper: set mBitmap = 9
06-20 02:03:58.088  1758  1758 D FrameAnimationHelper: set mBitmap = 10
06-20 02:03:58.105  1758  1758 D FrameAnimationHelper: set mBitmap = 11
06-20 02:03:58.121  1758  1758 D FrameAnimationHelper: set mBitmap = 12
06-20 02:03:58.138  1758  1758 D FrameAnimationHelper: set mBitmap = 13
06-20 02:03:58.144  1002  1367 E [GF_HAL][CaEntry]: [sendCommand] QSEE TEE execute command failed.
06-20 02:03:58.144  1002  1367 E [GF_HAL][CaEntry]: [sendCommand] exit. err=GF_ERROR_NOT_MATCH, errno=1008
06-20 02:03:58.144  1002  1367 D [GF_HAL][HalContext]: [invokeCommand] err = 1008, errno = GF_ERROR_NOT_MATCH
06-20 02:03:58.144  1002  1367 E [GF_HAL][Algo]: [authImage] GF_CMD_ALGO_AUTHENTICATE_HVX_GET_FEATURE_THREE fail
06-20 02:03:58.144  1002  1367 D [GF_HAL][HalDsp]: [sendCmdToDsp] cmd type:1
06-20 02:03:58.144  1002  1367 D [GF_HAL][HalDsp]: [clearDspSem] there is no dsp sem
06-20 02:03:58.144  1002  1207 D [GF_HAL][gf_proxy_main]: [gf_proxy_send_cmd_to_dsp] enter
06-20 02:03:58.145  1002  1207 D [GF_HAL][gf_proxy_main]: [gf_proxy_send_cmd_to_dsp] send_command success for cmd type:2, times:0
06-20 02:03:58.145  1002  1207 D [GF_HAL][gf_proxy_main]: [gf_proxy_send_cmd_to_dsp] exit
06-20 02:03:58.145  1002  1367 D [GF_HAL][Algo]: [authImage] wait cdsp return
06-20 02:03:58.145  1002  1367 D [GF_HAL][HalDsp]: [waitDspNotify] hal begin wait sem
06-20 02:03:58.155  1758  1758 D FrameAnimationHelper: set mBitmap = 14
06-20 02:03:58.162  1002  1210 D [GF_HAL][gf_arm_proxy_imp]: [arm_proxy_notify] enter
06-20 02:03:58.162  1002  1210 D [GF_HAL][gf_proxy_main]: [gf_proxy_set_dsp_result] enter
06-20 02:03:58.162  1002  1210 D [GF_HAL][gf_proxy_main]: [gf_proxy_set_dsp_result] exit
06-20 02:03:58.162  1002  1367 D [GF_HAL][HalDsp]: [waitDspNotify] hal end wait sem, ret_sem:0
06-20 02:03:58.162  1002  1367 D [GF_HAL][gf_proxy_main]: [gf_proxy_get_dsp_result] dsp result:0x0
06-20 02:03:58.162  1002  1367 D [GF_HAL][Algo]: [authImage] dsp retry frame 0 dsp_get_feature2 time cost = 17ms!
06-20 02:03:58.162  1002  1210 D [GF_HAL][gf_arm_proxy_imp]: [arm_proxy_notify] Received notify from DSP cmd:0x2 result:0x0, and post sem
06-20 02:03:58.162  1002  1367 D [GF_HAL][CaEntry]: [sendCommand] request token: 9401, target: 1001, cmd id: 7
06-20 02:03:58.162  1002  1210 D [GF_HAL][gf_arm_proxy_imp]: [arm_proxy_notify] exit
06-20 02:03:58.172  1758  1758 D FrameAnimationHelper: set mBitmap = 15
06-20 02:03:58.189  1758  1758 D FrameAnimationHelper: set mBitmap = 16
06-20 02:03:58.205  1758  1758 D FrameAnimationHelper: set mBitmap = 17
06-20 02:03:58.222  1758  1758 D FrameAnimationHelper: set mBitmap = 18
06-20 02:03:58.239  1758  1758 D FrameAnimationHelper: set mBitmap = 19
06-20 02:03:58.255  1758  1758 D FrameAnimationHelper: set mBitmap = 20
06-20 02:03:58.272  1758  1758 D FrameAnimationHelper: set mBitmap = 21
06-20 02:03:58.288  1758  1758 D FrameAnimationHelper: set mBitmap = 22
06-20 02:03:58.301   730  1301 D audio_hw_primary: out_set_parameters: enter: usecase(1: low-latency-playback) kvpairs: suspend_playback=false
06-20 02:03:58.302   730  1301 D audio_hw_extn: audio_extn_set_hac_parameters: hac_enabled:0
06-20 02:03:58.302   730  1301 D audio_hw_extn: audio_extn_set_anc_parameters: anc_enabled:0
06-20 02:03:58.302   730  1301 D audio_hw_spkr_prot: audio_extn_fbsp_set_parameters: Speaker protection disabled
06-20 02:03:58.302   730  3250 D audio_hw_primary: out_standby: enter: stream (0xef99e000) usecase(1: low-latency-playback)
06-20 02:03:58.305  1758  1758 D FrameAnimationHelper: set mBitmap = 23
06-20 02:03:58.318   730  3250 D audio_hw_primary: disable_audio_route: reset and update mixer path: low-latency-playback quat_i2s
06-20 02:03:58.318   730  3250 D audio_route: Reset path: low-latency-playback quat_i2s
06-20 02:03:58.318   730  3250 D soundtrigger: audio_extn_sound_trigger_update_stream_status: uc_info->id 1 of type 0 for Event 2, with Raise=0
06-20 02:03:58.318   730  3250 D hardware_info: hw_info_append_hw_type : device_name = speaker
06-20 02:03:58.318   730  3250 D audio_hw_primary: disable_snd_device: snd_device(10: speaker)
06-20 02:03:58.319   730  3250 D msm8974_platform: platform_split_snd_device: snd_device(10) num devices(0) new_snd_devices(0)
06-20 02:03:58.323  1758  1758 D FrameAnimationHelper: set mBitmap = 24
06-20 02:03:58.330  1758  1758 D FingerprintDialogImpl: updateTransparentIconLayoutParams: false
06-20 02:03:58.331  1758  1758 D FingerprintDialogView: hideFingerprintPressed, owner:com.android.systemui, done:false
06-20 02:03:58.331  1758  1758 D FingerprintDialogView: set press mode to 0, false
06-20 02:03:58.331  1758  1758 D FingerprintAnimationCtrl: playAnimation: type = 2, current state = 1
06-20 02:03:58.331  1758  1758 D FingerprintAnimationCtrl: stopAnimation: current state = 1, mOnGoingAnimationView = com.android.systemui.fingerprint.FingerprintAnimationView{d3dfbcb V.ED..... ......ID 265,0-815,550 #7f0a02fc app:id/op_fingerprint_animation_view_1}
06-20 02:03:58.331  1758  1758 D FrameAnimationHelper: stop
06-20 02:03:58.331  1758  1758 D FrameAnimationHelper: stop
06-20 02:03:58.331  1758  1758 D FrameAnimationHelper: start
06-20 02:03:58.331  1758  1758 D FrameAnimationHelper: prepareResource startFrameIndex = 0 frameNum = 0
06-20 02:03:58.331   754   754 D         : OneplusDisplay::setMode is OK mode=9 enable= 0
06-20 02:03:58.333   730  3250 D hardware_info: hw_info_append_hw_type : device_name = vi-feedback
06-20 02:03:58.333   730  3250 D audio_hw_primary: disable_snd_device: snd_device(151: vi-feedback)
06-20 02:03:58.333   730  3250 D msm8974_platform: platform_split_snd_device: snd_device(151) num devices(0) new_snd_devices(-262892864)
06-20 02:03:58.333   730  3250 D audio_route: Reset path: vi-feedback
06-20 02:03:58.333   730  3250 I soundtrigger: audio_extn_sound_trigger_update_device_status: device 0x97 of type 1 for Event 0, with Raise=0
06-20 02:03:58.333   730  3250 D audio_hw_primary: disable_audio_route: reset and update mixer path: spkr-vi-record
06-20 02:03:58.333   730  3250 D audio_route: Reset path: spkr-vi-record
06-20 02:03:58.335   730  3250 D soundtrigger: audio_extn_sound_trigger_update_stream_status: uc_info->id 48 of type 1 for Event 2, with Raise=0
06-20 02:03:58.335   730  3250 D audio_route: Reset path: speaker
06-20 02:03:58.335   730  3250 I soundtrigger: audio_extn_sound_trigger_update_device_status: device 0xa of type 0 for Event 0, with Raise=0
06-20 02:03:58.335   730  1314 E notify_sensor_hal_hidl: ======>lkh call sensor batch
06-20 02:03:58.335   730  3250 D audio_hw_primary: disable_snd_device:NotifyAudioState AUDIO_ULTRASOUND_DISABLE !!
06-20 02:03:58.335   730  3250 D audio_hw_primary: out_standby: exit
06-20 02:03:58.335   747   747 I sensors-hal: notify_event_to_sensor:1139, notify_event_to_sensor event : 0
06-20 02:03:58.335   747   747 I sensors-hal: AudioStateEventCallBack:1113, not active, return
06-20 02:03:58.335   747   747 I sensors-hal: batch:147, type : android.sensor.proximity, would not batch and return directly
06-20 02:03:58.335   730  1314 I audio_hw_primary: NotifyAudioState :0
06-20 02:03:58.350  1002  1367 D [GF_HAL][HalContext]: [invokeCommand] err = 0, errno = GF_SUCCESS
06-20 02:03:58.350  1002  1367 D [GF_HAL][FingerprintCore]: [onAuthDownEvt] antipeep & screen struct flag : 0
06-20 02:03:58.350  1002  1367 D [GF_HAL][FingerprintCore]: [notifyAcquiredInfo] acquired_info=0
06-20 02:03:58.350  1002  1367 D android.hardware.biometrics.fingerprint@2.1-service: onAcquired(0)
06-20 02:03:58.350  1002  1367 D [GF_HAL][FingerprintCore]: [notifyAuthSuccess] Auth success, fid = 3261916710
06-20 02:03:58.350  1002  1367 D android.hardware.biometrics.fingerprint@2.1-service: onAuthenticated(fid=-1033050586, gid=0)
06-20 02:03:58.351  1002  1367 D [GF_HAL][Fpsys]: fp_set_tpirq_enable 2
06-20 02:03:58.351  1002  1367 D [GF_HAL][Fpsys]: fp_set_dim_layer
06-20 02:03:58.351  1002  1367 D [GF_HAL][FingerprintCore]: release_cpubw E
06-20 02:03:58.351  1256  1492 D FingerprintService: onAcquired, 0, code:0, lockout:false
06-20 02:03:58.351  1256  1256 D FingerprintService: acquiredInfo = 0
06-20 02:03:58.351  1002  1367 D [GF_HAL][CaEntry]: [sendCommand] request token: 9402, target: 1000, cmd id: 12
06-20 02:03:58.352  1256  1256 D FingerprintService: handleAuthenticated: 0
06-20 02:03:58.352  1002  1348 D [GF_HAL][Fpsys]: clear finger ready flag
06-20 02:03:58.352  1002  1348 D [GF_HAL][EventCenter]: [postEvent] enqueue event<32>
06-20 02:03:58.354  1002  1367 D [GF_HAL][HalContext]: [invokeCommand] err = 0, errno = GF_SUCCESS
06-20 02:03:58.354  1002  1367 D [GF_HAL][SZFingerprintCore]: [onAuthStop] retry count:0
06-20 02:03:58.354  1002  1367 D [GF_HAL][CaEntry]: [sendCommand] request token: 9403, target: 1002, cmd id: 11
06-20 02:03:58.356  1002  1367 D [GF_HAL][HalContext]: [invokeCommand] err = 0, errno = GF_SUCCESS
06-20 02:03:58.356  1002  1367 D [GF_HAL][CaEntry]: [sendCommand] request token: 9404, target: 1002, cmd id: 8
06-20 02:03:58.357   928   928 D keystore: AddAuthenticationToken: timestamp = 354919259, time_received = 128379
06-20 02:03:58.357  1256  1256 V FingerprintService: onAuthenticated(owner=com.android.systemui, id=-1033050586, gp=0)
06-20 02:03:58.359  1256  1256 V FingerprintService: Done with client: com.android.systemui
06-20 02:03:58.359  1758  1781 D FingerprintDialogView: fp client to null
06-20 02:03:58.362  1758  1758 D FingerprintController: onFingerprintAcquired: accquireInfo=0 isPulsing=false
06-20 02:03:58.363  1758  1758 D FingerprintAnimationCtrl: stopAnimation: current state = 2, mOnGoingAnimationView = com.android.systemui.fingerprint.FingerprintAnimationView{3dba3aa V.ED..... ........ 265,0-815,550 #7f0a02fd app:id/op_fingerprint_animation_view_3}
06-20 02:03:58.363  1758  1758 D FrameAnimationHelper: stop
06-20 02:03:58.363  1758  1758 D FingerprintDialogView: setDisplayPressMode: the same state
06-20 02:03:58.363  1758  1758 D FingerprintDialogView: updateFpDaemonStatus: 6, showing = true, true
06-20 02:03:58.363  1758  1758 D FingerprintDialogView: updateDimViewVisibility: show = false, isScreenOn = true
06-20 02:03:58.363  1758  1758 D FingerprintDialogView: handleFpResultEvent, false, keyguardDone = true
06-20 02:03:58.363  1758  2497 D FingerprintDialogView: set dim mode to 0
06-20 02:03:58.363   754   754 D         : OneplusDisplay::setMode is OK mode=10 enable= 0
