06-20 02:03:50.981  1256  7434 I WindowManager: WIN DEATH: Window{8c08cbd u0 com.google.android.googlequicksearchbox/com.google.android.apps.gsa.searchnow.SearchNowActivity}
06-20 02:03:50.981  1256  7434 W InputDispatcher: Attempted to unregister already unregistered input channel '8c08cbd com.google.android.googlequicksearchbox/com.google.android.apps.gsa.searchnow.SearchNowActivity (server)'
06-20 02:03:50.983  1912  1912 I QcrilOemhookMsgTunnel: [0]invokeOemRilRequestRaw: serial=3106 length=24
06-20 02:03:50.990  1912  1985 I QcrilOemhookMsgTunnel: [0]processOemHookResponse serial no: 3106 error: 0length=0
06-20 02:03:50.990  1912  1912 D QcrilMsgTunnelIfaceManager: handleMessage what = 2
06-20 02:03:50.991  1912  1912 D QcrilMsgTunnelIfaceManager: handleMessage what = 1
06-20 02:03:50.992  1912  1912 I QcrilOemhookMsgTunnel: [1]invokeOemRilRequestRaw: serial=3107 length=24
06-20 02:03:50.993  1912  1985 I QcrilOemhookMsgTunnel: [0]processOemHookIndication length=28
06-20 02:03:50.993  1912  1985 I QcrilOemhookMsgTunnel: [0]Response ID in RIL_UNSOL_OEM_HOOK_RAW is 525388
06-20 02:03:50.993  1912  1912 D QcrilMsgTunnelIfaceManager: handleMessage what = 0
06-20 02:03:50.995  1912  1985 I QcrilOemhookMsgTunnel: [1]processOemHookResponse serial no: 3107 error: 0length=0
06-20 02:03:50.998  1912  1985 I QcrilOemhookMsgTunnel: [1]processOemHookIndication length=28
06-20 02:03:50.998  1912  1985 I QcrilOemhookMsgTunnel: [1]Response ID in RIL_UNSOL_OEM_HOOK_RAW is 525388
06-20 02:03:51.000   793  1480 W SurfaceFlinger: Attempting to destroy on removed layer: AppWindowToken{398764d token=Token{fdc01e4 ActivityRecord{9c4b177 u0 com.google.android.googlequicksearchbox/com.google.android.apps.gsa.searchnow.SearchNowActivity t1568}}}#0
06-20 02:03:51.005  1256  1292 W libprocessgroup: kill(-12878, 9) failed: No such process
06-20 02:03:51.013   793  1252 W SurfaceFlinger: Attempting to destroy on removed layer: AppWindowToken{413d3b5 token=Token{f6e53ec ActivityRecord{794669f u0 com.oneplus.deskclock/.DeskClock t1569}}}#0
06-20 02:03:51.018  1256  3461 W ActivityManager: Scheduling restart of crashed service com.android.chrome/org.chromium.content.app.SandboxedProcessService4 in 1000ms
06-20 02:03:51.021  1813  1813 I Zygote  : Process 28005 exited due to signal (9)
06-20 02:03:51.022  1256  1315 W ActivityManager: setHasOverlayUi called on unknown pid: 21196
06-20 02:03:51.023  1912  1912 D QcrilMsgTunnelIfaceManager: handleMessage what = 2
06-20 02:03:51.023  1912  1912 D QcrilMsgTunnelIfaceManager: handleMessage what = 0
06-20 02:03:51.026  1912  1912 D QcrilMsgTunnelIfaceManager: handleMessage what = 1
06-20 02:03:51.027  1912  1912 I QcrilOemhookMsgTunnel: [0]invokeOemRilRequestRaw: serial=3108 length=24
06-20 02:03:51.028  1912  1985 I QcrilOemhookMsgTunnel: [0]processOemHookResponse serial no: 3108 error: 0length=0
06-20 02:03:51.029  1912  1912 D QcrilMsgTunnelIfaceManager: handleMessage what = 2
06-20 02:03:51.031  1912  1912 D QcrilMsgTunnelIfaceManager: handleMessage what = 1
06-20 02:03:51.032  1912  1912 I QcrilOemhookMsgTunnel: [1]invokeOemRilRequestRaw: serial=3109 length=24
06-20 02:03:51.033  1912  1985 I QcrilOemhookMsgTunnel: [0]processOemHookIndication length=28
06-20 02:03:51.033  1912  1985 I QcrilOemhookMsgTunnel: [0]Response ID in RIL_UNSOL_OEM_HOOK_RAW is 525388
06-20 02:03:51.033  1912  1912 D QcrilMsgTunnelIfaceManager: handleMessage what = 0
06-20 02:03:51.034  1912  1985 I QcrilOemhookMsgTunnel: [1]processOemHookResponse serial no: 3109 error: 0length=0
06-20 02:03:51.043  1813  1813 I Zygote  : Process 27900 exited due to signal (9)
06-20 02:03:51.045  1256  1292 W libprocessgroup: kill(-12878, 9) failed: No such process
06-20 02:03:51.047  1912  1912 D QcrilMsgTunnelIfaceManager: handleMessage what = 2
06-20 02:03:51.048  1912  1985 I QcrilOemhookMsgTunnel: [1]processOemHookIndication length=28
06-20 02:03:51.048  1912  1985 I QcrilOemhookMsgTunnel: [1]Response ID in RIL_UNSOL_OEM_HOOK_RAW is 525388
06-20 02:03:51.048  1912  1912 D QcrilMsgTunnelIfaceManager: handleMessage what = 0
06-20 02:03:51.052  1256  2653 W ActivityManager: Scheduling restart of crashed service com.android.chrome/org.chromium.content.app.SandboxedProcessService3 in 10966ms
06-20 02:03:51.059  1912  1912 D QcrilMsgTunnelIfaceManager: handleMessage what = 1
06-20 02:03:51.060  1912  1912 I QcrilOemhookMsgTunnel: [0]invokeOemRilRequestRaw: serial=3110 length=24
06-20 02:03:51.061  1912  1985 I QcrilOemhookMsgTunnel: [0]processOemHookResponse serial no: 3110 error: 0length=0
06-20 02:03:51.061 15445 15445 I RecentsModel: onTaskStackChanged# mTaskChangeId=1497
06-20 02:03:51.061  1912  1912 D QcrilMsgTunnelIfaceManager: handleMessage what = 2
06-20 02:03:51.062  1912  1985 I QcrilOemhookMsgTunnel: [0]processOemHookIndication length=28
06-20 02:03:51.062  1912  1985 I QcrilOemhookMsgTunnel: [0]Response ID in RIL_UNSOL_OEM_HOOK_RAW is 525388
06-20 02:03:51.063  1912  1912 D QcrilMsgTunnelIfaceManager: handleMessage what = 0
06-20 02:03:51.064  1912  1912 D QcrilMsgTunnelIfaceManager: handleMessage what = 1
06-20 02:03:51.064  1912  1912 I QcrilOemhookMsgTunnel: [1]invokeOemRilRequestRaw: serial=3111 length=24
06-20 02:03:51.065  1912  1985 I QcrilOemhookMsgTunnel: [1]processOemHookResponse serial no: 3111 error: 0length=0
06-20 02:03:51.066  1912  1912 D QcrilMsgTunnelIfaceManager: handleMessage what = 2
06-20 02:03:51.067  1256  2367 D EmbryoManager: prepare com.android.chrome user 0
06-20 02:03:51.068  1256  2367 W ActivityManager: Scheduling restart of crashed service com.android.chrome/org.chromium.content.app.PrivilegedProcessService4 in 20950ms
06-20 02:03:51.069  1912  1985 I QcrilOemhookMsgTunnel: [1]processOemHookIndication length=28
06-20 02:03:51.069  1912  1985 I QcrilOemhookMsgTunnel: [1]Response ID in RIL_UNSOL_OEM_HOOK_RAW is 525388
06-20 02:03:51.070   675   675 I Zygote  : Process 27360 exited due to signal (9)
06-20 02:03:51.070  1912  1912 D QcrilMsgTunnelIfaceManager: handleMessage what = 0
06-20 02:03:51.075  1256 15529 D EmbryoManager: prepare com.instagram.android user 0
06-20 02:03:51.076  1256 15529 W ActivityManager: Scheduling restart of crashed service com.instagram.android/com.facebook.rti.push.service.FbnsService in 30943ms
06-20 02:03:51.078   674   674 I Zygote  : Process 21646 exited due to signal (9)
06-20 02:03:51.081  1256 15529 D OneplusAppPreload: This package is removed via recent tasks, discard preload : com.instagram.android
06-20 02:03:51.081  1256 15529 D OneplusAppPreload: Preload package : com.instagram.android do not support preload
06-20 02:03:51.082  1256  1490 W InputDispatcher: channel 'd7616c5 com.android.chrome/com.google.android.apps.chrome.Main (server)' ~ Consumer closed input channel or an error occurred.  events=0x9
06-20 02:03:51.082  1256  1490 E InputDispatcher: channel 'd7616c5 com.android.chrome/com.google.android.apps.chrome.Main (server)' ~ Channel is unrecoverably broken and will be disposed!
06-20 02:03:51.085  1256  1292 W libprocessgroup: kill(-12878, 9) failed: No such process
06-20 02:03:51.086  1256 15529 D ConnectivityService: ConnectivityService NetworkRequestInfo binderDied(NetworkRequest [ LISTEN id=595, [ Capabilities: INTERNET&NOT_RESTRICTED&TRUSTED Unwanted:  Uid: 10098] ], android.os.BinderProxy@26cfb35)
06-20 02:03:51.086  1256 14272 D ConnectivityService: ConnectivityService NetworkRequestInfo binderDied(NetworkRequest [ TRACK_DEFAULT id=596, [ Capabilities: INTERNET&NOT_RESTRICTED&TRUSTED Unwanted:  Uid: 10098] ], android.os.BinderProxy@cef4bca)
06-20 02:03:51.086  1256 15529 D ConnectivityService: ConnectivityService NetworkRequestInfo binderDied(NetworkRequest [ TRACK_DEFAULT id=663, [ Capabilities: INTERNET&NOT_RESTRICTED&TRUSTED Unwanted:  Uid: 10098] ], android.os.BinderProxy@337013b)
06-20 02:03:51.086  1256  3462 D ConnectivityService: ConnectivityService NetworkRequestInfo binderDied(NetworkRequest [ LISTEN id=664, [ Capabilities: INTERNET&NOT_RESTRICTED&TRUSTED Unwanted:  Uid: 10098] ], android.os.BinderProxy@f6db058)
06-20 02:03:51.086  1256  3348 D ConnectivityService: ConnectivityService NetworkRequestInfo binderDied(NetworkRequest [ LISTEN id=597, [ Capabilities: INTERNET&NOT_RESTRICTED&TRUSTED Unwanted:  Uid: 10098] ], android.os.BinderProxy@97f15b1)
06-20 02:03:51.086  1256  7434 D ConnectivityService: ConnectivityService NetworkRequestInfo binderDied(NetworkRequest [ TRACK_DEFAULT id=594, [ Capabilities: INTERNET&NOT_RESTRICTED&TRUSTED Unwanted:  Uid: 10098] ], android.os.BinderProxy@b9e5a96)
06-20 02:03:51.087  1256  1539 D ConnectivityService: releasing NetworkRequest [ TRACK_DEFAULT id=596, [ Capabilities: INTERNET&NOT_RESTRICTED&TRUSTED Unwanted:  Uid: 10098] ] (release request)
06-20 02:03:51.087  1256  1616 D EmbryoManager: prepare com.android.chrome user 0
06-20 02:03:51.087  1256  1539 D ConnectivityService: releasing NetworkRequest [ TRACK_DEFAULT id=663, [ Capabilities: INTERNET&NOT_RESTRICTED&TRUSTED Unwanted:  Uid: 10098] ] (release request)
06-20 02:03:51.088  1975  1975 D PhoneSwitcherNetworkRequstListener: releaseNetworkFor NetworkRequest [ TRACK_DEFAULT id=596, [ Capabilities: INTERNET&NOT_RESTRICTED&TRUSTED Unwanted:  Uid: 10098] ]
06-20 02:03:51.088  1256  1539 D ConnectivityService: releasing NetworkRequest [ TRACK_DEFAULT id=594, [ Capabilities: INTERNET&NOT_RESTRICTED&TRUSTED Unwanted:  Uid: 10098] ] (release request)
06-20 02:03:51.088  1912  1912 D QcrilMsgTunnelIfaceManager: handleMessage what = 1
06-20 02:03:51.089  1912  1912 I QcrilOemhookMsgTunnel: [0]invokeOemRilRequestRaw: serial=3112 length=24
06-20 02:03:51.091  1912  1985 I QcrilOemhookMsgTunnel: [0]processOemHookResponse serial no: 3112 error: 0length=0
06-20 02:03:51.092  1912  1912 D QcrilMsgTunnelIfaceManager: handleMessage what = 2
06-20 02:03:51.094  1912  1912 D QcrilMsgTunnelIfaceManager: handleMessage what = 1
06-20 02:03:51.095  1912  1985 I QcrilOemhookMsgTunnel: [0]processOemHookIndication length=28
06-20 02:03:51.095  1912  1985 I QcrilOemhookMsgTunnel: [0]Response ID in RIL_UNSOL_OEM_HOOK_RAW is 525388
06-20 02:03:51.095  1256 14272 I WindowManager: WIN DEATH: Window{d7616c5 u0 com.android.chrome/com.google.android.apps.chrome.Main}
06-20 02:03:51.095  1256 14272 W InputDispatcher: Attempted to unregister already unregistered input channel 'd7616c5 com.android.chrome/com.google.android.apps.chrome.Main (server)'
06-20 02:03:51.099  1912  1912 I QcrilOemhookMsgTunnel: [1]invokeOemRilRequestRaw: serial=3113 length=24
06-20 02:03:51.100  1912  1912 D QcrilMsgTunnelIfaceManager: handleMessage what = 0
06-20 02:03:51.100  1912  1985 I QcrilOemhookMsgTunnel: [1]processOemHookResponse serial no: 3113 error: 0length=0
06-20 02:03:51.103  1912  1985 I QcrilOemhookMsgTunnel: [1]processOemHookIndication length=28
06-20 02:03:51.103  1912  1985 I QcrilOemhookMsgTunnel: [1]Response ID in RIL_UNSOL_OEM_HOOK_RAW is 525388
06-20 02:03:51.105  1256  1274 D BatteryStatsService: ext-flush too soon, skip
06-20 02:03:51.105  1256  1274 D BatteryStatsHelper: ===processSingleAppUsage===
06-20 02:03:51.107  1256  1616 W ActivityManager: Exception when unbinding service com.android.chrome/org.chromium.content.app.PrivilegedProcessService0
06-20 02:03:51.107  1256  1616 W ActivityManager: android.os.DeadObjectException
06-20 02:03:51.107  1256  1616 W ActivityManager: 	at android.os.BinderProxy.transactNative(Native Method)
06-20 02:03:51.107  1256  1616 W ActivityManager: 	at android.os.BinderProxy.transact(Binder.java:1177)
06-20 02:03:51.107  1256  1616 W ActivityManager: 	at android.app.IApplicationThread$Stub$Proxy.scheduleUnbindService(IApplicationThread.java:1138)
06-20 02:03:51.107  1256  1616 W ActivityManager: 	at com.android.server.am.ActiveServices.removeConnectionLocked(ActiveServices.java:3258)
06-20 02:03:51.107  1256  1616 W ActivityManager: 	at com.android.server.am.ActiveServices.killServicesLocked(ActiveServices.java:3683)
06-20 02:03:51.107  1256  1616 W ActivityManager: 	at com.android.server.am.ActivityManagerService.cleanUpApplicationRecordLocked(ActivityManagerService.java:22633)
06-20 02:03:51.107  1256  1616 W ActivityManager: 	at com.android.server.am.ActivityManagerService.handleAppDiedLocked(ActivityManagerService.java:7297)
06-20 02:03:51.107  1256  1616 W ActivityManager: 	at com.android.server.am.ActivityManagerService.appDiedLocked(ActivityManagerService.java:7554)
06-20 02:03:51.107  1256  1616 W ActivityManager: 	at com.android.server.am.ActivityManagerService$AppDeathRecipient.binderDied(ActivityManagerService.java:2213)
06-20 02:03:51.107  1256  1616 W ActivityManager: 	at android.os.BinderProxy.sendDeathNotice(Binder.java:1243)
06-20 02:03:51.108   675   675 I Zygote  : Process 24663 exited due to signal (9)
06-20 02:03:51.111  1256  1490 W InputDispatcher: channel '5dc7fbd com.google.android.youtube/com.google.android.apps.youtube.app.WatchWhileActivity (server)' ~ Consumer closed input channel or an error occurred.  events=0x9
06-20 02:03:51.111  1256  1490 E InputDispatcher: channel '5dc7fbd com.google.android.youtube/com.google.android.apps.youtube.app.WatchWhileActivity (server)' ~ Channel is unrecoverably broken and will be disposed!
06-20 02:03:51.112   793  1480 W SurfaceFlinger: Attempting to destroy on removed layer: AppWindowToken{4f3286 token=Token{5ed9761 ActivityRecord{436ac8 u0 com.android.chrome/com.google.android.apps.chrome.Main t1571}}}#0
06-20 02:03:51.120  1256  1315 W ActivityManager: setHasOverlayUi called on unknown pid: 24663
06-20 02:03:51.121  1912  1912 D QcrilMsgTunnelIfaceManager: handleMessage what = 2
06-20 02:03:51.121  1912  1912 D QcrilMsgTunnelIfaceManager: handleMessage what = 0
06-20 02:03:51.122  1975  1975 D PhoneSwitcherNetworkRequstListener: releaseNetworkFor NetworkRequest [ TRACK_DEFAULT id=663, [ Capabilities: INTERNET&NOT_RESTRICTED&TRUSTED Unwanted:  Uid: 10098] ]
06-20 02:03:51.122  1975  1975 D PhoneSwitcherNetworkRequstListener: releaseNetworkFor NetworkRequest [ TRACK_DEFAULT id=594, [ Capabilities: INTERNET&NOT_RESTRICTED&TRUSTED Unwanted:  Uid: 10098] ]
06-20 02:03:51.124  1912  1912 D QcrilMsgTunnelIfaceManager: handleMessage what = 1
06-20 02:03:51.125  1912  1912 I QcrilOemhookMsgTunnel: [0]invokeOemRilRequestRaw: serial=3114 length=24
06-20 02:03:51.126  1256  1292 W libprocessgroup: kill(-12878, 9) failed: No such process
06-20 02:03:51.126  1912  1985 I QcrilOemhookMsgTunnel: [0]processOemHookResponse serial no: 3114 error: 0length=0
06-20 02:03:51.126  1912  1912 D QcrilMsgTunnelIfaceManager: handleMessage what = 2
06-20 02:03:51.127  1912  1985 I QcrilOemhookMsgTunnel: [0]processOemHookIndication length=28
06-20 02:03:51.127  1912  1985 I QcrilOemhookMsgTunnel: [0]Response ID in RIL_UNSOL_OEM_HOOK_RAW is 525388
06-20 02:03:51.127  1912  1912 D QcrilMsgTunnelIfaceManager: handleMessage what = 0
06-20 02:03:51.130  1912  1912 D QcrilMsgTunnelIfaceManager: handleMessage what = 1
06-20 02:03:51.130  1912  1912 I QcrilOemhookMsgTunnel: [1]invokeOemRilRequestRaw: serial=3115 length=24
06-20 02:03:51.131  1912  1985 I QcrilOemhookMsgTunnel: [1]processOemHookResponse serial no: 3115 error: 0length=0
06-20 02:03:51.131  1912  1912 D QcrilMsgTunnelIfaceManager: handleMessage what = 2
06-20 02:03:51.132  1912  1912 D QcrilMsgTunnelIfaceManager: handleMessage what = 1
06-20 02:03:51.133  1912  1985 I QcrilOemhookMsgTunnel: [1]processOemHookIndication length=28
06-20 02:03:51.133  1912  1985 I QcrilOemhookMsgTunnel: [1]Response ID in RIL_UNSOL_OEM_HOOK_RAW is 525388
06-20 02:03:51.133  1912  1912 I QcrilOemhookMsgTunnel: [0]invokeOemRilRequestRaw: serial=3116 length=24
06-20 02:03:51.133  1912  1912 D QcrilMsgTunnelIfaceManager: handleMessage what = 0
06-20 02:03:51.134  1912  1985 I QcrilOemhookMsgTunnel: [0]processOemHookResponse serial no: 3116 error: 0length=0
06-20 02:03:51.136  1912  1912 D QcrilMsgTunnelIfaceManager: handleMessage what = 2
06-20 02:03:51.136 15445 15445 D RecentsView: createAllTasksDismissAnimation# i= 7, task= , isTaskLocked= false
06-20 02:03:51.137 15445 15445 D RemoveTaskHelper: getTaskId: pkgName= com.google.android.youtube, id= 1567
06-20 02:03:51.137 15445 16512 D ActivityManagerWrapper: Task is removed: id 1567 pkgName com.google.android.youtube, user:0, killAll:true
06-20 02:03:51.137 15445 15445 D RecentsView: createAllTasksDismissAnimation# i= 6, task= , isTaskLocked= false
06-20 02:03:51.137 15445 15445 D RemoveTaskHelper: getTaskId: pkgName= com.google.android.googlequicksearchbox, id= 1568
06-20 02:03:51.137 15445 15557 D ActivityManagerWrapper: Task is removed: id 1568 pkgName com.google.android.googlequicksearchbox, user:0, killAll:true
06-20 02:03:51.137 15445 15445 D RecentsView: createAllTasksDismissAnimation# i= 5, task= , isTaskLocked= false
06-20 02:03:51.137  1256  3442 D OneplusAppPreload: addRemoveTaskPackage : com.google.android.youtube
06-20 02:03:51.137 15445 15445 D RemoveTaskHelper: inReserveList: com.oneplus.deskclock, reserve
06-20 02:03:51.137 15445 15445 D RemoveTaskHelper: addMagicNumberIfNecessary: killCount > 1
06-20 02:03:51.137 15445 15445 D RemoveTaskHelper: getTaskId: pkgName= com.oneplus.deskclock, id= 1234569459
06-20 02:03:51.137 15445 15445 D RecentsView: createAllTasksDismissAnimation# i= 4, task= , isTaskLocked= false
06-20 02:03:51.137 15445 15445 D RemoveTaskHelper: getTaskId: pkgName= com.android.chrome, id= 1571
06-20 02:03:51.137 15445 15445 D RecentsView: createAllTasksDismissAnimation# i= 3, task= , isTaskLocked= false
06-20 02:03:51.137 15445 15445 D RemoveTaskHelper: inReserveList: com.facebook.katana, reserve
06-20 02:03:51.137 15445 15445 D RemoveTaskHelper: addMagicNumberIfNecessary: killCount > 1
06-20 02:03:51.137 15445 15445 D RemoveTaskHelper: getTaskId: pkgName= com.facebook.katana, id= 1234569465
06-20 02:03:51.137 15445 15445 D RecentsView: createAllTasksDismissAnimation# i= 2, task= , isTaskLocked= false
06-20 02:03:51.137 15445 15445 D RemoveTaskHelper: getTaskId: pkgName= com.android.vending, id= 1578
06-20 02:03:51.138  1912  1912 D QcrilMsgTunnelIfaceManager: handleMessage what = 1
06-20 02:03:51.138 15445 15445 D RecentsView: createAllTasksDismissAnimation# i= 1, task= , isTaskLocked= false
06-20 02:03:51.138 15445 15445 D RemoveTaskHelper: inReserveList: com.whatsapp, reserve
06-20 02:03:51.138 15445 15445 D RemoveTaskHelper: addMagicNumberIfNecessary: killCount > 1
06-20 02:03:51.138 15445 15445 D RemoveTaskHelper: getTaskId: pkgName= com.whatsapp, id= 1234569456
06-20 02:03:51.138  1912  1985 I QcrilOemhookMsgTunnel: [0]processOemHookIndication length=28
06-20 02:03:51.138  1912  1985 I QcrilOemhookMsgTunnel: [0]Response ID in RIL_UNSOL_OEM_HOOK_RAW is 525388
06-20 02:03:51.138 15445 15445 D RecentsView: createAllTasksDismissAnimation# i= 0, task= , isTaskLocked= false
06-20 02:03:51.138 15445 15445 D RemoveTaskHelper: getTaskId: pkgName= com.instagram.android, id= 1570
06-20 02:03:51.138 15445 15445 D StateManager: gotoState# fromState=OVERVIEW, toState=NORMAL
06-20 02:03:51.139  1912  1912 I QcrilOemhookMsgTunnel: [1]invokeOemRilRequestRaw: serial=3117 length=24
06-20 02:03:51.139 15445 15445 D AlphabeticalAppsList: refillAdapterItems app = 70, recent = 1, suggestion = 0, adapter = 72, searchResults =  null, filtered = 71, AllappsStore app = 70, recent = 1
06-20 02:03:51.139  1912  1912 D QcrilMsgTunnelIfaceManager: handleMessage what = 0
06-20 02:03:51.139 15445 15445 D AlphabeticalAppsList: refillAdapterItems app = 70, recent = 1, suggestion = 0, adapter = 72, searchResults =  null, filtered = 71, AllappsStore app = 70, recent = 1
06-20 02:03:51.139 15445 15445 D AlphabeticalHiddenAppsList: [refillAdapterItems] hidden app size = 1
06-20 02:03:51.139 15445 15445 D AlphabeticalHiddenAppsList: [updateAdapterItems] hasFilter: false, filtersAppInfos size = 70, mAdapterItems size = 1
06-20 02:03:51.139 15445 15445 I RecentsModel: onTaskStackChanged# mTaskChangeId=1498
06-20 02:03:51.139 15445 16512 D ActivityManagerWrapper: Task is removed: id 1234569459 pkgName com.oneplus.deskclock, user:0, killAll:true
06-20 02:03:51.140  1256  3447 W ActivityManager: Request to remove task ignored for non-existent task 1568
06-20 02:03:51.140 15445 15557 D ActivityManagerWrapper: Task is removed: id 1571 pkgName com.android.chrome, user:0, killAll:true
06-20 02:03:51.140  1256 14272 W ActivityManager: Request to remove task ignored for non-existent task 1569
06-20 02:03:51.140  1256  3447 W ActivityManager: Request to remove task ignored for non-existent task 1571
06-20 02:03:51.140 15445 16512 D ActivityManagerWrapper: Task is removed: id 1234569465 pkgName com.facebook.katana, user:0, killAll:true
06-20 02:03:51.140  1912  1985 I QcrilOemhookMsgTunnel: [1]processOemHookResponse serial no: 3117 error: 0length=0
06-20 02:03:51.140  1256 14272 W ActivityManager: Request to remove task ignored for non-existent task 1575
06-20 02:03:51.141 15445 16512 D ActivityManagerWrapper: Task is removed: id 1578 pkgName com.android.vending, user:0, killAll:true
06-20 02:03:51.141  1256  3442 D StatusBarManagerService: onInputShown shown=false reserved=0
06-20 02:03:51.141  1912  1985 I QcrilOemhookMsgTunnel: [1]processOemHookIndication length=28
06-20 02:03:51.142  1912  1985 I QcrilOemhookMsgTunnel: [1]Response ID in RIL_UNSOL_OEM_HOOK_RAW is 525388
06-20 02:03:51.142  1256 14272 D OneplusAppPreload: addRemoveTaskPackage : com.android.vending
06-20 02:03:51.142 15445 15557 D ActivityManagerWrapper: Task is removed: id 1234569456 pkgName com.whatsapp, user:0, killAll:true
06-20 02:03:51.142 15445 16512 D ActivityManagerWrapper: Task is removed: id 1570 pkgName com.instagram.android, user:0, killAll:true
06-20 02:03:51.143  1256 14272 D OneplusAppPreload: addRemoveTaskPackage : com.instagram.android
06-20 02:03:51.143  1256 14272 D OneplusAppPreload: addRemoveTaskPackage : com.instagram.android
06-20 02:03:51.144  1912  1912 D QcrilMsgTunnelIfaceManager: handleMessage what = 2
06-20 02:03:51.144  1912  1912 D QcrilMsgTunnelIfaceManager: handleMessage what = 0
06-20 02:03:51.146  1256  3442 W ActivityManager: Request to remove task ignored for non-existent task 1566
06-20 02:03:51.149 15445 15445 D Launcher.Workspace: onStartStateTransition# toState: NORMAL
06-20 02:03:51.150 15445 15445 D StateManager: onStateTransitionStart# state: OVERVIEW -> NORMAL
06-20 02:03:51.150 15445 15445 D LauncherAppWidgetHost: setResumed# isResumed: true, flag: 5
06-20 02:03:51.150 15445 15445 D RecentsView: dismissTaskSafety: taskViewBeRemoved is null.
06-20 02:03:51.150 15445 15445 I chatty  : uid=10023(net.oneplus.launcher) identical 3 lines
06-20 02:03:51.150 15445 15445 D RecentsView: dismissTaskSafety: taskViewBeRemoved is null.
06-20 02:03:51.152  1758  1758 D StatusBar: onInputShown, false, 0
06-20 02:03:51.155  1256  2037 D ConnectivityService: ConnectivityService NetworkRequestInfo binderDied(NetworkRequest [ LISTEN id=647, [ Capabilities: INTERNET&NOT_RESTRICTED&TRUSTED Unwanted:  Uid: 10106] ], android.os.BinderProxy@9397a04)
06-20 02:03:51.155  1256 14272 D ConnectivityService: ConnectivityService NetworkRequestInfo binderDied(NetworkRequest [ TRACK_DEFAULT id=646, [ Capabilities: INTERNET&NOT_RESTRICTED&TRUSTED Unwanted:  Uid: 10106] ], android.os.BinderProxy@3be5bed)
06-20 02:03:51.156  1256  3461 D EmbryoManager: prepare com.google.android.youtube user 0
06-20 02:03:51.156  1256 10553 I WindowManager: WIN DEATH: Window{5dc7fbd u0 com.google.android.youtube/com.google.android.apps.youtube.app.WatchWhileActivity}
06-20 02:03:51.156  1256 10553 W InputDispatcher: Attempted to unregister already unregistered input channel '5dc7fbd com.google.android.youtube/com.google.android.apps.youtube.app.WatchWhileActivity (server)'
06-20 02:03:51.157   674   674 I Zygote  : Process 12878 exited due to signal (9)
06-20 02:03:51.159   674   674 I Zygote  : Process 21629 exited due to signal (9)
06-20 02:03:51.160  1256  1539 D ConnectivityService: releasing NetworkRequest [ TRACK_DEFAULT id=646, [ Capabilities: INTERNET&NOT_RESTRICTED&TRUSTED Unwanted:  Uid: 10106] ] (release request)
06-20 02:03:51.161  1975  1975 D PhoneSwitcherNetworkRequstListener: releaseNetworkFor NetworkRequest [ TRACK_DEFAULT id=646, [ Capabilities: INTERNET&NOT_RESTRICTED&TRUSTED Unwanted:  Uid: 10106] ]
06-20 02:03:51.162  1912  1912 D QcrilMsgTunnelIfaceManager: handleMessage what = 1
06-20 02:03:51.163  1912  1912 I QcrilOemhookMsgTunnel: [0]invokeOemRilRequestRaw: serial=3118 length=24
06-20 02:03:51.163   793  1252 W SurfaceFlinger: Attempting to destroy on removed layer: AppWindowToken{801a7ab token=Token{e9bc5fa ActivityRecord{c534025 u0 com.google.android.youtube/com.google.android.apps.youtube.app.WatchWhileActivity t1567}}}#0
06-20 02:03:51.164  1912  1985 I QcrilOemhookMsgTunnel: [0]processOemHookResponse serial no: 3118 error: 0length=0
06-20 02:03:51.164  1912  1912 D QcrilMsgTunnelIfaceManager: handleMessage what = 2
06-20 02:03:51.165  1912  1912 D QcrilMsgTunnelIfaceManager: handleMessage what = 1
06-20 02:03:51.166  1912  1912 I QcrilOemhookMsgTunnel: [1]invokeOemRilRequestRaw: serial=3119 length=24
06-20 02:03:51.166  1912  1985 I QcrilOemhookMsgTunnel: [0]processOemHookIndication length=28
06-20 02:03:51.166  1912  1985 I QcrilOemhookMsgTunnel: [0]Response ID in RIL_UNSOL_OEM_HOOK_RAW is 525388
06-20 02:03:51.167  1912  1912 D QcrilMsgTunnelIfaceManager: handleMessage what = 0
06-20 02:03:51.167  1912  1985 I QcrilOemhookMsgTunnel: [1]processOemHookResponse serial no: 3119 error: 0length=0
06-20 02:03:51.168  1912  1985 I QcrilOemhookMsgTunnel: [1]processOemHookIndication length=28
06-20 02:03:51.168  1912  1985 I QcrilOemhookMsgTunnel: [1]Response ID in RIL_UNSOL_OEM_HOOK_RAW is 525388
06-20 02:03:51.173  1256  6439 D EmbryoManager: prepare com.instagram.android user 0
06-20 02:03:51.173  1256  1292 W libprocessgroup: kill(-12878, 9) failed: No such process
06-20 02:03:51.173  1256  1292 I libprocessgroup: Successfully killed process cgroup uid 10106 pid 12878 in 326ms
06-20 02:03:51.173  1256  6439 W ActivityManager: Scheduling restart of crashed service com.instagram.android/com.facebook.video.heroplayer.service.HeroService in 1000ms
06-20 02:03:51.173  1256  1292 W libprocessgroup: kill(-21196, 9) failed: No such process
06-20 02:03:51.173  1256  1292 I libprocessgroup: Successfully killed process cgroup uid 10063 pid 21196 in 0ms
06-20 02:03:51.174  1256  1292 W libprocessgroup: Failed to open process cgroup uid 99200 pid 24894: No such file or directory
06-20 02:03:51.174  1256  1292 E libprocessgroup: Error encountered killing process cgroup uid 99200 pid 24894: No such file or directory
06-20 02:03:51.174  1256  1292 W libprocessgroup: kill(-27360, 9) failed: No such process
06-20 02:03:51.174  1256  1292 I libprocessgroup: Successfully killed process cgroup uid 10098 pid 27360 in 0ms
06-20 02:03:51.174  1256  1292 W libprocessgroup: kill(-27914, 9) failed: No such process
06-20 02:03:51.176  1256  6439 D OneplusAppPreload: This package is removed via recent tasks, discard preload : com.instagram.android
06-20 02:03:51.176  1256  6439 D OneplusAppPreload: Preload package : com.instagram.android do not support preload
06-20 02:03:51.177  1256  1315 W ActivityManager: setHasOverlayUi called on unknown pid: 12878
06-20 02:03:51.178  1912  1912 D QcrilMsgTunnelIfaceManager: handleMessage what = 2
06-20 02:03:51.178  1912  1912 D QcrilMsgTunnelIfaceManager: handleMessage what = 0
06-20 02:03:51.196  1256  7973 D EmbryoManager: prepare com.android.chrome user 0
06-20 02:03:51.197   675   675 I Zygote  : Process 27914 exited due to signal (9)
06-20 02:03:51.215  1256  1292 W libprocessgroup: kill(-27914, 9) failed: No such process
06-20 02:03:51.215  1256  1292 I libprocessgroup: Successfully killed process cgroup uid 10098 pid 27914 in 41ms
06-20 02:03:51.215  1256  1292 W libprocessgroup: kill(-24663, 9) failed: No such process
06-20 02:03:51.215  1256  1292 I libprocessgroup: Successfully killed process cgroup uid 10098 pid 24663 in 0ms
06-20 02:03:51.216  1256  1292 W libprocessgroup: Failed to open process cgroup uid 99202 pid 27900: No such file or directory
06-20 02:03:51.216  1256  1292 E libprocessgroup: Error encountered killing process cgroup uid 99202 pid 27900: No such file or directory
06-20 02:03:51.216  1256  1292 W libprocessgroup: Failed to open process cgroup uid 99204 pid 28005: No such file or directory
06-20 02:03:51.216  1256  1292 E libprocessgroup: Error encountered killing process cgroup uid 99204 pid 28005: No such file or directory
06-20 02:03:51.216  1256  1292 W libprocessgroup: kill(-3505, 9) failed: No such process
06-20 02:03:51.241  1256  7973 D EmbryoManager: prepare com.instagram.android user 0
06-20 02:03:51.243  1256  1490 W InputDispatcher: channel 'e41d7e2 com.android.vending/com.google.android.finsky.activities.MainActivity (server)' ~ Consumer closed input channel or an error occurred.  events=0x9
06-20 02:03:51.243  1256  1490 E InputDispatcher: channel 'e41d7e2 com.android.vending/com.google.android.finsky.activities.MainActivity (server)' ~ Channel is unrecoverably broken and will be disposed!
06-20 02:03:51.244  1256  7973 D OneplusAppPreload: This package is removed via recent tasks, discard preload : com.instagram.android
06-20 02:03:51.244  1256  7973 D OneplusAppPreload: Preload package : com.instagram.android do not support preload
06-20 02:03:51.247  1256 13105 D ConnectivityService: ConnectivityService NetworkRequestInfo binderDied(NetworkRequest [ LISTEN id=635, [ Capabilities: INTERNET&NOT_RESTRICTED&TRUSTED Unwanted:  Uid: 10022] ], android.os.BinderProxy@e5d8a22)
06-20 02:03:51.247  1256  3328 D ConnectivityService: ConnectivityService NetworkRequestInfo binderDied(NetworkRequest [ TRACK_DEFAULT id=634, [ Capabilities: INTERNET&NOT_RESTRICTED&TRUSTED Unwanted:  Uid: 10022] ], android.os.BinderProxy@6365cb3)
06-20 02:03:51.247  1256  6439 D EmbryoManager: prepare com.android.vending user 0
06-20 02:03:51.247  1256  3442 I WindowManager: WIN DEATH: Window{e41d7e2 u0 com.android.vending/com.google.android.finsky.activities.MainActivity}
06-20 02:03:51.247  1256  3442 W InputDispatcher: Attempted to unregister already unregistered input channel 'e41d7e2 com.android.vending/com.google.android.finsky.activities.MainActivity (server)'
06-20 02:03:51.247  1256  1539 D ConnectivityService: releasing NetworkRequest [ TRACK_DEFAULT id=634, [ Capabilities: INTERNET&NOT_RESTRICTED&TRUSTED Unwanted:  Uid: 10022] ] (release request)
06-20 02:03:51.247   674   674 I Zygote  : Process 26766 exited due to signal (9)
06-20 02:03:51.248  1975  1975 D PhoneSwitcherNetworkRequstListener: releaseNetworkFor NetworkRequest [ TRACK_DEFAULT id=634, [ Capabilities: INTERNET&NOT_RESTRICTED&TRUSTED Unwanted:  Uid: 10022] ]
06-20 02:03:51.249  1912  1912 D QcrilMsgTunnelIfaceManager: handleMessage what = 1
06-20 02:03:51.251  1912  1912 I QcrilOemhookMsgTunnel: [0]invokeOemRilRequestRaw: serial=3120 length=24
06-20 02:03:51.252  1912  1985 I QcrilOemhookMsgTunnel: [0]processOemHookResponse serial no: 3120 error: 0length=0
06-20 02:03:51.252  1912  1912 D QcrilMsgTunnelIfaceManager: handleMessage what = 2
06-20 02:03:51.253  1912  1912 D QcrilMsgTunnelIfaceManager: handleMessage what = 1
06-20 02:03:51.254  1912  1985 I QcrilOemhookMsgTunnel: [0]processOemHookIndication length=28
06-20 02:03:51.254  1912  1985 I QcrilOemhookMsgTunnel: [0]Response ID in RIL_UNSOL_OEM_HOOK_RAW is 525388
06-20 02:03:51.255  1912  1912 I QcrilOemhookMsgTunnel: [1]invokeOemRilRequestRaw: serial=3121 length=24
06-20 02:03:51.255  1912  1912 D QcrilMsgTunnelIfaceManager: handleMessage what = 0
06-20 02:03:51.255   793  1252 W SurfaceFlinger: Attempting to destroy on removed layer: AppWindowToken{c693b85 token=Token{4bc38fc ActivityRecord{92575ef u0 com.android.vending/com.google.android.finsky.activities.MainActivity t1578}}}#0
06-20 02:03:51.256  1912  1985 I QcrilOemhookMsgTunnel: [1]processOemHookResponse serial no: 3121 error: 0length=0
06-20 02:03:51.257  1912  1985 I QcrilOemhookMsgTunnel: [1]processOemHookIndication length=28
06-20 02:03:51.257  1912  1985 I QcrilOemhookMsgTunnel: [1]Response ID in RIL_UNSOL_OEM_HOOK_RAW is 525388
06-20 02:03:51.259   675   675 I Zygote  : Process 3505 exited due to signal (9)
06-20 02:03:51.260  1256  1490 W InputDispatcher: channel 'e16f619 com.instagram.android/com.instagram.modal.TransparentModalActivity (server)' ~ Consumer closed input channel or an error occurred.  events=0x9
06-20 02:03:51.260  1256  1490 E InputDispatcher: channel 'e16f619 com.instagram.android/com.instagram.modal.TransparentModalActivity (server)' ~ Channel is unrecoverably broken and will be disposed!
06-20 02:03:51.261  1256  1292 W libprocessgroup: kill(-3505, 9) failed: No such process
06-20 02:03:51.261  1256  1292 I libprocessgroup: Successfully killed process cgroup uid 10022 pid 3505 in 44ms
06-20 02:03:51.261  1256  1292 W libprocessgroup: kill(-21629, 9) failed: No such process
06-20 02:03:51.261  1256  1292 I libprocessgroup: Successfully killed process cgroup uid 10151 pid 21629 in 0ms
06-20 02:03:51.261  1256  1292 W libprocessgroup: kill(-26766, 9) failed: No such process
06-20 02:03:51.261  1256  1292 I libprocessgroup: Successfully killed process cgroup uid 10151 pid 26766 in 0ms
06-20 02:03:51.261  1256  1292 W libprocessgroup: kill(-21544, 9) failed: No such process
06-20 02:03:51.265  1256  1315 W ActivityManager: setHasOverlayUi called on unknown pid: 3505
06-20 02:03:51.267  1912  1912 D QcrilMsgTunnelIfaceManager: handleMessage what = 2
06-20 02:03:51.267  1912  1912 D QcrilMsgTunnelIfaceManager: handleMessage what = 0
06-20 02:03:51.288  1256  1292 W libprocessgroup: kill(-21544, 9) failed: No such process
06-20 02:03:51.314  1256  6439 I WindowManager: WIN DEATH: Window{e16f619 u0 com.instagram.android/com.instagram.modal.TransparentModalActivity}
06-20 02:03:51.312  1256  1292 W libprocessgroup: kill(-21544, 9) failed: No such process
06-20 02:03:51.314  1256  6439 W InputDispatcher: Attempted to unregister already unregistered input channel 'e16f619 com.instagram.android/com.instagram.modal.TransparentModalActivity (server)'
06-20 02:03:51.317  1256  2367 D EmbryoManager: prepare com.instagram.android user 0
06-20 02:03:51.322   674   674 I Zygote  : Process 21544 exited due to signal (9)
06-20 02:03:51.325   793   858 W SurfaceFlinger: Attempting to destroy on removed layer: AppWindowToken{4f8beb7 token=Token{debe1b6 ActivityRecord{33fc551 u0 com.instagram.android/com.instagram.mainactivity.MainActivity t1570}}}#0
06-20 02:03:51.325   793   858 W SurfaceFlinger: Attempting to destroy on removed layer: AppWindowToken{204d392 token=Token{718251d ActivityRecord{b04e9f4 u0 com.instagram.android/com.instagram.modal.TransparentModalActivity t1570}}}#0
06-20 02:03:51.329  1256  2367 D OneplusAppPreload: This package is removed via recent tasks, discard preload : com.instagram.android
06-20 02:03:51.329  1256  2367 D OneplusAppPreload: Preload package : com.instagram.android do not support preload
06-20 02:03:51.329  1256  1292 W libprocessgroup: kill(-21544, 9) failed: No such process
06-20 02:03:51.329  1256  1292 I libprocessgroup: Successfully killed process cgroup uid 10151 pid 21544 in 68ms
06-20 02:03:51.330  1256  1292 W libprocessgroup: kill(-21646, 9) failed: No such process
06-20 02:03:51.330  1256  1292 I libprocessgroup: Successfully killed process cgroup uid 10151 pid 21646 in 0ms
06-20 02:03:51.330  1256  1315 W ActivityManager: setHasOverlayUi called on unknown pid: 21544
06-20 02:03:51.330   790  2648 D AudioPolicyService: setRecordSilenced() uid 10151 on silenced 1
06-20 02:03:51.403  1758  1758 D KeyguardUpdateMonitor: shouldListen: visible= false, interactive= true, bouncer= false, goingToSleep= false, assist=false, occluded=false, dream=false, switchingUser= false, alreadyAuthenticated= false, away= false, disabled= false, camera= false, affordance= false, pocket= 0, lidOpen= true, imeShow= false, input= false, prevent:false, prevent Active:false, facelock type:0, isKeyguardDone:true, fakeLocking:false, screenOff:false, mScreenOn:true, allow:true, screenTurningOn:false, qsExpanded:true, shutingDown:false, isInBrickMode= false
06-20 02:03:51.404  1758  1758 D KeyguardUpdateMonitor: updateFPState: shouldListen = false, running = 0, lockout:false
06-20 02:03:51.419 15445 15445 D Launcher.Workspace: onEndStateTransition# toState: NORMAL
06-20 02:03:51.419 15445 15445 D StateManager: onStateTransitionEnd# state: NORMAL
06-20 02:03:52.121  1758  1758 E ndroid.systemu: Invalid ID 0x00000000.
06-20 02:03:52.282  1256  1274 D BatteryStatsService: ext-flush too soon, skip
06-20 02:03:52.122  1758  1758 E ndroid.systemu: Invalid ID 0x00000000.
06-20 02:03:52.283  1256  1274 D BatteryStatsHelper: ===processSingleAppUsage===
06-20 02:03:52.328  1256  3462 D VibratorService: vibrate from 'android', usageHint = 13
06-20 02:03:52.329   774   774 E VibratorService.qti: Effect_1_0 Vibrate setAmplitude	mCurrEffectId= 0,es: 0x3fff
06-20 02:03:52.329   774   774 E VibratorService.qti: play mCurrEffectId:6;mCurrMagnitude:0x5fff
06-20 02:03:52.330  2026 20636 V OPConfig:ConfigProvider: Module:GameModeImComponents
06-20 02:03:52.331  1256  3462 D VibratorService: startTime: Jun 20, 2019, 2:03:52 AM, effect: Prebaked{mEffectId=0, mEffectStrength=1, mFallback=true}, originalEffect: null, usageHint: 13, uid: 1000, opPkg: android
06-20 02:03:52.413  1256  1490 I ActivityManager: START u0 {act=android.intent.action.MAIN cat=[android.intent.category.HOME] flg=0x10200000 cmp=net.oneplus.launcher/.Launcher (has extras)} from uid 1000 pid 1256
06-20 02:03:52.338  2026 20636 V OPConfig:ConfigProvider: Module:GameModeImComponents
06-20 02:03:52.413  1256  1490 D OneplusAppPreload: net.oneplus.launcher is not preload, feed it  in ActivityStarter
06-20 02:03:52.415   590   607 D OPS_SERVICE: OPS Received command id = 0
06-20 02:03:52.415   590   607 D OPS_SERVICE: OPS display vote cmd: 1
06-20 02:03:52.415   590   607 D OPS_SERVICE: set_display_clock_vote 1 driver fd 40
06-20 02:03:52.415   590   607 D OPS_SERVICE: drmIOCTL success for clk_vote 1
06-20 02:03:52.415   590   607 D OPS_SERVICE: ioctl_continue_command finished! and return 0 
06-20 02:03:52.416   590   607 D OPS_SERVICE: before calling ioctl to read the next ops_cmd
06-20 02:03:52.416 15445 15445 D Launcher: onPause# hashcode: 204831064
06-20 02:03:52.417   590   607 D OPS_SERVICE: OPS Received command id = 0
06-20 02:03:52.417   590   607 D OPS_SERVICE: OPS display vote cmd: 0
06-20 02:03:52.417   590   607 D OPS_SERVICE: set_display_clock_vote 0 driver fd 40
06-20 02:03:52.417   590   607 D OPS_SERVICE: drmIOCTL success for clk_vote 0
06-20 02:03:52.417   590   607 D OPS_SERVICE: ioctl_continue_command finished! and return 0 
06-20 02:03:52.417   590   607 D OPS_SERVICE: before calling ioctl to read the next ops_cmd
06-20 02:03:52.417 15445 15445 D Launcher: onNewIntent# intent: Intent { act=android.intent.action.MAIN cat=[android.intent.category.HOME] flg=0x10200000 cmp=net.oneplus.launcher/.Launcher (has extras) }
06-20 02:03:52.417 15445 15516 I WeatherProvider: un-subscribe the weather callback: 
06-20 02:03:52.418  1256  2367 D StatusBarManagerService: onInputShown shown=false reserved=0
06-20 02:03:52.419 15445 15445 D Launcher: onResume# code: 10407, name: 3.3.5.190604202333.2768c01
06-20 02:03:52.419 15445 15445 D Launcher: onResume# hashcode: 204831064, resource folder: values-sw400dp-xxhdpi
06-20 02:03:52.419 15445 15445 D Launcher: onResume# isDragging=false
06-20 02:03:52.419 15445 15445 D Launcher: DynamicIcon doWorkspaceOrFolderIconAnimation be enter
06-20 02:03:52.419 15445 15445 D Launcher.Workspace: DynamicIcon Workspace updateCurrentPageDynamicIconState success
06-20 02:03:52.420  1758  1758 V StatusBar: mStatusBarWindow: com.android.systemui.statusbar.phone.StatusBarWindowView{b874a5c V.ED..... ........ 0,0-1080,80} canPanelBeCollapsed(): false
06-20 02:03:52.421  1758  1758 I vol.Events: writeEvent dismiss_dialog volume_controller
06-20 02:03:52.421 15445 15586 D Launcher: onResume# isInteractive=true
06-20 02:03:52.421 15445 15516 I WeatherProvider: subscribe new weather callback: 
06-20 02:03:52.422  1758  1758 D StatusBar: onInputShown, false, 0
06-20 02:03:52.422 15445 15516 D WeatherProvider: push the weather information to: 
06-20 02:03:52.671  1758  1758 D KeyguardUpdateMonitor: shouldListen: visible= false, interactive= true, bouncer= false, goingToSleep= false, assist=false, occluded=false, dream=false, switchingUser= false, alreadyAuthenticated= false, away= false, disabled= false, camera= false, affordance= false, pocket= 0, lidOpen= true, imeShow= false, input= false, prevent:false, prevent Active:false, facelock type:0, isKeyguardDone:true, fakeLocking:false, screenOff:false, mScreenOn:true, allow:true, screenTurningOn:false, qsExpanded:true, shutingDown:false, isInBrickMode= false
06-20 02:03:52.671  1758  1758 D KeyguardUpdateMonitor: updateFPState: shouldListen = false, running = 0, lockout:false
06-20 02:03:52.675  1758  1758 D KeyguardUpdateMonitor: shouldListen: visible= false, interactive= true, bouncer= false, goingToSleep= false, assist=false, occluded=false, dream=false, switchingUser= false, alreadyAuthenticated= false, away= false, disabled= false, camera= false, affordance= false, pocket= 0, lidOpen= true, imeShow= false, input= false, prevent:false, prevent Active:false, facelock type:0, isKeyguardDone:true, fakeLocking:false, screenOff:false, mScreenOn:true, allow:true, screenTurningOn:false, qsExpanded:true, shutingDown:false, isInBrickMode= false
06-20 02:03:52.675  1758  1758 D KeyguardUpdateMonitor: updateFPState: shouldListen = false, running = 0, lockout:false
06-20 02:03:52.738  1256  3442 D AudioService: Volume controller visible: false
06-20 02:03:52.853 15445 15445 D Launcher.Workspace: DynamicIcon Workspace update pending, loadTaskFinish = true, isPageInTransition = true, retryCount = 0
06-20 02:03:52.935  1758  1758 D QSPanel : setListening: false->true
06-20 02:03:52.935  1758  1758 D QSPanel : refreshAllTiles
06-20 02:03:52.944  1758  1758 I StatusBar: updateScrimController isInLaunchTransition:false mBouncerShowing:false isKeyguardDone:true mVisible:false isSecure:true isLaunchDial:false
06-20 02:03:52.944  1758  1758 D StatusBarWindowManager: applyFocusableFlag: true, false, false, 81840048
06-20 02:03:52.944  1758  1758 I StatusBarWindowManager: applyExpandedFlag expanded:true isCameraLaunched:false
06-20 02:03:52.944  1758  1758 D StatusBarWindowManager: applyNotTouchable: false, isScrimPlaying:false
06-20 02:03:52.949  1758  1758 D StatusBar: disable<e i a s b h r c s > disable2<q i n v >
06-20 02:03:52.949  1758  1758 D PreventModeCtrl: onPanelExpandedChange expandtrue mPreventModeActive:false
06-20 02:03:52.949  1758  1758 I chatty  : uid=10025(com.android.systemui) identical 1 line
06-20 02:03:52.950  1758  1758 D PreventModeCtrl: onPanelExpandedChange expandtrue mPreventModeActive:false
06-20 02:03:52.987  1758  1758 D StatusBarWindowManager: applyFocusableFlag: true, true, false, 81860040
06-20 02:03:52.987  1758  1758 I StatusBarWindowManager: applyExpandedFlag expanded:true isCameraLaunched:false
06-20 02:03:52.987  1758  1758 D StatusBarWindowManager: applyNotTouchable: false, isScrimPlaying:false
06-20 02:03:53.011   765   817 E ANDR-PERF-MPCTL: Invalid profile no. 0, total profiles 0 only
06-20 02:03:53.035  1758  1758 D StatusBar: disable<e i a s b h r c s > disable2<q i n v >
06-20 02:03:53.051  1758  1758 D StatusBarWindowManager: applyFocusableFlag: true, true, false, 81860040
06-20 02:03:53.052  1758  1758 I StatusBarWindowManager: applyExpandedFlag expanded:true isCameraLaunched:false
06-20 02:03:53.052  1758  1758 D StatusBarWindowManager: applyNotTouchable: false, isScrimPlaying:false
06-20 02:03:53.095  1758  1758 D DozeLog : fling expand=true aboveThreshold=false thresholdNeeded=false screenOnFromTouch=false
06-20 02:03:53.136  1758  1758 I StatusBar: updateScrimController isInLaunchTransition:false mBouncerShowing:false isKeyguardDone:true mVisible:true isSecure:true isLaunchDial:false
06-20 02:03:53.136  1758  1758 D PreventModeCtrl: onPanelExpandedChange expandtrue mPreventModeActive:false
06-20 02:03:53.137  1758  1758 D PreventModeCtrl: onPanelExpandedChange expandtrue mPreventModeActive:false
06-20 02:03:53.138  1758  1936 D AppTracker: App Event: portrait_pull
06-20 02:03:53.153  1758  1758 D AbstractTracker: Event success
06-20 02:03:53.353 15445 15445 D Launcher.Workspace: DynamicIcon Workspace updateCurrentPageDynamicIconState success
06-20 02:03:53.505  1758  1758 D PreventModeCtrl: onPanelExpandedChange expandtrue mPreventModeActive:false
06-20 02:03:53.548   765   817 E ANDR-PERF-MPCTL: Invalid profile no. 0, total profiles 0 only
06-20 02:03:53.598  1758  1758 D DozeLog : fling expand=false aboveThreshold=true thresholdNeeded=false screenOnFromTouch=false
06-20 02:03:53.627   730  1300 D sound_trigger_hw: transitions_thread_loop:No need to transit to CPE
06-20 02:03:53.686  1758  1758 D StatusBarWindowManager: applyFocusableFlag: true, true, false, 81860040
06-20 02:03:53.686  1758  1758 I StatusBarWindowManager: applyExpandedFlag expanded:true isCameraLaunched:false
06-20 02:03:53.686  1758  1758 D StatusBarWindowManager: applyNotTouchable: false, isScrimPlaying:false
06-20 02:03:53.703  1758  1758 D StatusBar: disable<e i a s b h r c s > disable2<q i n v >
06-20 02:03:53.736  1758  1758 D StatusBarWindowManager: applyFocusableFlag: true, false, false, 81840048
06-20 02:03:53.736  1758  1758 I StatusBarWindowManager: applyExpandedFlag expanded:true isCameraLaunched:false
06-20 02:03:53.736  1758  1758 D StatusBarWindowManager: applyNotTouchable: false, isScrimPlaying:false
06-20 02:03:53.737  1758  1758 I StatusBar: updateScrimController isInLaunchTransition:false mBouncerShowing:false isKeyguardDone:true mVisible:true isSecure:true isLaunchDial:false
06-20 02:03:53.737  1758  1758 D PreventModeCtrl: onPanelExpandedChange expandtrue mPreventModeActive:false
06-20 02:03:53.739  1758  1936 D AppTracker: App Event: portrait_pull
06-20 02:03:53.739  1758  1758 D PreventModeCtrl: onPanelExpandedChange expandfalse mPreventModeActive:false
06-20 02:03:53.742  1758  1936 D AppTracker: App Event: portrait_pull
06-20 02:03:53.746 15445 18939 D DecorView: onWindowFocusChangedFromViewRoot hasFocus: true, DecorView@ca0c4db[Launcher]
06-20 02:03:53.747  1758  1936 D AppTracker: App Event: portrait_pull
06-20 02:03:53.748  1758  1758 D KeyguardAffordanceView: setCircleRadius: 0.0com.android.systemui.statusbar.KeyguardAffordanceView.setCircleRadiusWithoutAnimation:370 com.android.systemui.statusbar.phone.KeyguardAffordanceHelper.updateIcon:450 com.android.systemui.statusbar.phone.KeyguardAffordanceHelper.setTranslation:397 com.android.systemui.statusbar.phone.KeyguardAffordanceHelper.reset:512 com.android.systemui.statusbar.phone.NotificationPanelView.resetViews:677 com.android.systemui.statusbar.phone.PanelBar.collapsePanel:167 com.android.systemui.statusbar.phone.StatusBar.makeExpandedInvisible:3071 
06-20 02:03:53.749  1758  1758 D PreventModeCtrl: onPanelExpandedChange expandfalse mPreventModeActive:false
06-20 02:03:53.749  1758  1758 I StatusBar: updateScrimController isInLaunchTransition:false mBouncerShowing:false isKeyguardDone:true mVisible:false isSecure:true isLaunchDial:false
06-20 02:03:53.749  1758  1758 D StatusBarWindowManager: applyFocusableFlag: false, false, false, 81840048
06-20 02:03:53.749  1758  1758 I StatusBarWindowManager: applyExpandedFlag expanded:false isCameraLaunched:false
06-20 02:03:53.749  1758  1758 D StatusBarWindowManager: applyNotTouchable: false, isScrimPlaying:false
06-20 02:03:53.752  1758  1758 D StatusBarWindowManager: applyFocusableFlag: false, false, false, 81840048
06-20 02:03:53.752  1758  1758 I StatusBarWindowManager: applyExpandedFlag expanded:false isCameraLaunched:false
06-20 02:03:53.752  1758  1758 D StatusBarWindowManager: applyNotTouchable: false, isScrimPlaying:false
06-20 02:03:53.752  1758  1758 D StatusBar: disable<e i a s b h r c s > disable2<q i n v >
06-20 02:03:53.758  1758  1936 D AppTracker: App Event: portrait_pull
06-20 02:03:53.761  1758  1936 D AppTracker: App Event: portrait_pull
06-20 02:03:53.773  1758  1758 D AbstractTracker: Event success
06-20 02:03:53.773  1758  1758 D AbstractTracker: Event success
06-20 02:03:53.773  1758  1758 D QSPanel : setListening: true->false
06-20 02:03:53.774  1758  1758 D AbstractTracker: Event success
06-20 02:03:53.778   958  1088 E storaged: getDiskStats failed with result NOT_SUPPORTED and size 0
06-20 02:03:53.774  1758  1758 I chatty  : uid=10025(com.android.systemui) identical 1 line
06-20 02:03:53.775  1758  1758 D AbstractTracker: Event success
06-20 02:03:54.088   793  1252 I SurfaceFlinger: fusionlight RGB time gap 3 ms
06-20 02:03:54.088  1256  1478 D SensorService: FusionLight, InLux = 47.379482, outLux = 44.827892
06-20 02:03:54.095  1256  1291 I ActivityManager: Start proc 7264:com.android.chrome/u0a98 for embryo com.android.chrome
06-20 02:03:54.095  1256  1291 D Embryo_Uterus: Embryo created.com.android.chrome, pid=7264
06-20 02:03:54.096  1256  1293 E BatteryExternalStatsWorker: no controller energy info supplied for bluetooth
06-20 02:03:54.110  1256  1274 D BatteryStatsService: @@@@ awaitUninterruptibly in 29 ms
06-20 02:03:54.110  1256  1274 D BatteryStatsHelper: ===processSingleAppUsage===
06-20 02:03:54.112  7264  7264 E .android.chrom: Not starting debugger since process cannot load the jdwp agent.
06-20 02:03:54.131  1256  3442 D EmbryoManager: Embryo attached, pid=7264
06-20 02:03:54.141  7264  7276 I .android.chrom: The ClassLoaderContext is a special shared library.
06-20 02:03:54.179  7264  7276 W .android.chrom: JIT profile information will not be recorded: profile file does not exits.
06-20 02:03:54.179  1256  1291 I ActivityManager: Start proc 7277:com.google.android.youtube/u0a106 for embryo com.google.android.youtube
