06-20 02:03:55.176   932  4779 I SampleTable: There are reordered frames present.
06-20 02:03:55.179   932   932 D MediaBufferGroup: creating MemoryDealer
06-20 02:03:55.180 24865 24865 D LiveWallpaper.VideoEngine: onPrepared# mediaPlayer=75271523
06-20 02:03:55.181   951 10914 D SurfaceUtils: connecting to surface 0xf129b008, reason setVideoSurfaceTexture
06-20 02:03:55.181   951  7315 D NuPlayer: onSetVideoSurface(0xf129b800, no video decoder)
06-20 02:03:55.181 24865 24865 I MediaPlayer: seek to:0 mode:0
06-20 02:03:55.181   951 10914 D NuPlayerDriver: seekTo(0xf1a4b980) (0 ms, 0) at state 4
06-20 02:03:55.181   951  7315 I GenericSource: start
06-20 02:03:55.183   951  7319 D NuPlayerDecoder: LF MediaCodec::CreateByType ,select ComponentName+++++
06-20 02:03:55.187   951  7321 I OMXClient: IOmx service obtained
06-20 02:03:55.187   960  1849 I OMXMaster: makeComponentInstance(OMX.qcom.video.decoder.hevc) in omx@1.0-service process
06-20 02:03:55.189  1758  1758 D DozeLog : state INITIALIZED
06-20 02:03:55.189   960  1849 I OMX_VPP : Constructed VppOmxComponent
06-20 02:03:55.190   960  1849 D PlatformConfig: getInstance: Enter
06-20 02:03:55.190   960  1849 D PlatformConfig: getInt32 Config name: vidc_dec_log_in value: 0
06-20 02:03:55.190   960  1849 D PlatformConfig: getInstance: Enter
06-20 02:03:55.190   960  1849 D PlatformConfig: getInt32 Config name: vidc_dec_log_out value: 0
06-20 02:03:55.190   960  1849 D PlatformConfig: getInstance: Enter
06-20 02:03:55.190   960  1849 D PlatformConfig: getInt32 Config name: vidc_dec_sec_prefetch_size_internal value: 209715200
06-20 02:03:55.190   960  1849 D PlatformConfig: getInstance: Enter
06-20 02:03:55.190   960  1849 D PlatformConfig: getInt32 Config name: vidc_dec_sec_prefetch_size_output value: 13434880
06-20 02:03:55.190   960  1849 D PlatformConfig: getInstance: Enter
06-20 02:03:55.190   960  1849 D PlatformConfig: getInt32 Config name: vidc_dec_arb_mode_override value: 7
06-20 02:03:55.190   960  1849 D PlatformConfig: getInstance: Enter
06-20 02:03:55.190   960  1849 D PlatformConfig: getInt32 Config name: vidc_perf_control_enable value: 0
06-20 02:03:55.192   960  1849 I OMX-VDEC-1080P: component_init: OMX.qcom.video.decoder.hevc : fd=66
06-20 02:03:55.192   960  1849 E OMX-VDEC-1080P: Unsupported output color format for c2d (2141391876)
06-20 02:03:55.192   960  1849 E OMX-VDEC-1080P: Setting color format failed
06-20 02:03:55.192  1758  2128 E libc    : Access denied finding property "persist.vendor.fps.history.enabled"
06-20 02:03:55.193  1758  2128 E libc    : Access denied finding property "persist.vendor.hwui.skia.multithread.enabled"
06-20 02:03:55.193  1758  2128 E libc    : Access denied finding property "persist.vendor.hwui.skia.reduce.overdraw.enabled"
06-20 02:03:55.197   960  1849 D PlatformConfig: getInstance: Enter
06-20 02:03:55.197   960  1849 D PlatformConfig: getInt32: Returning default
06-20 02:03:55.197   960  1849 D PlatformConfig: getInstance: Enter
06-20 02:03:55.197   960  1849 D PlatformConfig: getInt32: Returning default
06-20 02:03:55.198   960  1849 I OMX-VDEC-1080P: omx_vdec::component_init() success : fd=66
06-20 02:03:55.198   960  1849 I OMX_VPP : Calling vpp_init. 
06-20 02:03:55.198  1758  1758 D DateTimeView: updateClockPattern: 0
06-20 02:03:55.198  1758  1758 D DateTimeView: update clockView12: hh mm clockView24:HH mm
06-20 02:03:55.198  1758  1758 D DateTimeView: refreshTime
06-20 02:03:55.199   960  1849 I OMX_VPP : sending ctrl=5, u32=0
06-20 02:03:55.199   960  1849 I OMX_VPP : sending ctrl=7, u32=0
06-20 02:03:55.199   960  1849 I OMX_VPP : component_init: fully completed with decoder(OMX.qcom.video.decoder.hevc)
06-20 02:03:55.200  1758  1758 D ClockViewCtrl: updateOwnerInfo
06-20 02:03:55.200  1758  1758 D DozeLog : dozing false
06-20 02:03:55.200   951  7319 D NuPlayerDecoder: LF MediaCodec::CreateByType ,select ComponentName-----
06-20 02:03:55.201   951  7319 D SurfaceUtils: disconnecting from surface 0xf129b808, reason onConfigure
06-20 02:03:55.201   951  7319 D NuPlayerDecoder: LF configure ComponentName+++++
06-20 02:03:55.201  1758  1758 D StatusBar: hideKeyguardImpl
06-20 02:03:55.201  1758  1758 D StatusBarWindowManager: applyFocusableFlag: false, false, false, 81840048
06-20 02:03:55.201  1758  1758 I StatusBarWindowManager: applyExpandedFlag expanded:false isCameraLaunched:false
06-20 02:03:55.201   951  7319 W MediaCodec: RETYR:0
06-20 02:03:55.201  1758  1758 D StatusBarWindowManager: applyNotTouchable: false, isScrimPlaying:false
06-20 02:03:55.202   951  7320 D SurfaceUtils: connecting to surface 0xf129b808, reason connectToSurface
06-20 02:03:55.202  1758  1758 D StatusBar: useDarkText:false, lockDarkText:false, useDarkTheme:false
06-20 02:03:55.202  1758  1758 D PanelView: instantCollapse: mExpanding = false, mInstantExpanding = false
06-20 02:03:55.202  1758  1758 D PreventModeCtrl: onPanelExpandedChange expandfalse mPreventModeActive:false
06-20 02:03:55.202  1758  1758 D StatusBar: updateKeyguardState: false, false, show:false, occludefalse, state:0
06-20 02:03:55.202   951  7320 I MediaCodec: [OMX.qcom.video.decoder.hevc] setting surface generation to 974325
06-20 02:03:55.202   951  7320 D SurfaceUtils: disconnecting from surface 0xf129b808, reason connectToSurface(reconnect)
06-20 02:03:55.202   951  7320 D SurfaceUtils: connecting to surface 0xf129b808, reason connectToSurface(reconnect)
06-20 02:03:55.202   960  1849 E OMX-VDEC-1080P: Extension: OMX.google.android.index.storeANWBufferInMetadata not implemented
06-20 02:03:55.202   960  1849 E OMX-VDEC-1080P: Extension: OMX.google.android.index.configureVideoTunnelMode not implemented
06-20 02:03:55.202   960  1849 E OMX-VDEC-1080P: Extension: OMX.google.android.index.useAndroidNativeBuffer is supported
06-20 02:03:55.203   960  1849 E OMX-VDEC-1080P: set_parameter: Error: 0x80001019, setting param 0x7f00005d
06-20 02:03:55.203   960  1849 E OMXNodeInstance: setParameter(0xf0a16104:qcom.decoder.hevc, OMX.google.android.index.allocateNativeHandle(0x7f00005d): Output:1 en=0) ERROR: UnsupportedSetting(0x80001019)
06-20 02:03:55.203   960  1849 E OMX-VDEC-1080P: Extension: OMX.google.android.index.storeANWBufferInMetadata not implemented
06-20 02:03:55.203   960  1849 I OMX_VPP : set meta buffer mode: True
06-20 02:03:55.203   951  7321 I ExtendedACodec: setupVideoDecoder()
06-20 02:03:55.203  1758  1758 D StatusBar: useDarkText:false, lockDarkText:false, useDarkTheme:false
06-20 02:03:55.203   960  1849 I OMX_VPP : set parameter: set vpp prop fps = 60
06-20 02:03:55.204   960  1849 I OMX_VPP : FRAME WIDTH 3120 FRAME HEIGHT 1440
06-20 02:03:55.204   960  1849 E OMX_VPP : isBypassRequirements: w/h=1440/3120 yielded invalid res: 4
06-20 02:03:55.204   960  1849 I OMX_VPP : get_parameter counts 14 14 
06-20 02:03:55.204   908   908 E vpp-core: vpp_set_parameter (1172): Usecase_Validate failed, enabling bypass, u32Ret=4
06-20 02:03:55.204   908   908 E vpp-core: vpp_set_parameter (1193): Usecase_Open failed, enabling bypass, u32Ret=5
06-20 02:03:55.204   908   908 E vpp-ipc_service: vppSetParameter (232): vpp_set_parameter returned error, u32=4
06-20 02:03:55.204   960  1849 I OMX_VPP : vpp setParameter err: out: 0, in: 4
06-20 02:03:55.204  1758  1758 I StatusBar: updateScrimController isInLaunchTransition:false mBouncerShowing:false isKeyguardDone:true mVisible:false isSecure:true isLaunchDial:false
06-20 02:03:55.204  1758  1758 D QSPanel : refreshAllTiles
06-20 02:03:55.205  1758  1758 D KeyguardUpdateMonitor: shouldListen: visible= false, interactive= true, bouncer= false, goingToSleep= true, assist=false, occluded=false, dream=true, switchingUser= false, alreadyAuthenticated= false, away= false, disabled= false, camera= false, affordance= false, pocket= 0, lidOpen= true, imeShow= false, input= false, prevent:false, prevent Active:false, facelock type:0, isKeyguardDone:true, fakeLocking:false, screenOff:false, mScreenOn:false, allow:true, screenTurningOn:false, qsExpanded:true, shutingDown:false, isInBrickMode= false
06-20 02:03:55.205  1758  1758 D KeyguardUpdateMonitor: updateFPState: shouldListen = false, running = 0, lockout:false
06-20 02:03:55.206   951  7321 I ExtendedACodec: Decoder will be in frame by frame mode
06-20 02:03:55.206   960  1849 E OMX_VPP : set parameter return, mVppContext 0x0
06-20 02:03:55.206  1758  1758 D FingerprintDialogView: updateIconVisibility: fp client:forceShow-keyguard, forceHide:false, isBouncer:false, isImeShow:false, showOnWindow:true, goingToSleep:true, screenOn:false, isUnlockAllowed:true, interactive:true, keyguard:false, isDreaming:true, isOccluded:false, isFaceUnlocked:false, isSimPin:false, isQSExpanded:true, Camera:false, LeftAffordance:false, Prevent:false, isShowing:false, LockOut:false, recognizing:false, AodText:false, OffAuthenticating:false, visibility:4
06-20 02:03:55.206   960  1849 I OMX_VPP : set config: set vpp prop fps = 60
06-20 02:03:55.206  1758  1758 D CircleImageView: brightness = 519, level = 21
06-20 02:03:55.206  1758  1758 D CircleImageView: updateIconDim: 92
06-20 02:03:55.206   730  1301 D audio_hw_primary: out_set_parameters: enter: usecase(1: low-latency-playback) kvpairs: suspend_playback=true
06-20 02:03:55.206  1758  1758 D CircleImageView: alpha = 0.36078432, ratio = 0.7
06-20 02:03:55.206   730  1301 D audio_hw_extn: audio_extn_set_hac_parameters: hac_enabled:0
06-20 02:03:55.206   730  1301 D audio_hw_extn: audio_extn_set_anc_parameters: anc_enabled:0
06-20 02:03:55.206   730  1301 D audio_hw_spkr_prot: audio_extn_fbsp_set_parameters: Speaker protection disabled
06-20 02:03:55.207  1758  1758 D DozeLog : state DOZE
06-20 02:03:55.207  1758  1758 D DozeSensor.CustomProximityCheck: register prox
06-20 02:03:55.207  1758  1758 D OPAodUtils: mMotionAwakeOn: true
06-20 02:03:55.207  1758  1758 D DozeSensor.MotionCheck: sensor registered
06-20 02:03:55.207  1758  2085 E SensorManager: registerListenerImpl sensorName:pocket  Wakeup,isWakeUpSensor:true,callingApp: android.uid.systemui:10025,callingPid:1758,callingUid:10025
06-20 02:03:55.207  1256  3462 I SensorService: SensorEventConnection construct, mPackageName : com.android.systemui.doze.DozeSensors
06-20 02:03:55.208  1256  1317 I DisplayPowerController: useProximityForceSuspend = false
06-20 02:03:55.208  1256  1317 D RestartProcessManager: No need to write old record
06-20 02:03:55.209  1256  1317 D RestartProcessManager: Screen off is true
06-20 02:03:55.209  1256  3442 D SensorService: recordConnection in enable
06-20 02:03:55.209  1758  1758 D DozeSensor.CustomProximityCheck: Event: value=0.0 max=1.0
06-20 02:03:55.209  1758  1758 D DozeSensors: onProximityResult: 2
06-20 02:03:55.209  1758  2085 E SensorManager: registerListenerImpl sensorName:op_motion_detect  Wakeup,isWakeUpSensor:true,callingApp: android.uid.systemui:10025,callingPid:1758,callingUid:10025
06-20 02:03:55.209  1758  2128 E libc    : Access denied finding property "persist.vendor.hwui.skia.multithread.enabled"
06-20 02:03:55.209  1758  2128 E libc    : Access denied finding property "persist.vendor.hwui.skia.reduce.overdraw.enabled"
06-20 02:03:55.209  1256  3462 I SensorService: SensorEventConnection construct, mPackageName : com.android.systemui.doze.DozeSensors
06-20 02:03:55.210  1758  1758 D DateTimeView: onAttachedToWindow
06-20 02:03:55.210  1758  1758 D OPAnalogClock: refreshTime: 02:03
06-20 02:03:55.210  1758  1758 D OPAnalogClock: hour = 2, min = 3
06-20 02:03:55.210   960  1849 E OMXNodeInstance: getConfig(0xf0a16104:qcom.decoder.hevc, ??(0x7f000062)) ERROR: UnsupportedSetting(0x80001019)
06-20 02:03:55.210  1758  1758 I OPMinimalismClock: onAttachedToWindow
06-20 02:03:55.211  1256  1256 I WindowManager: Finished going to sleep... (why=2)
06-20 02:03:55.211  1758 17159 D KeyguardViewMediator: onFinishedGoingToSleep(2,false)
06-20 02:03:55.211  1758 17159 D KeyguardViewMediator: onFinishedGoingToSleep: pendingLock=true, pendingReset=false, mLockLater=false
06-20 02:03:55.212  1256  1256 D OnePlusPowerController: SCREEN is OFF
06-20 02:03:55.212  1256  1256 D OnePlusPowerController: mScreenOffStart=2019-06-20 02:03:55
06-20 02:03:55.212   960  1849 E OMX_VPP : set parameter return, mVppContext 0x0
06-20 02:03:55.212   747   747 I sensors-hal: batch:165, oneplus.sensor.op_motion_detect/12, period=200000000, max_latency=0
06-20 02:03:55.212   747   747 I sensors-hal: batch:174, oneplus.sensor.op_motion_detect/12, period=200000000, max_latency=0 request completed
06-20 02:03:55.212  1256  3462 D SensorService: recordConnection in enable
06-20 02:03:55.212   747   747 I sensors-hal: activate:111, oneplus.sensor.op_motion_detect/12 en=1
06-20 02:03:55.212  1758  1758 D BatteryMeterView: updateBatteryMeterVisibility: 0, fastCharge = false
06-20 02:03:55.212   951  7319 D NuPlayerDecoder: LF configure ComponentName----
06-20 02:03:55.212   747   747 I sensors-hal: ssc_enable_rt_task:259, ssc_enable_rt_task : true
06-20 02:03:55.212   951  7320 I MediaCodec: MediaCodec will operate in async mode
06-20 02:03:55.212   960  1849 I OMX_VPP : send_command In 0 param1 2
06-20 02:03:55.215   731   731 W AshmemAllocator: ashmem_create_region(16588800) returning hidl_memory(0x7f5b62c100, 16588800)
06-20 02:03:55.217  1256  2367 I ActivityManager: FP_ACCELERATE: mIsFingerprintEnabled=true
06-20 02:03:55.216   731   731 W AshmemAllocator: ashmem_create_region(16588800) returning hidl_memory(0x7f5b62c100, 16588800)
06-20 02:03:55.218   747   747 I sensors-hal: activate:122, oneplus.sensor.op_motion_detect/12 en=1 completed
06-20 02:03:55.219   731   731 W AshmemAllocator: ashmem_create_region(16588800) returning hidl_memory(0x7f5b62c100, 16588800)
06-20 02:03:55.219  1256  2367 I ActivityManager: AppLocker: setKeyguardDone false
06-20 02:03:55.219  1758 17159 D KeyguardViewMediator: doKeyguard: showing the lock screen
06-20 02:03:55.223   731   731 W AshmemAllocator: ashmem_create_region(16588800) returning hidl_memory(0x7f5b62c100, 16588800)
06-20 02:03:55.226  1256  3462 D StatusBarManagerService: onInputShown shown=false reserved=0
06-20 02:03:55.225   731   731 W AshmemAllocator: ashmem_create_region(16588800) returning hidl_memory(0x7f5b62c100, 16588800)
06-20 02:03:55.226  1758  2101 D Tile.DataSwitchTile(44d595f): default data phone id=0
06-20 02:03:55.226  1758  2101 D Tile.DataSwitchTile(44d595f): DataSwitchTile:updateSimCount:simState=LOADED,LOADED
06-20 02:03:55.226  1758  2101 D Tile.DataSwitchTile(44d595f): DataSwitchTile:updateSimCount:mSimCount=2
06-20 02:03:55.226  1758  1758 D KeyguardViewMediator: handleNotifyFinishedGoingToSleep
06-20 02:03:55.227  1758  1758 D KeyguardViewMediator: handleShow
06-20 02:03:55.227  1758  1758 D PreventModeCtrl: setKeyguardShowing, true
06-20 02:03:55.227  1758  1758 D ChargingAnimationControllerImpl: onShowingStateChanged true
06-20 02:03:55.227  1758  1758 D KeyguardIndication: onShowingStateChanged true
06-20 02:03:55.229   731   731 W AshmemAllocator: ashmem_create_region(16588800) returning hidl_memory(0x7f5b62c100, 16588800)
06-20 02:03:55.230  1758  2101 D Tile.ReadModeTile(74ac844): handleUpdateState:state.value=false
06-20 02:03:55.233   960  1849 E OMX-VDEC-1080P: Extension: OMX.google.android.index.AndroidNativeBufferConsumerUsage not implemented
06-20 02:03:55.234   951  7321 D SurfaceUtils: set up nativeWindow 0xf129b808 for 1440x3120, color 0x7fa30c06, rotation 0, usage 0x20002900
06-20 02:03:55.234   960  1849 E OMX_VPP : set parameter return, mVppContext 0x0
06-20 02:03:55.236   960  1849 I OMX_VPP : send_command In 0 param1 3
06-20 02:03:55.236   960  1849 I OMX_VPP : set config: set vpp prop fps = 60
06-20 02:03:55.251   747  7327 I sensors-hal: handle_indication_realtime:367,  SCHED_FIFO(10) for qmi_cbk
06-20 02:03:55.251   747  7327 E sensors-hal: handle_sns_client_event:67, op_motion_detect_sample: ts = 354913417711378 ns; value = [0.000000, 0.000000, 0.000000]
06-20 02:03:55.259   960  7322 E OMX_COMMON:  Invalid key : -22 Cannot find key in map 
06-20 02:03:55.266   790  2648 D AudioFlinger: setParameters(): io 0, keyvalue screen_state=off, calling pid 1256 calling uid 1000
06-20 02:03:55.266   730  1301 D audio_hw_primary: adev_set_parameters: enter: screen_state=off
06-20 02:03:55.266   730  1301 D audio_hw_extn: audio_extn_set_hac_parameters: hac_enabled:0
06-20 02:03:55.266   730  1301 D audio_hw_extn: audio_extn_set_anc_parameters: anc_enabled:0
06-20 02:03:55.266   730  1301 D audio_hw_spkr_prot: audio_extn_fbsp_set_parameters: Speaker protection disabled
06-20 02:03:55.266   730  1301 V ultrasound_extn: ultrasound_extn_set_parameters: enter
06-20 02:03:55.266   730  1301 V ultrasound_extn: ultrasound_handle_screen_on_message: enter
06-20 02:03:55.266   730  1301 V ultrasound_extn: ultrasound_handle_screen_on_message: exit
06-20 02:03:55.266   730  1301 V ultrasound_extn: ultrasound_handle_sensor_fusion_message: enter
06-20 02:03:55.266   730  1301 V ultrasound_extn: ultrasound_handle_sensor_fusion_message: exit
06-20 02:03:55.266   730  1301 V ultrasound_extn: ultrasound_handle_slider_change_message: enter
06-20 02:03:55.266   730  1301 V ultrasound_extn: ultrasound_handle_slider_change_message: exit
06-20 02:03:55.266   730  1301 V ultrasound_extn: ultrasound_extn_set_parameters: usecase handling parms:screen_state=off
06-20 02:03:55.270  1256  1274 E SensorManager: unregisterListenerImpl callingApp: android.uid.system:1000,callingPid:1256,callingUid:1000
06-20 02:03:55.275  1256  1274 I SensorService: cleanupWithoutDisableLocked mActiveConnections.remove
06-20 02:03:55.275  1256  1274 D SensorService: recordConnection in disable
06-20 02:03:55.275  1256  1274 D SensorService: FusionLight, stop recordConnection
06-20 02:03:55.276   747   747 I sensors-hal: activate:111, qti.sensor.hardware_light/26 en=0
06-20 02:03:55.277   747   747 I sensors-hal: activate:122, qti.sensor.hardware_light/26 en=0 completed
06-20 02:03:55.278  1256  1274 I SensorService: SensorEventConnection destruct, mPackageName : com.android.server.display.BrightnessTracker
06-20 02:03:55.278  1256  1274 I SensorService: cleanupConnection mActiveConnections.remove
06-20 02:03:55.292   960  1849 E OMXNodeInstance: getConfig(0xf0a16104:qcom.decoder.hevc, ??(0x7f000062)) ERROR: UnsupportedSetting(0x80001019)
06-20 02:03:55.293  1758  1758 D StatusBarWindowManager: applyFocusableFlag: false, false, true, 81960040
06-20 02:03:55.293  1758  1758 I StatusBarWindowManager: applyExpandedFlag expanded:true isCameraLaunched:false
06-20 02:03:55.293  1758  1758 D StatusBarWindowManager: applyNotTouchable: false, isScrimPlaying:false
06-20 02:03:55.294   960 25888 E OMX-VDEC-1080P: Extension: OMX.QTI.index.config.video.getdsmode not implemented
06-20 02:03:55.295  1256  6439 W UsageStatsService: Event reported without a package name
06-20 02:03:55.295  1256  6439 I OemSceneModeAmHelper: [scene] handleShowOrOccludedChanged showing true, occluded false
06-20 02:03:55.296  1256  1289 V UsbDeviceManager: onKeyguardStateChanged: isShowing:true secure:true user:0
06-20 02:03:55.297  1758  1758 V KeyguardUpdateMonitor: *** register callback for com.android.keyguard.KeyguardHostView$1@40885e3
06-20 02:03:55.297  1758  1758 V KeyguardUpdateMonitor: *** unregister callback for null
06-20 02:03:55.301  1758  1758 V KeyguardSecurityView: showPrimarySecurityScreen(turningOff=false)
06-20 02:03:55.301  1758  1758 D KeyguardSecurityView: showSecurityScreen(PIN)
06-20 02:03:55.304  1758  1758 V KeyguardSecurityView: inflating id = 2131558548
06-20 02:03:55.311  1758  1758 V KeyguardUpdateMonitor: *** register callback for com.android.keyguard.KeyguardMessageArea$1@51944e6
06-20 02:03:55.311  1758  1758 V KeyguardUpdateMonitor: *** unregister callback for null
06-20 02:03:55.322  1758  1758 E ndroid.systemu: Invalid ID 0x00000000.
06-20 02:03:55.326  1758  1758 D StatusBarWindowManager: applyFocusableFlag: false, false, true, 81960040
06-20 02:03:55.326  1758  1758 I StatusBarWindowManager: applyExpandedFlag expanded:true isCameraLaunched:false
06-20 02:03:55.326  1758  1758 D StatusBarWindowManager: applyNotTouchable: false, isScrimPlaying:false
06-20 02:03:55.327  1758  1758 I KeyguardViewBase: onHideNavBar:false
06-20 02:03:55.328  1758  1758 V KeyguardUpdateMonitor: *** register callback for com.android.keyguard.KeyguardAbsKeyInputView$2@f204d79
06-20 02:03:55.329  1758  1758 V KeyguardUpdateMonitor: *** unregister callback for null
06-20 02:03:55.329  1758  1758 V KeyguardUpdateMonitor: *** register callback for com.android.keyguard.CarrierText$1@cf20abe
06-20 02:03:55.329  1758  1758 V KeyguardUpdateMonitor: *** unregister callback for null
06-20 02:03:55.329  1758  1758 D CarrierText: updateCarrierText(): 2
06-20 02:03:55.330  1758  1758 D CarrierText: Handling (subId=2): READY Jio 4G
06-20 02:03:55.330  1758  1758 D CarrierText: SIM ready and in service: subId=2, ss={mVoiceRegState=0(IN_SERVICE), mDataRegState=0(IN_SERVICE), mChannelNumber=1228, duplexMode()=1, mCellBandwidths=[10000, 20000, 5000], mVoiceRoamingType=home, mDataRoamingType=home, mVoiceOperatorAlphaLong=Jio 4G, mVoiceOperatorAlphaShort=Jio 4G, mDataOperatorAlphaLong=Jio 4G, mDataOperatorAlphaShort=Jio 4G, isManualNetworkSelection=false(automatic), mRilVoiceRadioTechnology=14(LTE), mRilDataRadioTechnology=14(LTE), mCssIndicator=supported, mNetworkId=-1, mSystemId=-1, mCdmaRoamingIndicator=-1, mCdmaDefaultRoamingIndicator=-1, mIsEmergencyOnly=false, mIsDataRoamingFromRegistration=false, mIsUsingCarrierAggregation=true, mLteEarfcnRsrpBoost=0, mNetworkRegistrationStates=[]}
06-20 02:03:55.331  1758  1758 D CarrierText: Handling (subId=1): READY Vodafone IN
06-20 02:03:55.331  1758  1758 D CarrierText: onSimStateChanged: Normal
06-20 02:03:55.331  1758  1758 I chatty  : uid=10025(com.android.systemui) identical 2 lines
06-20 02:03:55.331  1758  1758 D CarrierText: onSimStateChanged: Normal
06-20 02:03:55.331  1758  1758 V KeyguardUpdateMonitor: *** register callback for com.android.keyguard.EmergencyButton$1@f48a71f
06-20 02:03:55.331  1758  1758 V KeyguardUpdateMonitor: *** unregister callback for null
06-20 02:03:55.351  1758  1758 D StatusBar: setBarState to 1
06-20 02:03:55.351  1758  1758 D StatusBarWindowManager: applyFocusableFlag: false, false, true, 81960040
06-20 02:03:55.351  1758  1758 I StatusBarWindowManager: applyExpandedFlag expanded:true isCameraLaunched:false
06-20 02:03:55.351  1758  1758 D StatusBarWindowManager: applyNotTouchable: false, isScrimPlaying:false
06-20 02:03:55.351  1758  1758 D StatusBar: useDarkText:false, lockDarkText:false, useDarkTheme:false
06-20 02:03:55.351  1758  1758 D HighlightHintCtrl: onBarStatechange barstate:1
06-20 02:03:55.351  1758  1758 D StatusBar: updateKeyguardState: false, false, show:true, occludefalse, state:1
06-20 02:03:55.353  1758  1758 D KeyguardAffordanceView: setCircleRadius: 0.0com.android.systemui.statusbar.KeyguardAffordanceView.setCircleRadiusWithoutAnimation:370 com.android.systemui.statusbar.phone.KeyguardAffordanceHelper.updateIcon:450 com.android.systemui.statusbar.phone.KeyguardAffordanceHelper.setTranslation:397 com.android.systemui.statusbar.phone.KeyguardAffordanceHelper.reset:512 com.android.systemui.statusbar.phone.NotificationPanelView.resetViews:677 com.android.systemui.statusbar.phone.StatusBar.updateKeyguardState:4940 com.android.systemui.statusbar.phone.StatusBar.showKeyguardImpl:4659 
06-20 02:03:55.360  1758  1758 D QSPanel : setExpanded: false->true
06-20 02:03:55.366  1758  1758 D StatusBar: useDarkText:false, lockDarkText:false, useDarkTheme:false
06-20 02:03:55.369  1758  1758 I StatusBar: updateScrimController isInLaunchTransition:false mBouncerShowing:false isKeyguardDone:false mVisible:false isSecure:true isLaunchDial:false
06-20 02:03:55.371  1758  1758 D QSCustomizer: setCustomizing=false
06-20 02:03:55.371  1758  1758 I StatusBar: updateScrimController isInLaunchTransition:false mBouncerShowing:false isKeyguardDone:false mVisible:false isSecure:true isLaunchDial:false
06-20 02:03:55.371  1758  1758 D StatusBarWindowManager: applyFocusableFlag: true, false, true, 81960040
06-20 02:03:55.371  1758  1758 I StatusBarWindowManager: applyExpandedFlag expanded:true isCameraLaunched:false
06-20 02:03:55.371  1758  1758 D StatusBarWindowManager: applyNotTouchable: false, isScrimPlaying:false
06-20 02:03:55.371  1758  1758 D StatusBar: disable<e i a s b h r c s > disable2<q i n v >
06-20 02:03:55.371  1758  1758 D PanelView: expand, velocity:0, com.android.systemui.statusbar.phone.NotificationPanelView.expand:1988 com.android.systemui.statusbar.phone.NotificationPanelView.expand:1983 com.android.systemui.statusbar.phone.StatusBar.instantExpandNotificationsPanel:5161 
06-20 02:03:55.372  1758  1758 D PreventModeCtrl: onPanelExpandedChange expandtrue mPreventModeActive:false
06-20 02:03:55.372  1758  1758 D KeyguardViewBase: screen on, instance 91791b3
06-20 02:03:55.373  1758  1758 D StatusBarKeyguardViewManager: set navbar gone
06-20 02:03:55.373  1758  1758 D StatusBarKeyguardViewManager: updateStates, vis:0,Showing:true,LastShowing:false,Occluded:false,LastOccluded:false,BouncerShow:false,LastBouncerShow:false,BouncerDismiss:true,LastBouncerDismiss:true,navBarVisible:false,lastNavBarVisible:true,wakeAndUnlocking:false,mDozing:false,mLastFpMode:0,LastRemoteInputActive:false
06-20 02:03:55.373  1758  1758 D KeyguardUpdateMonitor: onKeyguardVisibilityChanged(true)
06-20 02:03:55.374  1758  1758 D FingerprintController: onKeyguardVisibilityChanged: true , false
06-20 02:03:55.374  1758  1758 D KeyguardViewMediator: not set backdrop alpha
06-20 02:03:55.374  1758  1758 D KeyguardUpdateMonitor: isFacelockAllowed, visible:true, inter:false, bouncer:false, done:false, switching:false, enabled:true, added:false, simpin:false, user:0, fp authenticated:false, on:false
06-20 02:03:55.374  1758  1758 D FingerprintDialogView: onKeyguardVisibilityChanged: true
06-20 02:03:55.374  1758  1758 D FingerprintDialogView: live wallpaper: true
06-20 02:03:55.374  1758  1758 D FingerprintDialogView: updateFpDaemonStatus: 5, showing = true, true
06-20 02:03:55.374  1758  1758 D FingerprintDialogView: don't enable HBM due to going to sleep
06-20 02:03:55.374  1758  2497 D FingerprintDialogView: set hide aod mode to 0
06-20 02:03:55.375 16588 16599 V FaceSettingService: checkState() - Acquiring semaphore [Start]
06-20 02:03:55.375 16588 16599 V FaceSettingService: checkState() - Acquiring semaphore [End]
06-20 02:03:55.375 16588 16599 V FaceSettingService: checkState() - [Start]
06-20 02:03:55.375   754   754 D         : OneplusDisplay::setMode is OK mode=11 enable= 0
06-20 02:03:55.375  1758  1758 D FingerprintDialogView: updateIconVisibility: fp client:forceShow-keyguard, forceHide:false, isBouncer:false, isImeShow:false, showOnWindow:true, goingToSleep:true, screenOn:false, isUnlockAllowed:true, interactive:true, keyguard:true, isDreaming:true, isOccluded:false, isFaceUnlocked:false, isSimPin:false, isQSExpanded:false, Camera:false, LeftAffordance:false, Prevent:false, isShowing:true, LockOut:false, recognizing:false, AodText:false, OffAuthenticating:false, visibility:0
06-20 02:03:55.375  1758  1758 V KeyguardStatusView: refresh statusview showing:true
06-20 02:03:55.375 16588 16599 V FaceSettingService: checkState() - Result : 2, [End]
06-20 02:03:55.376  1758  1758 D DozeLog : keyguard true
06-20 02:03:55.376  1758  1758 D KeyguardUpdateMonitor: shouldListen: visible= true, interactive= false, bouncer= false, goingToSleep= true, assist=false, occluded=false, dream=true, switchingUser= false, alreadyAuthenticated= false, away= false, disabled= false, camera= false, affordance= false, pocket= 0, lidOpen= true, imeShow= false, input= false, prevent:false, prevent Active:false, facelock type:0, isKeyguardDone:false, fakeLocking:false, screenOff:true, mScreenOn:false, allow:true, screenTurningOn:false, qsExpanded:false, shutingDown:false, isInBrickMode= false
06-20 02:03:55.376  1758  1758 D KeyguardUpdateMonitor: updateFPState: shouldListen = false, running = 0, lockout:false
06-20 02:03:55.376  1758  1758 D QSPanel : setListening: false->true
06-20 02:03:55.376  1758  1758 D QSPanel : refreshAllTiles
06-20 02:03:55.379  1758  1758 D StatusBar: disable<e i a s b h r c s > disable2<q i n v >
06-20 02:03:55.380  1758  1758 I KeyguardBouncer: hide / destroyView:false
06-20 02:03:55.380  1256  3462 I StatusBarManagerService: pkg = com.android.systemui, mDisabled1 = 1200000, mDisabled2 =0,what =18874368
06-20 02:03:55.381  1758  1758 D KeyguardViewBase: show()
06-20 02:03:55.383  1758  1758 V KeyguardSecurityView: showPrimarySecurityScreen(turningOff=false)
06-20 02:03:55.383  1758  1758 D KeyguardSecurityView: showSecurityScreen(PIN)
06-20 02:03:55.384  1758  1758 D StatusBarKeyguardViewManager: updateStates, vis:0,Showing:true,LastShowing:true,Occluded:false,LastOccluded:false,BouncerShow:false,LastBouncerShow:false,BouncerDismiss:true,LastBouncerDismiss:true,navBarVisible:false,lastNavBarVisible:false,wakeAndUnlocking:false,mDozing:false,mLastFpMode:0,LastRemoteInputActive:false
06-20 02:03:55.384  1758  1758 D StatusBarKeyguardViewManager: updateStates, vis:0,Showing:true,LastShowing:true,Occluded:false,LastOccluded:false,BouncerShow:false,LastBouncerShow:false,BouncerDismiss:true,LastBouncerDismiss:true,navBarVisible:false,lastNavBarVisible:false,wakeAndUnlocking:false,mDozing:false,mLastFpMode:0,LastRemoteInputActive:false
06-20 02:03:55.385  1758  1758 D KeyguardViewMediator: show keyguard
06-20 02:03:55.387  1758  1758 V KeyguardDisplayManager: show
06-20 02:03:55.387  1758  1758 D KeyguardViewMediator: finish handleshow
06-20 02:03:55.387  1758  1758 D DozeSensor.MotionCheck: onSensorChanged: proximity checking = false
06-20 02:03:55.387  1758  1758 D DozeSensor.MotionCheck: onSensorChanged: value = 0.0
06-20 02:03:55.387 15445 15445 D NotificationListener: onNotificationRankingUpdate# hash: 237859992 rankingMap: android.service.notification.NotificationListenerService$RankingMap@4ad3335
06-20 02:03:55.388  1758  1758 D OPTextClock: getTime = 02 03
06-20 02:03:55.426  1758  1758 D StatusBar: disable<e i a s b H!R!c s > disable2<q i n v >
06-20 02:03:55.427  1758  1758 W View    : requestLayout() improperly called by com.android.keyguard.CarrierText{68e5d9 V.ED..... ..S...ID 63,0-424,80 #7f0a01ef app:id/keyguard_carrier_text} during layout: running second layout pass
06-20 02:03:55.428  1758  1758 D StatusBarWindowManager: applyFocusableFlag: true, true, true, 81960040
06-20 02:03:55.428  1758  1758 I StatusBarWindowManager: applyExpandedFlag expanded:true isCameraLaunched:false
06-20 02:03:55.428  1758  1758 D StatusBarWindowManager: applyNotTouchable: false, isScrimPlaying:false
06-20 02:03:55.428  1758  1758 I StatusBar: updateScrimController isInLaunchTransition:false mBouncerShowing:false isKeyguardDone:false mVisible:true isSecure:true isLaunchDial:false
06-20 02:03:55.428  1758  1758 D PreventModeCtrl: onPanelExpandedChange expandtrue mPreventModeActive:false
06-20 02:03:55.428  1758  1758 D StatusBarKeyguardViewManager: updateStates, vis:0,Showing:true,LastShowing:true,Occluded:false,LastOccluded:false,BouncerShow:false,LastBouncerShow:false,BouncerDismiss:true,LastBouncerDismiss:true,navBarVisible:false,lastNavBarVisible:false,wakeAndUnlocking:false,mDozing:false,mLastFpMode:0,LastRemoteInputActive:false
06-20 02:03:55.430  1758  1758 D StatusBarWindowManager: applyFocusableFlag: true, true, true, 81960040
06-20 02:03:55.430  1758  1758 I StatusBarWindowManager: applyExpandedFlag expanded:true isCameraLaunched:false
06-20 02:03:55.430  1758  1758 D StatusBarWindowManager: applyNotTouchable: false, isScrimPlaying:false
06-20 02:03:55.462  1758  1758 D FingerprintDialogView: updateFPIndicationText: lockout:false, false, forceShow-keyguard, null, false
06-20 02:03:55.462  1758  1758 D FingerprintDialogView: updateFPIndicationText: PIN, 2131821414
06-20 02:03:55.462  1758  1758 V KeyguardStatusView: Schedule setEnableMarquee: Disable
06-20 02:03:55.462  1758  1758 V KeyguardStatusView: Disable transport text marquee
06-20 02:03:55.462  1758  1758 D DozeLog : screenOff why=2
06-20 02:03:55.463  1758  1758 D KeyguardUpdateMonitor: shouldListen: visible= true, interactive= false, bouncer= false, goingToSleep= false, assist=false, occluded=false, dream=true, switchingUser= false, alreadyAuthenticated= false, away= false, disabled= false, camera= false, affordance= false, pocket= 0, lidOpen= true, imeShow= false, input= false, prevent:false, prevent Active:false, facelock type:0, isKeyguardDone:false, fakeLocking:false, screenOff:true, mScreenOn:false, allow:true, screenTurningOn:false, qsExpanded:false, shutingDown:false, isInBrickMode= false
06-20 02:03:55.463  1758  1758 D KeyguardUpdateMonitor: updateFPState: shouldListen = false, running = 0, lockout:false
06-20 02:03:55.464  1758  1758 D KeyguardUpdateMonitor: shouldListen: visible= true, interactive= false, bouncer= false, goingToSleep= false, assist=false, occluded=false, dream=true, switchingUser= false, alreadyAuthenticated= false, away= false, disabled= false, camera= false, affordance= false, pocket= 0, lidOpen= true, imeShow= false, input= false, prevent:false, prevent Active:false, facelock type:0, isKeyguardDone:false, fakeLocking:false, screenOff:true, mScreenOn:false, allow:true, screenTurningOn:false, qsExpanded:false, shutingDown:false, isInBrickMode= false
06-20 02:03:55.464  1758  1758 D KeyguardUpdateMonitor: updateFPState: shouldListen = false, running = 0, lockout:false
06-20 02:03:55.464  1758  1758 D FingerprintDialogView: updateIconVisibility: fp client:forceShow-keyguard, forceHide:false, isBouncer:false, isImeShow:false, showOnWindow:true, goingToSleep:false, screenOn:false, isUnlockAllowed:true, interactive:false, keyguard:true, isDreaming:true, isOccluded:false, isFaceUnlocked:false, isSimPin:false, isQSExpanded:false, Camera:false, LeftAffordance:false, Prevent:false, isShowing:true, LockOut:false, recognizing:false, AodText:false, OffAuthenticating:false, visibility:0
06-20 02:03:55.465  1758  1758 D StatusBarWindowManager: applyFocusableFlag: true, true, true, 81960040
06-20 02:03:55.465  1758  1758 I StatusBarWindowManager: applyExpandedFlag expanded:true isCameraLaunched:false
06-20 02:03:55.465  1758  1758 D StatusBarWindowManager: applyNotTouchable: false, isScrimPlaying:false
06-20 02:03:55.465  1758  1758 D StatusBar: useDarkText:false, lockDarkText:false, useDarkTheme:false
06-20 02:03:55.465  1758  1758 D StatusBar: updateKeyguardState: false, false, show:true, occludefalse, state:1
06-20 02:03:55.466  1758  1758 D KeyguardAffordanceView: setCircleRadius: 0.0com.android.systemui.statusbar.KeyguardAffordanceView.setCircleRadiusWithoutAnimation:370 com.android.systemui.statusbar.phone.KeyguardAffordanceHelper.updateIcon:450 com.android.systemui.statusbar.phone.KeyguardAffordanceHelper.setTranslation:397 com.android.systemui.statusbar.phone.KeyguardAffordanceHelper.reset:512 com.android.systemui.statusbar.phone.NotificationPanelView.resetViews:677 com.android.systemui.statusbar.phone.StatusBar.updateKeyguardState:4940 com.android.systemui.statusbar.phone.StatusBar.showKeyguardImpl:4659 
06-20 02:03:55.473  1758  1758 D StatusBar: useDarkText:false, lockDarkText:false, useDarkTheme:false
06-20 02:03:55.477  1758  1758 I StatusBar: updateScrimController isInLaunchTransition:false mBouncerShowing:false isKeyguardDone:false mVisible:true isSecure:true isLaunchDial:false
06-20 02:03:55.477  1758  1758 I StatusBar: updateScrimController isInLaunchTransition:false mBouncerShowing:false isKeyguardDone:false mVisible:true isSecure:true isLaunchDial:false
06-20 02:03:55.477  1758  1758 D StatusBarWindowManager: applyFocusableFlag: true, true, true, 81960040
06-20 02:03:55.477  1758  1758 I StatusBarWindowManager: applyExpandedFlag expanded:true isCameraLaunched:false
06-20 02:03:55.478  1758  1758 D StatusBarWindowManager: applyNotTouchable: false, isScrimPlaying:false
06-20 02:03:55.478  1758  1758 D StatusBar: disable<e i a s b H R c s > disable2<q i n v >
06-20 02:03:55.478  1758  1758 D StatusBar: disable<e i a s b H R c s > disable2<q i n v >
06-20 02:03:55.478  1758  1758 D StatusBar: onInputShown, false, 0
06-20 02:03:55.478  1758  1758 I vol.Events: writeEvent dismiss_dialog screen_off
06-20 02:03:55.480  1758  1758 D KeyguardUpdateMonitor: handleKeyguardReset
06-20 02:03:55.481  1758  1758 D KeyguardUpdateMonitor: shouldListen: visible= true, interactive= false, bouncer= false, goingToSleep= false, assist=false, occluded=false, dream=true, switchingUser= false, alreadyAuthenticated= false, away= false, disabled= false, camera= false, affordance= false, pocket= 0, lidOpen= true, imeShow= false, input= false, prevent:false, prevent Active:false, facelock type:0, isKeyguardDone:false, fakeLocking:false, screenOff:true, mScreenOn:false, allow:true, screenTurningOn:false, qsExpanded:false, shutingDown:false, isInBrickMode= false
06-20 02:03:55.481  1758  1758 D KeyguardUpdateMonitor: updateFPState: shouldListen = false, running = 0, lockout:false
06-20 02:03:55.481  1758  1758 D KeyguardUpdateMonitor: isFacelockAllowed, visible:true, inter:false, bouncer:false, done:false, switching:false, enabled:true, added:false, simpin:false, user:0, fp authenticated:false, on:false
06-20 02:03:55.489  1758  1758 D KeyguardUpdateMonitor: shouldListen: visible= true, interactive= false, bouncer= false, goingToSleep= false, assist=false, occluded=false, dream=true, switchingUser= false, alreadyAuthenticated= false, away= false, disabled= false, camera= false, affordance= false, pocket= 0, lidOpen= true, imeShow= false, input= false, prevent:false, prevent Active:false, facelock type:0, isKeyguardDone:false, fakeLocking:false, screenOff:true, mScreenOn:false, allow:true, screenTurningOn:false, qsExpanded:false, shutingDown:false, isInBrickMode= false
06-20 02:03:55.489  1758  1758 D KeyguardUpdateMonitor: updateFPState: shouldListen = false, running = 0, lockout:false
06-20 02:03:55.489  1758  1758 D StatusBar: useDarkText:false, lockDarkText:false, useDarkTheme:false
06-20 02:03:55.490  1758  1758 D StatusBar: useDarkText:false, lockDarkText:false, useDarkTheme:false
06-20 02:03:55.528  1256  1256 D OneplusAppPreload: ScreenStateReceiver : android.intent.action.SCREEN_OFF
06-20 02:03:55.530  1940  1940 D DPMJ    : |SERVICE| DPM received action android.intent.action.SCREEN_OFF
06-20 02:03:55.526  7332  7332 W iptables-wrappe: type=1400 audit(0.0:46561): avc: denied { read write } for path="/dev/diag" dev="tmpfs" ino=20822 scontext=u:r:netutils_wrapper:s0 tcontext=u:object_r:diag_device:s0 tclass=chr_file permissive=0
06-20 02:03:55.548 15445 15445 D StateManager: gotoState# fromState=NORMAL, toState=NORMAL
06-20 02:03:55.552 15633 15633 I DeviceStatusMonitor: onReceive() : Action = android.intent.action.SCREEN_OFF
06-20 02:03:55.563 16716 16716 I OPBreathMode: BreathModeScreenMonitorService:ACTION_SCREEN_OFF
06-20 02:03:55.577  1256  1491 I PowerManagerService: Waking up from dozing (uid=1000 reason=android.policy:POWER)...
06-20 02:03:55.577   747   747 E sensors-hal: flush:190, invalid flush request, active=0, oneshot=0
06-20 02:03:55.577  1256  1491 D DisplayManagerService: setWakingupReason: android.policy:POWER
06-20 02:03:55.577   747   747 I sensors-hal: flush:194, oneplus.sensor.pocket/9
06-20 02:03:55.577   747   747 I sensors-hal: flush:288, pocket::flush
06-20 02:03:55.577   747   747 I sensors-hal: SpecialDeactivate:207, pocket::SpecialDeactivate
06-20 02:03:55.577   747   747 I sensors-hal: SpecialDeactivate:211, pocket::SpecialDeactivate 1
06-20 02:03:55.578  1256  1317 I DisplayPowerController: useProximityForceSuspend = false
06-20 02:03:55.578  1256  1317 I DisplayPowerController: screen is on!
06-20 02:03:55.578  1256  1317 I ColorBalanceService: MSG:1
06-20 02:03:55.578  1256  1626 D ColorBalanceService: MSG_SCREEN_ON
06-20 02:03:55.578  1256  1626 I ColorBalanceService: processScreenOn:true reason = 4
06-20 02:03:55.578  1256  1626 I ColorBalanceService: isKeyguard =  true
06-20 02:03:55.578  1256  1626 I ColorBalanceService: has_fingerprint = true
06-20 02:03:55.578  1256  1626 I OIMC    : notified , mode FingerPrintMode changeTo 1
06-20 02:03:55.578  1256  1317 I DisplayPowerController: Blocking screen on until initial contents have been drawn.
06-20 02:03:55.578  1256  1317 I WindowManager: Screen turning on...
06-20 02:03:55.578  1256  1626 D ColorBalanceService: Not power on by fingerprint, notify enter fingerprintmode
06-20 02:03:55.578  1256  1500 I ColorDisable: ColorDisable start... mCurrentActivated=0 mCBActivated=false mGCActiviated=false
06-20 02:03:55.579   793   856 I SurfaceFlinger: set white point factor 0.000000
06-20 02:03:55.580  1256  1626 I ColorBalanceService: resetStatus:3 mDisableStatus = 4
06-20 02:03:55.580  1256  1256 W UsageStatsService: Event reported without a package name
06-20 02:03:55.580  1256  1256 I WindowManager: Started waking up...
06-20 02:03:55.580  1256  1256 V KeyguardServiceDelegate: onStartedWakingUp()
06-20 02:03:55.581  1256  1317 V KeyguardServiceDelegate: onScreenTurnedOn(showListener = com.android.server.policy.PhoneWindowManager$3@2734726)
06-20 02:03:55.581  1758  1779 D KeyguardViewMediator: onStartedWakingUp, seq = 1106
06-20 02:03:55.581  1758  1758 D KeyguardViewMediator: handleNotifyWakingUp
06-20 02:03:55.581  1758  1758 D KeyguardViewMediator: not set backdrop alpha
06-20 02:03:55.581  1758  1758 D KeyguardViewMediator: reset panel alpha due to waking during authenticating
06-20 02:03:55.581  1256  1317 E SensorManager: unregisterListenerImpl callingApp: android.uid.system:1000,callingPid:1256,callingUid:1000
06-20 02:03:55.581  1256  1626 I ColorBalanceService: close matrix!
06-20 02:03:55.581  1256  1626 D ColorBalanceService: default mode node display P3,turn off!
06-20 02:03:55.581  1758  1779 D OPFacelockController: onPreStartedWakingUp, bound:true, pending:false, bouncerRec:true, fp:false, reason:android.policy:POWER
06-20 02:03:55.581  1256  1626 D SDService-JNI: nativeSetPanelMode mode = 16,enable =0
06-20 02:03:55.581  1758  1779 D KeyguardUpdateMonitor: isFacelockAllowed, visible:true, inter:true, bouncer:false, done:false, switching:false, enabled:true, added:false, simpin:false, user:0, fp authenticated:false, on:false
06-20 02:03:55.581   754   754 D         : OneplusDisplay::setMode is OK mode=16 enable= 0
06-20 02:03:55.581  1256  1626 D ColorBalanceService: Flexible screen srgb color mode,turn off!
06-20 02:03:55.581  1256  1626 D SDService-JNI: nativeSetPanelMode mode = 18,enable =0
06-20 02:03:55.581   754   754 D         : OneplusDisplay::setMode is OK mode=18 enable= 0
06-20 02:03:55.582  1256  1626 D ColorBalanceService: NativeCustomP3 Effect color mode,turn off!
06-20 02:03:55.582  1256  1626 D SDService-JNI: nativeSetPanelMode mode = 21,enable =0
06-20 02:03:55.582   754   754 D         : OneplusDisplay::setMode is OK mode=21 enable= 0
06-20 02:03:55.582  1256  1626 D ColorBalanceService: NativeCustomSRGB Effect color mode,turn off!
06-20 02:03:55.582  1256  1626 D SDService-JNI: nativeSetPanelMode mode = 20,enable =0
06-20 02:03:55.582   754   754 D         : OneplusDisplay::setMode is OK mode=20 enable= 0
06-20 02:03:55.582  1256  1626 D ColorBalanceService: wide color mode for ntsc,turn on!
06-20 02:03:55.582  1256  1626 D SDService-JNI: nativeSetPanelMode mode = 17,enable =1
06-20 02:03:55.582   754   754 D         : OneplusDisplay::setMode is OK mode=17 enable= 1
06-20 02:03:55.582  1256  1626 D ColorBalanceService: opSetActiveModesId: mode = 14
06-20 02:03:55.582   747   747 I sensors-hal: flush:200, oneplus.sensor.pocket/9 completed
06-20 02:03:55.584  1256  1317 I SensorService: cleanupWithoutDisableLocked mActiveConnections.remove
06-20 02:03:55.584  1256  1317 D SensorService: recordConnection in disable
06-20 02:03:55.584   747   747 I sensors-hal: notify_event_to_sensor:424, notify event to pocket : 200000000
06-20 02:03:55.584   747   747 I sensors-hal: batch:147, type : oneplus.sensor.pocket, would not batch and return directly
06-20 02:03:55.584  1256  1317 I SensorService: SensorEventConnection destruct, mPackageName : com.android.server.policy.DeviceKeyHandler
06-20 02:03:55.584  1256  1317 I SensorService: cleanupConnection mActiveConnections.remove
06-20 02:03:55.584  1256  1317 D RestartProcessManager: Screen off is false
06-20 02:03:55.585   740   802 I SDM     : HWCDisplay::SetPreferredColorModeInternal: Applying mode: nativemode
06-20 02:03:55.586  1758  1779 D KeyguardViewMediator: onScreenTurningOn
06-20 02:03:55.587  1256  1317 E SensorManager: registerListenerImpl sensorName:OnePlus Fusion Light Sensor,isWakeUpSensor:false,callingApp: android.uid.system:1000,callingPid:1256,callingUid:1000
06-20 02:03:55.587  1256  1317 I SensorService: SensorEventConnection construct, mPackageName : com.android.server.display.AutomaticBrightnessController
06-20 02:03:55.587  1256  1626 D ColorBalanceService: Native Loading Effect color mode,turn on!
06-20 02:03:55.587  1256  1626 D SDService-JNI: nativeSetPanelMode mode = 19,enable =1
06-20 02:03:55.587   754   754 D         : OneplusDisplay::setMode is OK mode=19 enable= 1
06-20 02:03:55.588   793   856 I SurfaceFlinger: set white point factor 0.000000
06-20 02:03:55.588  1758  1758 D KeyguardUpdateMonitor: shouldListen: visible= true, interactive= true, bouncer= false, goingToSleep= false, assist=false, occluded=false, dream=true, switchingUser= false, alreadyAuthenticated= false, away= false, disabled= false, camera= false, affordance= false, pocket= 0, lidOpen= true, imeShow= false, input= false, prevent:false, prevent Active:false, facelock type:0, isKeyguardDone:false, fakeLocking:false, screenOff:false, mScreenOn:false, allow:true, screenTurningOn:false, qsExpanded:false, shutingDown:false, isInBrickMode= false
06-20 02:03:55.588   747   747 I sensors-hal: batch:165, qti.sensor.hardware_light/26, period=250000000, max_latency=0
06-20 02:03:55.588   747   747 I sensors-hal: batch:174, qti.sensor.hardware_light/26, period=250000000, max_latency=0 request completed
06-20 02:03:55.588  1256  1317 D SensorService: recordConnection in enable
06-20 02:03:55.588  1256  1317 D SensorService: FusionLight, start recordConnection
06-20 02:03:55.588  1758  1758 D KeyguardUpdateMonitor: updateFPState: shouldListen = true, running = 0, lockout:false
06-20 02:03:55.589  1758  1758 V KeyguardUpdateMonitor: startListeningForFingerprint , enabled=true, id=0
06-20 02:03:55.591  1758  1758 D KeyguardUpdateMonitor: change fp running state to 1
06-20 02:03:55.592  1256  1256 D FingerprintService: hasEnrolledFingerprints: 0, 4
06-20 02:03:55.592  1758  1758 D OPFacelockController: onStartedWakingUp, bound:true, lockout:false, bouncerRec:true, fp:false, reason:android.policy:POWER, notice:true
06-20 02:03:55.592  1758  1758 D KeyguardUpdateMonitor: isFacelockAllowed, visible:true, inter:true, bouncer:false, done:false, switching:false, enabled:true, added:false, simpin:false, user:0, fp authenticated:false, on:false
06-20 02:03:55.592  1758  1758 D FingerprintDialogView: onStartedWakingUp, owner:forceShow-keyguard, isShow:true
06-20 02:03:55.592  1002  1125 V android.hardware.biometrics.fingerprint@2.1-service: getAuthenticatorId
06-20 02:03:55.592  1758  1758 D FingerprintDialogView: updateIconVisibility: fp client:forceShow-keyguard, forceHide:false, isBouncer:false, isImeShow:false, showOnWindow:true, goingToSleep:false, screenOn:false, isUnlockAllowed:true, interactive:true, keyguard:true, isDreaming:true, isOccluded:false, isFaceUnlocked:false, isSimPin:false, isQSExpanded:false, Camera:false, LeftAffordance:false, Prevent:false, isShowing:true, LockOut:false, recognizing:false, AodText:false, OffAuthenticating:false, visibility:0
06-20 02:03:55.592  1758  1758 D FingerprintDialogView: set aod mode: 0, current : 0
06-20 02:03:55.592  1758  1758 D FingerprintDialogView: updateFpDaemonStatus: 5, showing = true, true
06-20 02:03:55.592  1002  1125 D [GF_HAL][CaEntry]: [sendCommand] request token: 9394, target: 1000, cmd id: 5
06-20 02:03:55.592  1758  1758 D FingerprintDialogView: updateDimViewVisibility: show = true, isScreenOn = false
06-20 02:03:55.593  1758  2497 D FingerprintDialogView: set dim mode to 1
06-20 02:03:55.593  1758  1758 D FingerprintAnimationCtrl:  updateanimationRes to 0
06-20 02:03:55.593  1758  1758 V KeyguardStatusView: Schedule setEnableMarquee: Enable
06-20 02:03:55.593  1256  1317 D SensorService: devinfo exist! 18857
06-20 02:03:55.593  1758  1758 D DozeLog : screenOn pulsing=false
06-20 02:03:55.593  1758  1758 I ClockCtrl: startUpdate: ScreenON, true
06-20 02:03:55.593   754   754 D         : OneplusDisplay::setMode is OK mode=10 enable= 1
06-20 02:03:55.593  1758  1758 I KeyguardUpdateMonitor: onTimeChanged
06-20 02:03:55.593  1758  2015 I ClockCtrl:  schedule next: 4407
06-20 02:03:55.593  1758  1758 D DozeLog : dozing false
06-20 02:03:55.593  1758  1758 D AodWindowManager: handleStopDozing: mIsWakeAndUnlock = false, hasLockWallpaper = true
06-20 02:03:55.594  1758  1758 D StatusBarWindowManager: applyFocusableFlag: true, true, true, 81960040
06-20 02:03:55.594  1758  1758 I StatusBarWindowManager: applyExpandedFlag expanded:true isCameraLaunched:false
06-20 02:03:55.594  1758  1758 D StatusBarWindowManager: applyNotTouchable: false, isScrimPlaying:false
06-20 02:03:55.595  1758  1758 D StatusBar: useDarkText:false, lockDarkText:false, useDarkTheme:false
06-20 02:03:55.595  1758  1758 D StatusBar: updateKeyguardState: false, false, show:true, occludefalse, state:1
